05-31 23:17:39.524  7921  7921 I AndroidIME: AbstractIme.onActivate():86 LatinIme.onActivate() : EditorInfo = inputType=Text imeActionName=SEARCH dump=[inputType=0x90001 imeOptions=0x8000003 privateImeOptions=null actionLabel=null actionId=0 initialSelStart=0 initialSelEnd=0 initialCapsMode=0x0 hintText=    label=null packageName=com.example.cse110lab5 autofillId=1073741824 fieldId=16909412 fieldName=null extras=null hintLocales=null contentMimeTypes=null ], IncognitoMode = false, DeviceLocked = false
05-31 23:17:39.525  7921  7921 I DeviceUnlockedTag: DeviceUnlockedTag.notifyDeviceLockStatusChanged():79 Notify device unlocked.
05-31 23:17:39.525  7921  7921 I DeviceUnlockedTag: DeviceUnlockedTag.notifyDeviceLockStatusChanged():79 Notify device unlocked.
05-31 23:17:39.526  7921  7921 I Delight5Facilitator: Delight5Facilitator.initializeForIme():769 initializeForIme() : Locale = [en_US], layout = qwerty
05-31 23:17:39.526  7921  7921 I Delight5Facilitator: Delight5Facilitator.resetDecoder():925 resetDecoder() : Locale = [en_US]
05-31 23:17:39.527  7921  7921 E UserFeatureCache: UserFeatureCache.getStore():468 Wrong feature id provided PERSONALIZED_FST_MODEL_PARAMS for protobuf lab.
05-31 23:17:39.527  7921  7921 E InputContextLock: InputContextLock.mayLockAndRun():126 Failed to run
05-31 23:17:39.527  7921  7921 E InputContextLock: java.lang.NullPointerException: Attempt to invoke virtual method 'java.lang.Class java.lang.Object.getClass()' on a null object reference
05-31 23:17:39.527  7921  7921 E InputContextLock: 	at com.google.android.libraries.inputmethod.userfeaturecache.UserFeatureCache.c(PG:8)
05-31 23:17:39.527  7921  7921 E InputContextLock: 	at com.google.android.apps.inputmethod.libs.delight5.Delight5Facilitator.K(PG:131)
05-31 23:17:39.527  7921  7921 E InputContextLock: 	at cng.call(Unknown Source:4)
05-31 23:17:39.527  7921  7921 E InputContextLock: 	at con.a(PG:8)
05-31 23:17:39.527  7921  7921 E InputContextLock: 	at com.google.android.apps.inputmethod.libs.delight5.Delight5Facilitator.G(PG:37)
05-31 23:17:39.527  7921  7921 E InputContextLock: 	at com.google.android.apps.inputmethod.libs.latin5.LatinIme.h(PG:17)
05-31 23:17:39.527  7921  7921 E InputContextLock: 	at jlx.g(PG:6)
05-31 23:17:39.527  7921  7921 E InputContextLock: 	at jlx.m(PG:2)
05-31 23:17:39.527  7921  7921 E InputContextLock: 	at dww.u(PG:18)
05-31 23:17:39.527  7921  7921 E InputContextLock: 	at com.android.inputmethod.latin.LatinIME.u(PG:104)
05-31 23:17:39.527  7921  7921 E InputContextLock: 	at dww.onStartInputView(PG:29)
05-31 23:17:39.527  7921  7921 E InputContextLock: 	at android.inputmethodservice.InputMethodService.startViews(InputMethodService.java:2291)
05-31 23:17:39.527  7921  7921 E InputContextLock: 	at android.inputmethodservice.InputMethodService.showWindow(InputMethodService.java:2237)
05-31 23:17:39.527  7921  7921 E InputContextLock: 	at android.inputmethodservice.InputMethodService$InputMethodImpl.showSoftInput(InputMethodService.java:808)
05-31 23:17:39.527  7921  7921 E InputContextLock: 	at android.inputmethodservice.InputMethodService$InputMethodImpl.showSoftInputWithToken(InputMethodService.java:782)
05-31 23:17:39.527  7921  7921 E InputContextLock: 	at android.inputmethodservice.IInputMethodWrapper.executeMessage(IInputMethodWrapper.java:225)
05-31 23:17:39.527  7921  7921 E InputContextLock: 	at com.android.internal.os.HandlerCaller$MyHandler.handleMessage(HandlerCaller.java:44)
05-31 23:17:39.527  7921  7921 E InputContextLock: 	at android.os.Handler.dispatchMessage(Handler.java:106)
05-31 23:17:39.527  7921  7921 E InputContextLock: 	at android.os.Looper.loopOnce(Looper.java:201)
05-31 23:17:39.527  7921  7921 E InputContextLock: 	at android.os.Looper.loop(Looper.java:288)
05-31 23:17:39.527  7921  7921 E InputContextLock: 	at android.app.ActivityThread.main(ActivityThread.java:7842)
05-31 23:17:39.527  7921  7921 E InputContextLock: 	at java.lang.reflect.Method.invoke(Native Method)
05-31 23:17:39.527  7921  7921 E InputContextLock: 	at com.android.internal.os.RuntimeInit$MethodAndArgsCaller.run(RuntimeInit.java:548)
05-31 23:17:39.527  7921  7921 E InputContextLock: 	at com.android.internal.os.ZygoteInit.main(ZygoteInit.java:1003)
05-31 23:17:39.527  7921  7921 I VoiceInputManagerWrapper: VoiceInputManagerWrapper.cancelShutdown():55 cancelShutdown()
05-31 23:17:39.527  7921  7921 I VoiceInputManagerWrapper: VoiceInputManagerWrapper.syncLanguagePacks():67 syncLanguagePacks()
05-31 23:17:39.528  7921  8642 I SpeechFactory: SpeechRecognitionFactory.maybeScheduleAutoPackDownloadForFallback():184 maybeScheduleAutoPackDownloadForFallback()
05-31 23:17:39.528  7921  7921 I LatinIme: LatinIme.updateEnableInlineSuggestionsOnDecoderSideFlags():1264 inline flag updated to:false
05-31 23:17:39.528  7921  8642 I FallbackOnDeviceRecognitionProvider: FallbackOnDeviceRecognitionProvider.maybeScheduleAutoPackDownload():196 maybeScheduleAutoPackDownload() for language tag en-US
05-31 23:17:39.528  7921  7921 W Delight5Decoder: Decoder.setRuntimeParams():372 setRuntimeParams() : Native lib is not ready.
05-31 23:17:39.530  7921  7921 I KeyboardWrapper: KeyboardWrapper.consumeEvent():284 Skip consuming an event as current keyboard is deactivated (state=0, keyboard existence=true)
05-31 23:17:39.531  7921  7921 I DeviceUnlockedTag: DeviceUnlockedTag.notifyDeviceLockStatusChanged():79 Notify device unlocked.
05-31 23:17:39.532  7921  7921 I DeviceUnlockedTag: DeviceUnlockedTag.notifyDeviceLockStatusChanged():79 Notify device unlocked.
05-31 23:17:39.533  7921  7921 I DeviceUnlockedTag: DeviceUnlockedTag.notifyDeviceLockStatusChanged():79 Notify device unlocked.
05-31 23:17:39.533  7921  7921 I DeviceUnlockedTag: DeviceUnlockedTag.notifyDeviceLockStatusChanged():79 Notify device unlocked.
05-31 23:17:39.533  7921  7921 I DeviceUnlockedTag: DeviceUnlockedTag.notifyDeviceLockStatusChanged():79 Notify device unlocked.
05-31 23:17:39.534  7921  7921 I DeviceUnlockedTag: DeviceUnlockedTag.notifyDeviceLockStatusChanged():79 Notify device unlocked.
05-31 23:17:39.534  7921  7921 I DeviceUnlockedTag: DeviceUnlockedTag.notifyDeviceLockStatusChanged():79 Notify device unlocked.
05-31 23:17:39.535  7921  7921 I KeyboardViewUtil: KeyboardViewUtil.calculateMaxKeyboardBodyHeight():53 leave 344 height for app when screen height:2148, header height:121 and isFullscreenMode:false, so the max keyboard body height is:1683
05-31 23:17:39.535  7921  7921 I DeviceUnlockedTag: DeviceUnlockedTag.notifyDeviceLockStatusChanged():79 Notify device unlocked.
05-31 23:17:39.535  7921  7921 I DeviceUnlockedTag: DeviceUnlockedTag.notifyDeviceLockStatusChanged():79 Notify device unlocked.
05-31 23:17:39.536  7921  7921 I DeviceUnlockedTag: DeviceUnlockedTag.notifyDeviceLockStatusChanged():79 Notify device unlocked.
05-31 23:17:39.536  7921  7921 I DeviceUnlockedTag: DeviceUnlockedTag.notifyDeviceLockStatusChanged():79 Notify device unlocked.
05-31 23:17:39.536  7921  7921 I DeviceModeUtil: DeviceModeUtil.getDeviceMode():96 Get device mode phone by ui mode:1 and smallestScreenWidthDp:392
05-31 23:17:39.537  7921  7921 I DeviceUnlockedTag: DeviceUnlockedTag.notifyDeviceLockStatusChanged():79 Notify device unlocked.
05-31 23:17:39.537  7921  7921 I NormalModeController: NormalModeController.getKeyboardBodyViewHolderPaddingBottom():111 currentPrimeKeyboardType:SOFT systemPaddingBottom:-1
05-31 23:17:39.538  7921  7921 I KeyboardViewUtil: KeyboardViewUtil.calculateMaxKeyboardBodyHeight():53 leave 344 height for app when screen height:2148, header height:121 and isFullscreenMode:false, so the max keyboard body height is:1683
05-31 23:17:39.538  7921  7921 E LatinPrimeKeyboard: LatinPrimeKeyboard.updateCurrentImeLocales():414 consumeEvent: UPDATE_CURRENT_IME_LOCALES, Illegal argument
05-31 23:17:39.538  7921  7921 I NormalModeController: NormalModeController.getKeyboardBodyViewHolderPaddingBottom():111 currentPrimeKeyboardType:SOFT systemPaddingBottom:-1
05-31 23:17:39.538  7921  7921 I NormalModeController: NormalModeController.getKeyboardBodyViewHolderPaddingBottom():111 currentPrimeKeyboardType:SOFT systemPaddingBottom:-1
05-31 23:17:39.540  7921  7921 I DeviceUnlockedTag: DeviceUnlockedTag.notifyDeviceLockStatusChanged():79 Notify device unlocked.
05-31 23:17:39.541  7921  7921 I VoiceImeExtension: VoiceImeExtension.shouldStartVoiceInputAutomatically():364 No private IME option set to start voice input.
05-31 23:17:39.543 27803 27803 D InsetsController: show(ime(), fromIme=true)
05-31 23:17:39.548  7921  8064 D EGL_emulation: app_time_stats: avg=428.12ms min=23.16ms max=1022.89ms count=3
05-31 23:17:39.548  9955  9955 D BoundBrokerSvc: onBind: Intent { act=com.google.android.gms.common.BIND_SHARED_PREFS pkg=com.google.android.gms }
05-31 23:17:39.548  9955  9955 D BoundBrokerSvc: Loading bound service for intent: Intent { act=com.google.android.gms.common.BIND_SHARED_PREFS pkg=com.google.android.gms }
05-31 23:17:39.550  9955  9955 D BoundBrokerSvc: onUnbind: Intent { act=com.google.android.gms.common.BIND_SHARED_PREFS pkg=com.google.android.gms }
05-31 23:17:39.551  9955  9955 D BoundBrokerSvc: onBind: Intent { act=com.google.android.gms.common.BIND_SHARED_PREFS pkg=com.google.android.gms }
05-31 23:17:39.551  9955  9955 D BoundBrokerSvc: Loading bound service for intent: Intent { act=com.google.android.gms.common.BIND_SHARED_PREFS pkg=com.google.android.gms }
05-31 23:17:39.552  9955  9955 D BoundBrokerSvc: onUnbind: Intent { act=com.google.android.gms.common.BIND_SHARED_PREFS pkg=com.google.android.gms }
05-31 23:17:39.589 27803 27827 D EGL_emulation: app_time_stats: avg=17.14ms min=14.21ms max=32.30ms count=59
05-31 23:17:39.629   373   373 E android.hardware.audio@7.0-impl.ranchu: device/generic/goldfish/audio/stream_out.cpp:updateSourceMetadata:377 failure: Result::NOT_SUPPORTED
05-31 23:17:39.732  7921  7921 W SpellCheckerExtension: SpellCheckerExtension.consumeEvent():156 SPELL_CHECK_SUGGESTIONS received with bad key data.
05-31 23:17:39.732  7921  7921 W TooltipLifecycleManager: TooltipLifecycleManager.dismissTooltips():157 Tooltip with id spell_check_add_to_dictionary not found in tooltipManager.
05-31 23:17:39.770 27803 27803 I ViewInteraction: Performing 'replace text(gorilla)' action on view (view.getClass().getName() matches: is "android.widget.SearchView$SearchAutoComplete" and Child at position 0 in parent (view.getClass().getName() matches: is "android.widget.LinearLayout" and Child at position 1 in parent view.getClass().getName() matches: is "android.widget.LinearLayout") and (view has effective visibility <VISIBLE> and view.getGlobalVisibleRect() to return non-empty rectangle))
05-31 23:17:39.774  7921  7921 I GoogleInputMethodService: GoogleInputMethodService.onStartInput():1947
05-31 23:17:39.775  7921  7921 I DeviceUnlockedTag: DeviceUnlockedTag.notifyDeviceLockStatusChanged():79 Notify device unlocked.
05-31 23:17:39.775  7921  7921 W SessionManager: SessionManager.beginSession():53 Try to begin an already begun session [INPUT_SESSION], end it first
05-31 23:17:39.775  7921  7921 W SessionManager: SessionManager.endSession():96 Child session [INPUT_VIEW_SESSION] is not ended while ending session [{IME_SESSION=1654064259523, INPUT_VIEW_SESSION=1654064259507, INPUT_SESSION=1654064259505, TRAINING_CACHE_SESSION=1654064259525}], ending it now.
05-31 23:17:39.775  7921  7921 W SessionManager: SessionManager.endSession():96 Child session [IME_SESSION] is not ended while ending session [{IME_SESSION=1654064259523, INPUT_VIEW_SESSION=1654064259507, INPUT_SESSION=1654064259505, TRAINING_CACHE_SESSION=1654064259525}], ending it now.
05-31 23:17:39.776  7921  7921 I GoogleInputMethodService: GoogleInputMethodService.onStartInputView():2057
05-31 23:17:39.776  7921  7921 I DeviceUnlockedTag: DeviceUnlockedTag.notifyDeviceLockStatusChanged():79 Notify device unlocked.
05-31 23:17:39.777  7921  7921 I DeviceUnlockedTag: DeviceUnlockedTag.notifyDeviceLockStatusChanged():79 Notify device unlocked.
05-31 23:17:39.790 27803 27803 I ViewInteraction: Performing 'close keyboard' action on view (view.getClass().getName() matches: is "android.widget.SearchView$SearchAutoComplete" and Child at position 0 in parent (view.getClass().getName() matches: is "android.widget.LinearLayout" and Child at position 1 in parent view.getClass().getName() matches: is "android.widget.LinearLayout") and (view has effective visibility <VISIBLE> and view.getGlobalVisibleRect() to return non-empty rectangle))
05-31 23:17:39.791 27803 27803 D IdlingRegistry: Registering idling resources: [androidx.test.espresso.action.CloseKeyboardAction$CloseKeyboardIdlingResult@5fddcbc]
05-31 23:17:39.794  7921  7921 I KeyboardViewUtil: KeyboardViewUtil.getKeyboardHeightRatio():168 systemKeyboardHeightRatio:1.000000; userKeyboardHeightRatio:1.000000.
05-31 23:17:39.794  7921  7921 W SpellCheckerExtension: SpellCheckerExtension.consumeEvent():156 SPELL_CHECK_SUGGESTIONS received with bad key data.
05-31 23:17:39.794  7921  7921 W TooltipLifecycleManager: TooltipLifecycleManager.dismissTooltips():157 Tooltip with id spell_check_add_to_dictionary not found in tooltipManager.
05-31 23:17:39.795  7921  7921 I KeyboardWrapper: KeyboardWrapper.consumeEvent():284 Skip consuming an event as current keyboard is deactivated (state=0, keyboard existence=true)
05-31 23:17:39.795  7921  7921 I VoiceInputManagerWrapper: VoiceInputManagerWrapper.shutdown():77 shutdown()
05-31 23:17:39.796  7921  7921 I DeviceUnlockedTag: DeviceUnlockedTag.notifyDeviceLockStatusChanged():79 Notify device unlocked.
05-31 23:17:39.796  7921  7921 I AndroidIME: AbstractIme.onDeactivate():207 LatinIme.onDeactivate()
05-31 23:17:39.796  7921  7921 W SessionManager: SessionManager.endSession():88 Try to end a not begun session [IME_SESSION].
05-31 23:17:39.797  7921  7921 I DeviceUnlockedTag: DeviceUnlockedTag.notifyDeviceLockStatusChanged():79 Notify device unlocked.
05-31 23:17:39.797  7921  7921 I AndroidIME: AbstractIme.onActivate():86 LatinIme.onActivate() : EditorInfo = inputType=Text imeActionName=SEARCH dump=[inputType=0x90001 imeOptions=0x8000003 privateImeOptions=null actionLabel=null actionId=0 initialSelStart=0 initialSelEnd=0 initialCapsMode=0x0 hintText=    label=null packageName=com.example.cse110lab5 autofillId=1073741824 fieldId=16909412 fieldName=null extras=null hintLocales=null contentMimeTypes=null ], IncognitoMode = false, DeviceLocked = false
05-31 23:17:39.798  7921  7921 I DeviceUnlockedTag: DeviceUnlockedTag.notifyDeviceLockStatusChanged():79 Notify device unlocked.
05-31 23:17:39.798  7921  7921 I DeviceUnlockedTag: DeviceUnlockedTag.notifyDeviceLockStatusChanged():79 Notify device unlocked.
05-31 23:17:39.798  7921  7921 I Delight5Facilitator: Delight5Facilitator.initializeForIme():769 initializeForIme() : Locale = [en_US], layout = qwerty
05-31 23:17:39.798  7921  7921 I Delight5Facilitator: Delight5Facilitator.resetDecoder():925 resetDecoder() : Locale = [en_US]
05-31 23:17:39.799  7921  7921 E UserFeatureCache: UserFeatureCache.getStore():468 Wrong feature id provided PERSONALIZED_FST_MODEL_PARAMS for protobuf lab.
05-31 23:17:39.799  7921  7921 E InputContextLock: InputContextLock.mayLockAndRun():126 Failed to run
05-31 23:17:39.799  7921  7921 E InputContextLock: java.lang.NullPointerException: Attempt to invoke virtual method 'java.lang.Class java.lang.Object.getClass()' on a null object reference
05-31 23:17:39.799  7921  7921 E InputContextLock: 	at com.google.android.libraries.inputmethod.userfeaturecache.UserFeatureCache.c(PG:8)
05-31 23:17:39.799  7921  7921 E InputContextLock: 	at com.google.android.apps.inputmethod.libs.delight5.Delight5Facilitator.K(PG:131)
05-31 23:17:39.799  7921  7921 E InputContextLock: 	at cng.call(Unknown Source:4)
05-31 23:17:39.799  7921  7921 E InputContextLock: 	at con.a(PG:8)
05-31 23:17:39.799  7921  7921 E InputContextLock: 	at com.google.android.apps.inputmethod.libs.delight5.Delight5Facilitator.G(PG:37)
05-31 23:17:39.799  7921  7921 E InputContextLock: 	at com.google.android.apps.inputmethod.libs.latin5.LatinIme.h(PG:17)
05-31 23:17:39.799  7921  7921 E InputContextLock: 	at jlx.g(PG:6)
05-31 23:17:39.799  7921  7921 E InputContextLock: 	at jlx.m(PG:2)
05-31 23:17:39.799  7921  7921 E InputContextLock: 	at dww.u(PG:18)
05-31 23:17:39.799  7921  7921 E InputContextLock: 	at com.android.inputmethod.latin.LatinIME.u(PG:104)
05-31 23:17:39.799  7921  7921 E InputContextLock: 	at dww.onStartInputView(PG:29)
05-31 23:17:39.799  7921  7921 E InputContextLock: 	at android.inputmethodservice.InputMethodService.doStartInput(InputMethodService.java:2443)
05-31 23:17:39.799  7921  7921 E InputContextLock: 	at android.inputmethodservice.InputMethodService$InputMethodImpl.restartInput(InputMethodService.java:701)
05-31 23:17:39.799  7921  7921 E InputContextLock: 	at android.inputmethodservice.InputMethodService$InputMethodImpl.dispatchStartInputWithToken(InputMethodService.java:717)
05-31 23:17:39.799  7921  7921 E InputContextLock: 	at android.inputmethodservice.IInputMethodWrapper.executeMessage(IInputMethodWrapper.java:199)
05-31 23:17:39.799  7921  7921 E InputContextLock: 	at com.android.internal.os.HandlerCaller$MyHandler.handleMessage(HandlerCaller.java:44)
05-31 23:17:39.799  7921  7921 E InputContextLock: 	at android.os.Handler.dispatchMessage(Handler.java:106)
05-31 23:17:39.799  7921  7921 E InputContextLock: 	at android.os.Looper.loopOnce(Looper.java:201)
05-31 23:17:39.799  7921  7921 E InputContextLock: 	at android.os.Looper.loop(Looper.java:288)
05-31 23:17:39.799  7921  7921 E InputContextLock: 	at android.app.ActivityThread.main(ActivityThread.java:7842)
05-31 23:17:39.799  7921  7921 E InputContextLock: 	at java.lang.reflect.Method.invoke(Native Method)
05-31 23:17:39.799  7921  7921 E InputContextLock: 	at com.android.internal.os.RuntimeInit$MethodAndArgsCaller.run(RuntimeInit.java:548)
05-31 23:17:39.799  7921  7921 E InputContextLock: 	at com.android.internal.os.ZygoteInit.main(ZygoteInit.java:1003)
05-31 23:17:39.799  7921  7921 I VoiceInputManagerWrapper: VoiceInputManagerWrapper.cancelShutdown():55 cancelShutdown()
05-31 23:17:39.799  7921  7921 I VoiceInputManagerWrapper: VoiceInputManagerWrapper.syncLanguagePacks():67 syncLanguagePacks()
05-31 23:17:39.799  7921  8642 I SpeechFactory: SpeechRecognitionFactory.maybeScheduleAutoPackDownloadForFallback():184 maybeScheduleAutoPackDownloadForFallback()
05-31 23:17:39.799  7921  8642 I FallbackOnDeviceRecognitionProvider: FallbackOnDeviceRecognitionProvider.maybeScheduleAutoPackDownload():196 maybeScheduleAutoPackDownload() for language tag en-US
05-31 23:17:39.800  7921  7921 I LatinIme: LatinIme.updateEnableInlineSuggestionsOnDecoderSideFlags():1264 inline flag updated to:false
05-31 23:17:39.800  7921  7921 W Delight5Decoder: Decoder.setRuntimeParams():372 setRuntimeParams() : Native lib is not ready.
05-31 23:17:39.801  7921  7921 I KeyboardWrapper: KeyboardWrapper.consumeEvent():284 Skip consuming an event as current keyboard is deactivated (state=0, keyboard existence=true)
05-31 23:17:39.802  7921  7921 I DeviceUnlockedTag: DeviceUnlockedTag.notifyDeviceLockStatusChanged():79 Notify device unlocked.
05-31 23:17:39.803  7921  7921 I DeviceUnlockedTag: DeviceUnlockedTag.notifyDeviceLockStatusChanged():79 Notify device unlocked.
05-31 23:17:39.808  7921  7921 I DeviceUnlockedTag: DeviceUnlockedTag.notifyDeviceLockStatusChanged():79 Notify device unlocked.
05-31 23:17:39.809  7921  7921 I DeviceUnlockedTag: DeviceUnlockedTag.notifyDeviceLockStatusChanged():79 Notify device unlocked.
05-31 23:17:39.809  7921  7921 I DeviceUnlockedTag: DeviceUnlockedTag.notifyDeviceLockStatusChanged():79 Notify device unlocked.
05-31 23:17:39.809  7921  7921 I DeviceUnlockedTag: DeviceUnlockedTag.notifyDeviceLockStatusChanged():79 Notify device unlocked.
05-31 23:17:39.810  7921  7921 I DeviceUnlockedTag: DeviceUnlockedTag.notifyDeviceLockStatusChanged():79 Notify device unlocked.
05-31 23:17:39.810  7921  7921 I KeyboardViewUtil: KeyboardViewUtil.calculateMaxKeyboardBodyHeight():53 leave 344 height for app when screen height:2148, header height:121 and isFullscreenMode:false, so the max keyboard body height is:1683
05-31 23:17:39.811  7921  7921 I DeviceUnlockedTag: DeviceUnlockedTag.notifyDeviceLockStatusChanged():79 Notify device unlocked.
05-31 23:17:39.811  7921  7921 I DeviceUnlockedTag: DeviceUnlockedTag.notifyDeviceLockStatusChanged():79 Notify device unlocked.
05-31 23:17:39.812  7921  7921 I DeviceUnlockedTag: DeviceUnlockedTag.notifyDeviceLockStatusChanged():79 Notify device unlocked.
05-31 23:17:39.812  7921  7921 I DeviceUnlockedTag: DeviceUnlockedTag.notifyDeviceLockStatusChanged():79 Notify device unlocked.
05-31 23:17:39.812  7921  7921 I DeviceModeUtil: DeviceModeUtil.getDeviceMode():96 Get device mode phone by ui mode:1 and smallestScreenWidthDp:392
05-31 23:17:39.813  7921  7921 I DeviceUnlockedTag: DeviceUnlockedTag.notifyDeviceLockStatusChanged():79 Notify device unlocked.
05-31 23:17:39.814  7921  7921 I NormalModeController: NormalModeController.getKeyboardBodyViewHolderPaddingBottom():111 currentPrimeKeyboardType:SOFT systemPaddingBottom:-1
05-31 23:17:39.814  7921  7921 I KeyboardViewUtil: KeyboardViewUtil.calculateMaxKeyboardBodyHeight():53 leave 344 height for app when screen height:2148, header height:121 and isFullscreenMode:false, so the max keyboard body height is:1683
05-31 23:17:39.815  7921  7921 E LatinPrimeKeyboard: LatinPrimeKeyboard.updateCurrentImeLocales():414 consumeEvent: UPDATE_CURRENT_IME_LOCALES, Illegal argument
05-31 23:17:39.815  7921  7921 I NormalModeController: NormalModeController.getKeyboardBodyViewHolderPaddingBottom():111 currentPrimeKeyboardType:SOFT systemPaddingBottom:-1
05-31 23:17:39.815  7921  7921 I NormalModeController: NormalModeController.getKeyboardBodyViewHolderPaddingBottom():111 currentPrimeKeyboardType:SOFT systemPaddingBottom:-1
05-31 23:17:39.817  7921  7921 I DeviceUnlockedTag: DeviceUnlockedTag.notifyDeviceLockStatusChanged():79 Notify device unlocked.
05-31 23:17:39.817  7921  7921 I VoiceImeExtension: VoiceImeExtension.shouldStartVoiceInputAutomatically():364 No private IME option set to start voice input.
05-31 23:17:39.819 27803 27803 D InsetsController: show(ime(), fromIme=true)
05-31 23:17:39.820  7921  7921 I GoogleInputMethodService: GoogleInputMethodService.onFinishInputView():2291
05-31 23:17:39.824  7921  7921 W TooltipLifecycleManager: TooltipLifecycleManager.dismissTooltips():157 Tooltip with id spell_check_add_to_dictionary not found in tooltipManager.
05-31 23:17:39.824  7921  7921 I InputBundle: InputBundle.consumeEvent():920 Skip consuming an event as keyboard status is 0
05-31 23:17:39.824  7921  7921 I KeyboardWrapper: KeyboardWrapper.consumeEvent():284 Skip consuming an event as current keyboard is deactivated (state=0, keyboard existence=true)
05-31 23:17:39.825  7921  7921 I VoiceInputManagerWrapper: VoiceInputManagerWrapper.shutdown():77 shutdown()
05-31 23:17:39.826  7921  7921 I DeviceUnlockedTag: DeviceUnlockedTag.notifyDeviceLockStatusChanged():79 Notify device unlocked.
05-31 23:17:39.826  7921  7921 I AndroidIME: AbstractIme.onDeactivate():207 LatinIme.onDeactivate()
05-31 23:17:39.831  9955  9955 D BoundBrokerSvc: onBind: Intent { act=com.google.android.gms.common.BIND_SHARED_PREFS pkg=com.google.android.gms }
05-31 23:17:39.831  9955  9955 D BoundBrokerSvc: Loading bound service for intent: Intent { act=com.google.android.gms.common.BIND_SHARED_PREFS pkg=com.google.android.gms }
05-31 23:17:39.832  9955  9955 D BoundBrokerSvc: onUnbind: Intent { act=com.google.android.gms.common.BIND_SHARED_PREFS pkg=com.google.android.gms }
05-31 23:17:39.834  9955  9955 D BoundBrokerSvc: onBind: Intent { act=com.google.android.gms.common.BIND_SHARED_PREFS pkg=com.google.android.gms }
05-31 23:17:39.834  9955  9955 D BoundBrokerSvc: Loading bound service for intent: Intent { act=com.google.android.gms.common.BIND_SHARED_PREFS pkg=com.google.android.gms }
05-31 23:17:39.835  9955  9955 D BoundBrokerSvc: onUnbind: Intent { act=com.google.android.gms.common.BIND_SHARED_PREFS pkg=com.google.android.gms }
05-31 23:17:40.144 27803 27803 D IdlingRegistry: Unregistering idling resources: [androidx.test.espresso.action.CloseKeyboardAction$CloseKeyboardIdlingResult@5fddcbc]
05-31 23:17:40.145 27803 27803 I ViewInteraction: Performing 'single click' action on view (view.getId() is <2131231088/com.example.cse110lab5:id/search_btn> and an instance of android.widget.TextView and view.getText() with or without transformation to match: is "Search" and Child at position 2 in parent Child at position 0 in parent view.getId() is <16908290/android:id/content> and (view has effective visibility <VISIBLE> and view.getGlobalVisibleRect() to return non-empty rectangle))
05-31 23:17:40.192   373   373 E android.hardware.audio@7.0-impl.ranchu: device/generic/goldfish/audio/stream_out.cpp:updateSourceMetadata:377 failure: Result::NOT_SUPPORTED
05-31 23:17:40.315   373   373 E android.hardware.audio@7.0-impl.ranchu: device/generic/goldfish/audio/stream_out.cpp:updateSourceMetadata:377 failure: Result::NOT_SUPPORTED
05-31 23:17:40.406   812   873 D EGL_emulation: app_time_stats: avg=18.34ms min=12.76ms max=35.03ms count=55
05-31 23:17:40.440 27803 27803 I ViewInteraction: Performing 'load adapter data' action on view (view.getId() is <2131231097/com.example.cse110lab5:id/search_view> and Child at position 3 in parent view.getClass().getName() matches: is "androidx.constraintlayout.widget.ConstraintLayout")
05-31 23:17:40.456 27803 27803 I ViewInteraction: Performing 'single click' action on view  displaying data matching: ANYTHING within adapter view matching: (view.getId() is <2131231097/com.example.cse110lab5:id/search_view> and Child at position 3 in parent view.getClass().getName() matches: is "androidx.constraintlayout.widget.ConstraintLayout")
05-31 23:17:40.566   373   373 E android.hardware.audio@7.0-impl.ranchu: device/generic/goldfish/audio/stream_out.cpp:updateSourceMetadata:377 failure: Result::NOT_SUPPORTED
05-31 23:17:40.589 27803 27827 D EGL_emulation: app_time_stats: avg=16.91ms min=13.80ms max=32.62ms count=59
05-31 23:17:40.691   373   373 E android.hardware.audio@7.0-impl.ranchu: device/generic/goldfish/audio/stream_out.cpp:updateSourceMetadata:377 failure: Result::NOT_SUPPORTED
05-31 23:17:40.737 27803 27803 I ViewInteraction: Performing 'single click' action on view (view.getId() is <2131230819/com.example.cse110lab5:id/button> and an instance of android.widget.TextView and view.getText() with or without transformation to match: is "Count" and Child at position 4 in parent Child at position 0 in parent view.getId() is <16908290/android:id/content> and (view has effective visibility <VISIBLE> and view.getGlobalVisibleRect() to return non-empty rectangle))
05-31 23:17:40.799  7638 21360 V NativeCrypto: Read error: ssl=0x7b151b35c458: I/O error during system call, Connection reset by peer
05-31 23:17:40.799  7638 27462 E WakeLock: GCM_HB_ALARM release without a matched acquire!
05-31 23:17:40.800  7638 27462 V NativeCrypto: SSL shutdown failed: ssl=0x7b151b35c458: I/O error during system call, Broken pipe
05-31 23:17:40.801  7638 27462 E WakeLock: GCM_HB_ALARM release without a matched acquire!
05-31 23:17:40.801  7638 27462 W WakeLock: GCM_HB_ALARM counter does not exist
05-31 23:17:40.801   373   373 E android.hardware.audio@7.0-impl.ranchu: device/generic/goldfish/audio/stream_out.cpp:updateSourceMetadata:377 failure: Result::NOT_SUPPORTED
05-31 23:17:40.803   556   750 D ConnectivityService: reportNetworkConnectivity(102, false) by 10102
05-31 23:17:40.803  7921  7921 I DeviceUnlockedTag: DeviceUnlockedTag.notifyDeviceLockStatusChanged():79 Notify device unlocked.
05-31 23:17:40.814   943 18509 D NetworkMonitor/102: Forcing reevaluation for UID 10102. Dns signal count: 0
05-31 23:17:40.827   943 27854 D NetworkMonitor/102: PROBE_DNS connectivitycheck.gstatic.com 9ms OK 142.250.217.131,2607:f8b0:4007:813::2003
05-31 23:17:40.831  7638 21360 I NetworkManagementSocketTagger: tagSocketFd(-1, 536871943, -1) failed with errno-9
05-31 23:17:40.846   943 27853 D NetworkMonitor/102: PROBE_DNS www.google.com 28ms OK 142.250.72.132,2607:f8b0:4007:810::2004
05-31 23:17:40.864   943 27854 D NetworkMonitor/102: PROBE_HTTP http://connectivitycheck.gstatic.com/generate_204 time=33ms ret=204 request={Connection=[close], User-Agent=[Mozilla/5.0 (X11; Linux x86_64) AppleWebKit/537.36 (KHTML, like Gecko) Chrome/60.0.3112.32 Safari/537.36]} headers={null=[HTTP/1.1 204 No Content], Connection=[close], Content-Length=[0], Date=[Wed, 01 Jun 2022 06:17:44 GMT], X-Android-Received-Millis=[1654064260864], X-Android-Response-Source=[NETWORK 204], X-Android-Selected-Protocol=[http/1.1], X-Android-Sent-Millis=[1654064260847]}
05-31 23:17:40.907   943 27853 D NetworkMonitor/102: PROBE_HTTPS https://www.google.com/generate_204 time=60ms ret=204 request={Connection=[close], User-Agent=[Mozilla/5.0 (X11; Linux x86_64) AppleWebKit/537.36 (KHTML, like Gecko) Chrome/60.0.3112.32 Safari/537.36]} headers={null=[HTTP/1.1 204 No Content], Alt-Svc=[h3=":443"; ma=2592000,h3-29=":443"; ma=2592000,h3-Q050=":443"; ma=2592000,h3-Q046=":443"; ma=2592000,h3-Q043=":443"; ma=2592000,quic=":443"; ma=2592000; v="46,43"], Connection=[close], Content-Length=[0], Date=[Wed, 01 Jun 2022 06:17:44 GMT], X-Android-Received-Millis=[1654064260906], X-Android-Response-Source=[NETWORK 204], X-Android-Selected-Protocol=[http/1.1], X-Android-Sent-Millis=[1654064260891]}
05-31 23:17:40.908   943 27852 D NetworkMonitor/102: isCaptivePortal: isSuccessful()=true isPortal()=false RedirectUrl=null isPartialConnectivity()=false Time=92ms
05-31 23:17:40.910   556   750 D ConnectivityService: [102 WIFI] validation passed
05-31 23:17:40.940   373   373 E android.hardware.audio@7.0-impl.ranchu: device/generic/goldfish/audio/stream_out.cpp:updateSourceMetadata:377 failure: Result::NOT_SUPPORTED
05-31 23:17:40.946  7638 27462 E WakeLock: GCM_CONN_ALARM release without a matched acquire!
05-31 23:17:41.042 27803 27803 I ViewInteraction: Performing 'input method editor' action on view (view.getClass().getName() matches: is "android.widget.SearchView$SearchAutoComplete" and an instance of android.widget.TextView and view.getText() with or without transformation to match: is "gorilla" and Child at position 0 in parent (view.getClass().getName() matches: is "android.widget.LinearLayout" and Child at position 1 in parent view.getClass().getName() matches: is "android.widget.LinearLayout") and (view has effective visibility <VISIBLE> and view.getGlobalVisibleRect() to return non-empty rectangle))
05-31 23:17:41.045 27803 27803 I ViewInteraction: Performing 'single click' action on view (view.getId() is <2131230922/com.example.cse110lab5:id/go_to_plan_btn> and an instance of android.widget.TextView and view.getText() with or without transformation to match: is "Plan" and Child at position 6 in parent Child at position 0 in parent view.getId() is <16908290/android:id/content> and (view has effective visibility <VISIBLE> and view.getGlobalVisibleRect() to return non-empty rectangle))
05-31 23:17:41.092   373   373 E android.hardware.audio@7.0-impl.ranchu: device/generic/goldfish/audio/stream_out.cpp:updateSourceMetadata:377 failure: Result::NOT_SUPPORTED
05-31 23:17:41.097 27803 27803 D LifecycleMonitor: Lifecycle status change: com.example.cse110lab5.TodoListActivity@aa9d812 in: PAUSED
05-31 23:17:41.098   556  1448 W InputReader: Device virtio_input_multi_touch_4 is associated with display ADISPLAY_ID_NONE.
05-31 23:17:41.098   556  1448 W InputReader: Device virtio_input_multi_touch_10 is associated with display ADISPLAY_ID_NONE.
05-31 23:17:41.098   556  1448 W InputReader: Device virtio_input_multi_touch_8 is associated with display ADISPLAY_ID_NONE.
05-31 23:17:41.098   556  1448 W InputReader: Device virtio_input_multi_touch_2 is associated with display ADISPLAY_ID_NONE.
05-31 23:17:41.098   556  1448 W InputReader: Device virtio_input_multi_touch_9 is associated with display ADISPLAY_ID_NONE.
05-31 23:17:41.099   556  1448 W InputReader: Device virtio_input_multi_touch_3 is associated with display ADISPLAY_ID_NONE.
05-31 23:17:41.099   556  1448 W InputReader: Device virtio_input_multi_touch_7 is associated with display ADISPLAY_ID_NONE.
05-31 23:17:41.099   556  1448 W InputReader: Device virtio_input_multi_touch_5 is associated with display ADISPLAY_ID_NONE.
05-31 23:17:41.099   556  1448 W InputReader: Device virtio_input_multi_touch_6 is associated with display ADISPLAY_ID_NONE.
05-31 23:17:41.099   556  1448 W InputReader: Device virtio_input_multi_touch_11 is associated with display ADISPLAY_ID_NONE.
05-31 23:17:41.099   556  1448 W InputReader: Device virtio_input_multi_touch_4 is associated with display ADISPLAY_ID_NONE.
05-31 23:17:41.099   556  1448 W InputReader: Device virtio_input_multi_touch_10 is associated with display ADISPLAY_ID_NONE.
05-31 23:17:41.099   556  1448 W InputReader: Device virtio_input_multi_touch_8 is associated with display ADISPLAY_ID_NONE.
05-31 23:17:41.099   556  1448 W InputReader: Device virtio_input_multi_touch_2 is associated with display ADISPLAY_ID_NONE.
05-31 23:17:41.099   556  1448 W InputReader: Device virtio_input_multi_touch_9 is associated with display ADISPLAY_ID_NONE.
05-31 23:17:41.099   556  1448 W InputReader: Device virtio_input_multi_touch_3 is associated with display ADISPLAY_ID_NONE.
05-31 23:17:41.099   556  1448 W InputReader: Device virtio_input_multi_touch_7 is associated with display ADISPLAY_ID_NONE.
05-31 23:17:41.099   556  1448 W InputReader: Device virtio_input_multi_touch_5 is associated with display ADISPLAY_ID_NONE.
05-31 23:17:41.100   556  1448 W InputReader: Device virtio_input_multi_touch_6 is associated with display ADISPLAY_ID_NONE.
05-31 23:17:41.100   556  1448 W InputReader: Device virtio_input_multi_touch_11 is associated with display ADISPLAY_ID_NONE.
05-31 23:17:41.109 27803 27803 D LifecycleMonitor: Lifecycle status change: com.example.cse110lab5.PlanActivity@443896d in: PRE_ON_CREATE
05-31 23:17:41.179 27803 27803 D LifecycleMonitor: Lifecycle status change: com.example.cse110lab5.PlanActivity@443896d in: CREATED
05-31 23:17:41.180 27803 27803 D LifecycleMonitor: Lifecycle status change: com.example.cse110lab5.PlanActivity@443896d in: STARTED
05-31 23:17:41.180 27803 27803 D LifecycleMonitor: Lifecycle status change: com.example.cse110lab5.PlanActivity@443896d in: RESUMED
05-31 23:17:41.198   384   425 D goldfish-address-space: claimShared: Ask to claim region [0x3f0000000 0x3f0965000]
05-31 23:17:41.203   384   425 D goldfish-address-space: claimShared: Ask to claim region [0x3f0965000 0x3f12ca000]
05-31 23:17:41.204   384   425 D goldfish-address-space: claimShared: Ask to claim region [0x3f12ca000 0x3f1c2f000]
05-31 23:17:41.218   556   592 I ActivityTaskManager: Displayed com.example.cse110lab5/.PlanActivity: +126ms
05-31 23:17:41.225   373   373 E android.hardware.audio@7.0-impl.ranchu: device/generic/goldfish/audio/stream_out.cpp:updateSourceMetadata:377 failure: Result::NOT_SUPPORTED
05-31 23:17:41.232  7921  7921 I GoogleInputMethodService: GoogleInputMethodService.onFinishInput():3269
05-31 23:17:41.232  7921  7921 I GoogleInputMethodService: GoogleInputMethodService.onStartInput():1947
05-31 23:17:41.233  7921  7921 I DeviceUnlockedTag: DeviceUnlockedTag.notifyDeviceLockStatusChanged():79 Notify device unlocked.
05-31 23:17:41.456   812   873 D EGL_emulation: app_time_stats: avg=29.97ms min=13.20ms max=116.69ms count=35
05-31 23:17:41.608 27803 27827 D EGL_emulation: app_time_stats: avg=17.15ms min=12.92ms max=32.08ms count=59
05-31 23:17:41.626 27803 27803 D LifecycleMonitor: Lifecycle status change: com.example.cse110lab5.TodoListActivity@aa9d812 in: STOPPED
05-31 23:17:41.638 27803 27827 D OpenGLRenderer: endAllActiveAnimators on 0x7b159b3793d0 (RippleDrawable) with handle 0x7b14ab3a0e10
05-31 23:17:41.638 27803 27827 D OpenGLRenderer: endAllActiveAnimators on 0x7b159b37a720 (RippleDrawable) with handle 0x7b14ab3a7620
05-31 23:17:41.655 27803 27803 I ViewInteraction: Performing 'single click' action on view (view.getId() is <2131230880/com.example.cse110lab5:id/directions_btn> and an instance of android.widget.TextView and view.getText() with or without transformation to match: is "Directions" and Child at position 3 in parent Child at position 0 in parent view.getId() is <16908290/android:id/content> and (view has effective visibility <VISIBLE> and view.getGlobalVisibleRect() to return non-empty rectangle))
05-31 23:17:41.701 27803 27803 D LifecycleMonitor: Lifecycle status change: com.example.cse110lab5.PlanActivity@443896d in: PAUSED
05-31 23:17:41.702   556  1448 W InputReader: Device virtio_input_multi_touch_4 is associated with display ADISPLAY_ID_NONE.
05-31 23:17:41.702   556  1448 W InputReader: Device virtio_input_multi_touch_10 is associated with display ADISPLAY_ID_NONE.
05-31 23:17:41.702   556  1448 W InputReader: Device virtio_input_multi_touch_8 is associated with display ADISPLAY_ID_NONE.
05-31 23:17:41.702   556  1448 W InputReader: Device virtio_input_multi_touch_2 is associated with display ADISPLAY_ID_NONE.
05-31 23:17:41.702   556  1448 W InputReader: Device virtio_input_multi_touch_9 is associated with display ADISPLAY_ID_NONE.
05-31 23:17:41.702   556  1448 W InputReader: Device virtio_input_multi_touch_3 is associated with display ADISPLAY_ID_NONE.
05-31 23:17:41.702   556  1448 W InputReader: Device virtio_input_multi_touch_7 is associated with display ADISPLAY_ID_NONE.
05-31 23:17:41.702   556  1448 W InputReader: Device virtio_input_multi_touch_5 is associated with display ADISPLAY_ID_NONE.
05-31 23:17:41.702   556  1448 W InputReader: Device virtio_input_multi_touch_6 is associated with display ADISPLAY_ID_NONE.
05-31 23:17:41.702   556  1448 W InputReader: Device virtio_input_multi_touch_11 is associated with display ADISPLAY_ID_NONE.
05-31 23:17:41.702   556  1448 W InputReader: Device virtio_input_multi_touch_4 is associated with display ADISPLAY_ID_NONE.
05-31 23:17:41.702   556  1448 W InputReader: Device virtio_input_multi_touch_10 is associated with display ADISPLAY_ID_NONE.
05-31 23:17:41.702   556  1448 W InputReader: Device virtio_input_multi_touch_8 is associated with display ADISPLAY_ID_NONE.
05-31 23:17:41.702   556  1448 W InputReader: Device virtio_input_multi_touch_2 is associated with display ADISPLAY_ID_NONE.
05-31 23:17:41.702   556  1448 W InputReader: Device virtio_input_multi_touch_9 is associated with display ADISPLAY_ID_NONE.
05-31 23:17:41.703   556  1448 W InputReader: Device virtio_input_multi_touch_3 is associated with display ADISPLAY_ID_NONE.
05-31 23:17:41.703   556  1448 W InputReader: Device virtio_input_multi_touch_7 is associated with display ADISPLAY_ID_NONE.
05-31 23:17:41.703   556  1448 W InputReader: Device virtio_input_multi_touch_5 is associated with display ADISPLAY_ID_NONE.
05-31 23:17:41.703   556  1448 W InputReader: Device virtio_input_multi_touch_6 is associated with display ADISPLAY_ID_NONE.
05-31 23:17:41.703   556  1448 W InputReader: Device virtio_input_multi_touch_11 is associated with display ADISPLAY_ID_NONE.
05-31 23:17:41.709   373   373 E android.hardware.audio@7.0-impl.ranchu: device/generic/goldfish/audio/stream_out.cpp:updateSourceMetadata:377 failure: Result::NOT_SUPPORTED
05-31 23:17:41.724 27803 27803 D LifecycleMonitor: Lifecycle status change: com.example.cse110lab5.DirectionsActivity@99b3fb8 in: PRE_ON_CREATE
05-31 23:17:41.784 27803 27803 D LifecycleMonitor: Lifecycle status change: com.example.cse110lab5.DirectionsActivity@99b3fb8 in: CREATED
05-31 23:17:41.785 27803 27803 D LifecycleMonitor: Lifecycle status change: com.example.cse110lab5.DirectionsActivity@99b3fb8 in: STARTED
05-31 23:17:41.785 27803 27803 D LifecycleMonitor: Lifecycle status change: com.example.cse110lab5.DirectionsActivity@99b3fb8 in: RESUMED
05-31 23:17:41.798   384   425 D goldfish-address-space: claimShared: Ask to claim region [0x3f1c2f000 0x3f2594000]
05-31 23:17:41.802   384   425 D goldfish-address-space: claimShared: Ask to claim region [0x3f2594000 0x3f2ef9000]
05-31 23:17:41.808   384   425 D goldfish-address-space: claimShared: Ask to claim region [0x3f2ef9000 0x3f385e000]
05-31 23:17:41.821   556   592 I ActivityTaskManager: Displayed com.example.cse110lab5/.DirectionsActivity: +123ms
05-31 23:17:41.841   373   373 E android.hardware.audio@7.0-impl.ranchu: device/generic/goldfish/audio/stream_out.cpp:updateSourceMetadata:377 failure: Result::NOT_SUPPORTED
05-31 23:17:41.844  7921  7921 I GoogleInputMethodService: GoogleInputMethodService.onFinishInput():3269
05-31 23:17:41.845  7921  7921 I GoogleInputMethodService: GoogleInputMethodService.onStartInput():1947
05-31 23:17:41.845  7921  7921 I DeviceUnlockedTag: DeviceUnlockedTag.notifyDeviceLockStatusChanged():79 Notify device unlocked.
05-31 23:17:42.059 27803 27803 I ViewInteraction: Performing 'single click' action on view (view.getId() is <2131231033/com.example.cse110lab5:id/next_btn> and an instance of android.widget.TextView and view.getText() with or without transformation to match: is "Next" and Child at position 1 in parent Child at position 0 in parent view.getId() is <16908290/android:id/content> and (view has effective visibility <VISIBLE> and view.getGlobalVisibleRect() to return non-empty rectangle))
05-31 23:17:42.129   373   373 E android.hardware.audio@7.0-impl.ranchu: device/generic/goldfish/audio/stream_out.cpp:updateSourceMetadata:377 failure: Result::NOT_SUPPORTED
05-31 23:17:42.225 27803 27827 D EGL_emulation: app_time_stats: avg=24.63ms min=8.15ms max=341.93ms count=41
05-31 23:17:42.254 27803 27827 D OpenGLRenderer: endAllActiveAnimators on 0x7b159b38bbf0 (RippleDrawable) with handle 0x7b14ab391c90
05-31 23:17:42.260 27803 27803 D LifecycleMonitor: Lifecycle status change: com.example.cse110lab5.PlanActivity@443896d in: STOPPED
05-31 23:17:42.262   373   373 E android.hardware.audio@7.0-impl.ranchu: device/generic/goldfish/audio/stream_out.cpp:updateSourceMetadata:377 failure: Result::NOT_SUPPORTED
05-31 23:17:42.361 27803 27803 I ViewInteraction: Performing 'single click' action on view (view.getId() is <2131230878/com.example.cse110lab5:id/directionsTypeButton> and an instance of android.widget.TextView and view.getText() with or without transformation to match: is "OFF" and Child at position 2 in parent Child at position 0 in parent view.getId() is <16908290/android:id/content> and (view has effective visibility <VISIBLE> and view.getGlobalVisibleRect() to return non-empty rectangle))
05-31 23:17:42.417   373   373 E android.hardware.audio@7.0-impl.ranchu: device/generic/goldfish/audio/stream_out.cpp:updateSourceMetadata:377 failure: Result::NOT_SUPPORTED
05-31 23:17:42.474   812   873 D EGL_emulation: app_time_stats: avg=48.05ms min=13.69ms max=449.80ms count=21
05-31 23:17:42.550   373   373 E android.hardware.audio@7.0-impl.ranchu: device/generic/goldfish/audio/stream_out.cpp:updateSourceMetadata:377 failure: Result::NOT_SUPPORTED
05-31 23:17:42.655 27803 27803 I ViewInteraction: Performing 'single click' action on view (view.getId() is <2131231033/com.example.cse110lab5:id/next_btn> and an instance of android.widget.TextView and view.getText() with or without transformation to match: is "Next" and Child at position 1 in parent Child at position 0 in parent view.getId() is <16908290/android:id/content> and (view has effective visibility <VISIBLE> and view.getGlobalVisibleRect() to return non-empty rectangle))
05-31 23:17:42.704   373   373 E android.hardware.audio@7.0-impl.ranchu: device/generic/goldfish/audio/stream_out.cpp:updateSourceMetadata:377 failure: Result::NOT_SUPPORTED
05-31 23:17:42.818  7921  7970 W LatinCommonCountersMetricsProcessor: LatinCommonCountersMetricsProcessor$DelightProblemReporter.run():765 Missing LM for 'en'
05-31 23:17:42.838   373   373 E android.hardware.audio@7.0-impl.ranchu: device/generic/goldfish/audio/stream_out.cpp:updateSourceMetadata:377 failure: Result::NOT_SUPPORTED
05-31 23:17:42.839 27803 27827 D EGL_emulation: app_time_stats: avg=18.54ms min=9.73ms max=116.21ms count=55
05-31 23:17:42.941 27803 27803 I ViewInteraction: Performing 'single click' action on view (view.getId() is <2131230878/com.example.cse110lab5:id/directionsTypeButton> and an instance of android.widget.TextView and view.getText() with or without transformation to match: is "ON" and Child at position 2 in parent Child at position 0 in parent view.getId() is <16908290/android:id/content> and (view has effective visibility <VISIBLE> and view.getGlobalVisibleRect() to return non-empty rectangle))
05-31 23:17:42.992   373   373 E android.hardware.audio@7.0-impl.ranchu: device/generic/goldfish/audio/stream_out.cpp:updateSourceMetadata:377 failure: Result::NOT_SUPPORTED
05-31 23:17:43.126   373   373 E android.hardware.audio@7.0-impl.ranchu: device/generic/goldfish/audio/stream_out.cpp:updateSourceMetadata:377 failure: Result::NOT_SUPPORTED
05-31 23:17:43.238 27803 27803 I ViewInteraction: Performing 'single click' action on view (view.getId() is <2131230878/com.example.cse110lab5:id/directionsTypeButton> and an instance of android.widget.TextView and view.getText() with or without transformation to match: is "OFF" and Child at position 2 in parent Child at position 0 in parent view.getId() is <16908290/android:id/content> and (view has effective visibility <VISIBLE> and view.getGlobalVisibleRect() to return non-empty rectangle))
05-31 23:17:43.282   373   373 E android.hardware.audio@7.0-impl.ranchu: device/generic/goldfish/audio/stream_out.cpp:updateSourceMetadata:377 failure: Result::NOT_SUPPORTED
05-31 23:17:43.413   373   373 E android.hardware.audio@7.0-impl.ranchu: device/generic/goldfish/audio/stream_out.cpp:updateSourceMetadata:377 failure: Result::NOT_SUPPORTED
05-31 23:17:43.540 27803 27803 I ViewInteraction: Performing 'single click' action on view (view.getId() is <2131231033/com.example.cse110lab5:id/next_btn> and an instance of android.widget.TextView and view.getText() with or without transformation to match: is "Next" and Child at position 1 in parent Child at position 0 in parent view.getId() is <16908290/android:id/content> and (view has effective visibility <VISIBLE> and view.getGlobalVisibleRect() to return non-empty rectangle))
05-31 23:17:43.591   373   373 E android.hardware.audio@7.0-impl.ranchu: device/generic/goldfish/audio/stream_out.cpp:updateSourceMetadata:377 failure: Result::NOT_SUPPORTED
05-31 23:17:43.723   373   373 E android.hardware.audio@7.0-impl.ranchu: device/generic/goldfish/audio/stream_out.cpp:updateSourceMetadata:377 failure: Result::NOT_SUPPORTED
05-31 23:17:43.822 27803 27803 I ViewInteraction: Performing 'single click' action on view (view.getId() is <2131230878/com.example.cse110lab5:id/directionsTypeButton> and an instance of android.widget.TextView and view.getText() with or without transformation to match: is "ON" and Child at position 2 in parent Child at position 0 in parent view.getId() is <16908290/android:id/content> and (view has effective visibility <VISIBLE> and view.getGlobalVisibleRect() to return non-empty rectangle))
05-31 23:17:43.857 27803 27827 D EGL_emulation: app_time_stats: avg=16.63ms min=14.11ms max=19.06ms count=61
05-31 23:17:43.865   373   373 E android.hardware.audio@7.0-impl.ranchu: device/generic/goldfish/audio/stream_out.cpp:updateSourceMetadata:377 failure: Result::NOT_SUPPORTED
05-31 23:17:43.989   373   373 E android.hardware.audio@7.0-impl.ranchu: device/generic/goldfish/audio/stream_out.cpp:updateSourceMetadata:377 failure: Result::NOT_SUPPORTED
05-31 23:17:44.122 27803 27803 I ViewInteraction: Performing 'single click' action on view (view.getId() is <2131231033/com.example.cse110lab5:id/next_btn> and an instance of android.widget.TextView and view.getText() with or without transformation to match: is "Next" and Child at position 1 in parent Child at position 0 in parent view.getId() is <16908290/android:id/content> and (view has effective visibility <VISIBLE> and view.getGlobalVisibleRect() to return non-empty rectangle))
05-31 23:17:44.166   373   373 E android.hardware.audio@7.0-impl.ranchu: device/generic/goldfish/audio/stream_out.cpp:updateSourceMetadata:377 failure: Result::NOT_SUPPORTED
05-31 23:17:44.299   373   373 E android.hardware.audio@7.0-impl.ranchu: device/generic/goldfish/audio/stream_out.cpp:updateSourceMetadata:377 failure: Result::NOT_SUPPORTED
05-31 23:17:44.424 27803 27803 I ViewInteraction: Performing 'single click' action on view (view.getId() is <2131231033/com.example.cse110lab5:id/next_btn> and an instance of android.widget.TextView and view.getText() with or without transformation to match: is "Next" and Child at position 1 in parent Child at position 0 in parent view.getId() is <16908290/android:id/content> and (view has effective visibility <VISIBLE> and view.getGlobalVisibleRect() to return non-empty rectangle))
05-31 23:17:44.475   373   373 E android.hardware.audio@7.0-impl.ranchu: device/generic/goldfish/audio/stream_out.cpp:updateSourceMetadata:377 failure: Result::NOT_SUPPORTED
05-31 23:17:44.608   373   373 E android.hardware.audio@7.0-impl.ranchu: device/generic/goldfish/audio/stream_out.cpp:updateSourceMetadata:377 failure: Result::NOT_SUPPORTED
05-31 23:17:44.705 27803 27803 W mple.cse110lab: Accessing hidden field Landroid/app/Activity;->mResultCode:I (unsupported, reflection, allowed)
05-31 23:17:44.705 27803 27803 W mple.cse110lab: Accessing hidden field Landroid/app/Activity;->mResultData:Landroid/content/Intent; (unsupported, reflection, allowed)
05-31 23:17:44.706 27803 27803 D LifecycleMonitor: Lifecycle status change: com.example.cse110lab5.TodoListActivity@aa9d812 in: DESTROYED
