05-31 23:17:35.986 27803 27824 I TestRunner: started: sBST3IntrumentedTest(com.example.cse110lab5.SBST3IntrumentedTest)
05-31 23:17:35.991 27803 27824 W ActivityTestRule: getActivityIntent() returned null using default: Intent(Intent.ACTION_MAIN)
05-31 23:17:36.002   556  1716 W InputReader: Device virtio_input_multi_touch_4 is associated with display ADISPLAY_ID_NONE.
05-31 23:17:36.002   556  1716 W InputReader: Device virtio_input_multi_touch_10 is associated with display ADISPLAY_ID_NONE.
05-31 23:17:36.002   556  1716 W InputReader: Device virtio_input_multi_touch_8 is associated with display ADISPLAY_ID_NONE.
05-31 23:17:36.002   556  1716 W InputReader: Device virtio_input_multi_touch_2 is associated with display ADISPLAY_ID_NONE.
05-31 23:17:36.002   556  1716 W InputReader: Device virtio_input_multi_touch_9 is associated with display ADISPLAY_ID_NONE.
05-31 23:17:36.002   556  1716 W InputReader: Device virtio_input_multi_touch_3 is associated with display ADISPLAY_ID_NONE.
05-31 23:17:36.002   556  1716 W InputReader: Device virtio_input_multi_touch_7 is associated with display ADISPLAY_ID_NONE.
05-31 23:17:36.002   556  1716 W InputReader: Device virtio_input_multi_touch_5 is associated with display ADISPLAY_ID_NONE.
05-31 23:17:36.002   556  1716 W InputReader: Device virtio_input_multi_touch_6 is associated with display ADISPLAY_ID_NONE.
05-31 23:17:36.002   556  1716 W InputReader: Device virtio_input_multi_touch_11 is associated with display ADISPLAY_ID_NONE.
05-31 23:17:36.002   556  1716 W InputReader: Device virtio_input_multi_touch_4 is associated with display ADISPLAY_ID_NONE.
05-31 23:17:36.002   556  1716 W InputReader: Device virtio_input_multi_touch_10 is associated with display ADISPLAY_ID_NONE.
05-31 23:17:36.003   556  1716 W InputReader: Device virtio_input_multi_touch_8 is associated with display ADISPLAY_ID_NONE.
05-31 23:17:36.003   556  1716 W InputReader: Device virtio_input_multi_touch_2 is associated with display ADISPLAY_ID_NONE.
05-31 23:17:36.003   556  1716 W InputReader: Device virtio_input_multi_touch_9 is associated with display ADISPLAY_ID_NONE.
05-31 23:17:36.003   556  1716 W InputReader: Device virtio_input_multi_touch_3 is associated with display ADISPLAY_ID_NONE.
05-31 23:17:36.003   556  1716 W InputReader: Device virtio_input_multi_touch_7 is associated with display ADISPLAY_ID_NONE.
05-31 23:17:36.003   556  1716 W InputReader: Device virtio_input_multi_touch_5 is associated with display ADISPLAY_ID_NONE.
05-31 23:17:36.003   556  1716 W InputReader: Device virtio_input_multi_touch_6 is associated with display ADISPLAY_ID_NONE.
05-31 23:17:36.004   556  1716 W InputReader: Device virtio_input_multi_touch_11 is associated with display ADISPLAY_ID_NONE.
05-31 23:17:36.013 27803 27829 D libEGL  : loaded /vendor/lib64/egl/libEGL_emulation.so
05-31 23:17:36.014 27803 27829 D libEGL  : loaded /vendor/lib64/egl/libGLESv1_CM_emulation.so
05-31 23:17:36.016 27803 27829 D libEGL  : loaded /vendor/lib64/egl/libGLESv2_emulation.so
05-31 23:17:36.028   384   425 D goldfish-address-space: claimShared: Ask to claim region [0x3f0000000 0x3f0965000]
05-31 23:17:36.035   384   425 D goldfish-address-space: claimShared: Ask to claim region [0x3f0965000 0x3f12ca000]
05-31 23:17:36.036   384   435 D goldfish-address-space: claimShared: Ask to claim region [0x3f12ca000 0x3f1c2f000]
05-31 23:17:36.057 27803 27803 D LifecycleMonitor: Lifecycle status change: com.example.cse110lab5.TodoListActivity@aa9d812 in: PRE_ON_CREATE
05-31 23:17:36.107  2927  2927 I GsaVoiceInteractionSrv: Handling ACTION_STOP_HOTWORD
05-31 23:17:36.108  2927  2927 E HwDetectorWithState: a: 3
05-31 23:17:36.116 27803 27803 W mple.cse110lab: Accessing hidden method Landroid/view/View;->computeFitSystemWindows(Landroid/graphics/Rect;Landroid/graphics/Rect;)Z (unsupported, reflection, allowed)
05-31 23:17:36.117 27803 27803 W mple.cse110lab: Accessing hidden method Landroid/view/ViewGroup;->makeOptionalFitsSystemWindows()V (unsupported, reflection, allowed)
05-31 23:17:36.200 27803 27803 D CompatibilityChangeReporter: Compat change id reported: 171228096; UID 10148; state: ENABLED
05-31 23:17:36.343 27803 27803 D LifecycleMonitor: Lifecycle status change: com.example.cse110lab5.TodoListActivity@aa9d812 in: CREATED
05-31 23:17:36.345 27803 27803 D LifecycleMonitor: Lifecycle status change: com.example.cse110lab5.TodoListActivity@aa9d812 in: STARTED
05-31 23:17:36.346 27803 27803 D LifecycleMonitor: Lifecycle status change: com.example.cse110lab5.TodoListActivity@aa9d812 in: RESUMED
05-31 23:17:36.349   812   873 D EGL_emulation: app_time_stats: avg=47558.56ms min=51.31ms max=237393.50ms count=5
05-31 23:17:36.390 27803 27827 D HostConnection: createUnique: call
05-31 23:17:36.391 27803 27827 D HostConnection: HostConnection::get() New Host Connection established 0x7b151b35bf10, tid 27827
05-31 23:17:36.395 27803 27827 D HostConnection: HostComposition ext ANDROID_EMU_CHECKSUM_HELPER_v1 ANDROID_EMU_native_sync_v2 ANDROID_EMU_native_sync_v3 ANDROID_EMU_native_sync_v4 ANDROID_EMU_dma_v1 ANDROID_EMU_direct_mem ANDROID_EMU_host_composition_v1 ANDROID_EMU_host_composition_v2 ANDROID_EMU_vulkan ANDROID_EMU_deferred_vulkan_commands ANDROID_EMU_vulkan_null_optional_strings ANDROID_EMU_vulkan_create_resources_with_requirements ANDROID_EMU_YUV_Cache ANDROID_EMU_vulkan_ignored_handles ANDROID_EMU_has_shared_slots_host_memory_allocator ANDROID_EMU_vulkan_free_memory_sync ANDROID_EMU_vulkan_shader_float16_int8 ANDROID_EMU_vulkan_async_queue_submit ANDROID_EMU_vulkan_queue_submit_with_commands ANDROID_EMU_sync_buffer_data ANDROID_EMU_read_color_buffer_dma GL_OES_EGL_image_external_essl3 GL_OES_vertex_array_object GL_KHR_texture_compression_astc_ldr ANDROID_EMU_host_side_tracing ANDROID_EMU_gles_max_version_3_0
05-31 23:17:36.395   214   214 I hwservicemanager: getTransport: Cannot find entry android.hardware.configstore@1.0::ISurfaceFlingerConfigs/default in either framework or device VINTF manifest.
05-31 23:17:36.396 27803 27827 W OpenGLRenderer: Failed to choose config with EGL_SWAP_BEHAVIOR_PRESERVED, retrying without...
05-31 23:17:36.396 27803 27827 W OpenGLRenderer: Failed to initialize 101010-2 format, error = EGL_SUCCESS
05-31 23:17:36.404 27803 27827 D EGL_emulation: eglCreateContext: 0x7b151b35aa10: maj 3 min 0 rcv 3
05-31 23:17:36.431 27803 27827 D EGL_emulation: eglMakeCurrent: 0x7b151b35aa10: ver 3 0 (tinfo 0x7b173f063080) (first time)
05-31 23:17:36.436   812   873 D EGL_emulation: app_time_stats: avg=36413.08ms min=36413.08ms max=36413.08ms count=1
05-31 23:17:36.438   214   214 I hwservicemanager: getTransport: Cannot find entry android.hardware.graphics.mapper@4.0::IMapper/default in either framework or device VINTF manifest.
05-31 23:17:36.438 27803 27827 I Gralloc4: mapper 4.x is not supported
05-31 23:17:36.439 27803 27827 D HostConnection: createUnique: call
05-31 23:17:36.439 27803 27827 D HostConnection: HostConnection::get() New Host Connection established 0x7b151b35b610, tid 27827
05-31 23:17:36.440 27803 27827 D goldfish-address-space: allocate: Ask for block of size 0x100
05-31 23:17:36.440 27803 27827 D goldfish-address-space: allocate: ioctl allocate returned offset 0x3efffe000 size 0x2000
05-31 23:17:36.470   214   214 I hwservicemanager: getTransport: Cannot find entry android.hardware.graphics.allocator@4.0::IAllocator/default in either framework or device VINTF manifest.
05-31 23:17:36.471 27803 27827 W Gralloc4: allocator 4.x is not supported
05-31 23:17:36.473   384   425 D goldfish-address-space: claimShared: Ask to claim region [0x3f1c2f000 0x3f2594000]
05-31 23:17:36.483 27803 27827 D HostConnection: HostComposition ext ANDROID_EMU_CHECKSUM_HELPER_v1 ANDROID_EMU_native_sync_v2 ANDROID_EMU_native_sync_v3 ANDROID_EMU_native_sync_v4 ANDROID_EMU_dma_v1 ANDROID_EMU_direct_mem ANDROID_EMU_host_composition_v1 ANDROID_EMU_host_composition_v2 ANDROID_EMU_vulkan ANDROID_EMU_deferred_vulkan_commands ANDROID_EMU_vulkan_null_optional_strings ANDROID_EMU_vulkan_create_resources_with_requirements ANDROID_EMU_YUV_Cache ANDROID_EMU_vulkan_ignored_handles ANDROID_EMU_has_shared_slots_host_memory_allocator ANDROID_EMU_vulkan_free_memory_sync ANDROID_EMU_vulkan_shader_float16_int8 ANDROID_EMU_vulkan_async_queue_submit ANDROID_EMU_vulkan_queue_submit_with_commands ANDROID_EMU_sync_buffer_data ANDROID_EMU_read_color_buffer_dma GL_OES_EGL_image_external_essl3 GL_OES_vertex_array_object GL_KHR_texture_compression_astc_ldr ANDROID_EMU_host_side_tracing ANDROID_EMU_gles_max_version_3_0
05-31 23:17:36.484   384   425 D goldfish-address-space: claimShared: Ask to claim region [0x3f2594000 0x3f2ef9000]
05-31 23:17:36.488   384   425 D goldfish-address-space: claimShared: Ask to claim region [0x3f2ef9000 0x3f385e000]
05-31 23:17:36.546   556   592 I ActivityTaskManager: Displayed com.example.cse110lab5/.TodoListActivity: +547ms
05-31 23:17:36.577  7921  7921 I GoogleInputMethodService: GoogleInputMethodService.onStartInputView():2057
05-31 23:17:36.581  7921  7921 I DeviceUnlockedTag: DeviceUnlockedTag.notifyDeviceLockStatusChanged():79 Notify device unlocked.
05-31 23:17:36.581  7921  7921 I DeviceUnlockedTag: DeviceUnlockedTag.notifyDeviceLockStatusChanged():79 Notify device unlocked.
05-31 23:17:36.583  7921  7921 I KeyboardViewUtil: KeyboardViewUtil.getKeyboardHeightRatio():168 systemKeyboardHeightRatio:1.000000; userKeyboardHeightRatio:1.000000.
05-31 23:17:36.584  7921  7921 I DeviceUnlockedTag: DeviceUnlockedTag.notifyDeviceLockStatusChanged():79 Notify device unlocked.
05-31 23:17:36.584  7921  7921 I AndroidIME: AbstractIme.onActivate():86 PasswordIme.onActivate() : EditorInfo = inputType=Text imeActionName=UNSPECIFIED dump=[inputType=0x0 imeOptions=0x0 privateImeOptions=null actionLabel=null actionId=0 initialSelStart=-1 initialSelEnd=-1 initialCapsMode=0x0 hintText=null label=null packageName=com.google.android.apps.nexuslauncher autofillId=1 fieldId=-1 fieldName=null extras=null hintLocales=null contentMimeTypes=null ], IncognitoMode = false, DeviceLocked = false
05-31 23:17:36.584  7921  7921 I DeviceUnlockedTag: DeviceUnlockedTag.notifyDeviceLockStatusChanged():79 Notify device unlocked.
05-31 23:17:36.597  7921  7921 I KeyboardViewHelper: KeyboardViewHelper.getView():166 Get view with height ratio:1.000000
05-31 23:17:36.612  7921  7921 I KeyboardViewUtil: KeyboardViewUtil.calculateMaxKeyboardBodyHeight():53 leave 344 height for app when screen height:2148, header height:121 and isFullscreenMode:false, so the max keyboard body height is:1683
05-31 23:17:36.612  7921  7921 I DeviceUnlockedTag: DeviceUnlockedTag.notifyDeviceLockStatusChanged():79 Notify device unlocked.
05-31 23:17:36.612  7921  7921 I DeviceUnlockedTag: DeviceUnlockedTag.notifyDeviceLockStatusChanged():79 Notify device unlocked.
05-31 23:17:36.613  7921  7921 I DeviceUnlockedTag: DeviceUnlockedTag.notifyDeviceLockStatusChanged():79 Notify device unlocked.
05-31 23:17:36.613  7921  7921 I DeviceUnlockedTag: DeviceUnlockedTag.notifyDeviceLockStatusChanged():79 Notify device unlocked.
05-31 23:17:36.613  7921  7921 I DeviceUnlockedTag: DeviceUnlockedTag.notifyDeviceLockStatusChanged():79 Notify device unlocked.
05-31 23:17:36.614  7921  7921 I KeyboardViewUtil: KeyboardViewUtil.calculateMaxKeyboardBodyHeight():53 leave 344 height for app when screen height:2148, header height:121 and isFullscreenMode:false, so the max keyboard body height is:1683
05-31 23:17:36.615  7921  7921 I NormalModeController: NormalModeController.getKeyboardBodyViewHolderPaddingBottom():111 currentPrimeKeyboardType:SOFT systemPaddingBottom:-1
05-31 23:17:36.615  7921  7921 I NormalModeController: NormalModeController.getKeyboardBodyViewHolderPaddingBottom():111 currentPrimeKeyboardType:SOFT systemPaddingBottom:-1
05-31 23:17:36.618  7921  7921 I DeviceUnlockedTag: DeviceUnlockedTag.notifyDeviceLockStatusChanged():79 Notify device unlocked.
05-31 23:17:36.618  7921  7921 I VoiceImeExtension: VoiceImeExtension.shouldStartVoiceInputAutomatically():364 No private IME option set to start voice input.
05-31 23:17:36.621  7921  7921 I GoogleInputMethodService: GoogleInputMethodService.onFinishInputView():2291
05-31 23:17:36.621  7921  7921 W TooltipLifecycleManager: TooltipLifecycleManager.dismissTooltips():157 Tooltip with id spell_check_add_to_dictionary not found in tooltipManager.
05-31 23:17:36.622  7921  7921 I AndroidIME: AbstractIme.onDeactivate():207 PasswordIme.onDeactivate()
05-31 23:17:36.622  7921  7921 I GoogleInputMethodService: GoogleInputMethodService.onFinishInput():3269
05-31 23:17:36.622  7921  7921 I GoogleInputMethodService: GoogleInputMethodService.onStartInput():1947
05-31 23:17:36.623  7921  7921 I DeviceUnlockedTag: DeviceUnlockedTag.notifyDeviceLockStatusChanged():79 Notify device unlocked.
05-31 23:17:36.623  7921  7921 I GoogleInputMethodService: GoogleInputMethodService.onStartInputView():2057
05-31 23:17:36.624  7921  7921 I DeviceUnlockedTag: DeviceUnlockedTag.notifyDeviceLockStatusChanged():79 Notify device unlocked.
05-31 23:17:36.624  7921  7921 I DeviceUnlockedTag: DeviceUnlockedTag.notifyDeviceLockStatusChanged():79 Notify device unlocked.
05-31 23:17:36.636  9955  9955 D BoundBrokerSvc: onBind: Intent { act=com.google.firebase.dynamiclinks.service.START pkg=com.google.android.gms }
05-31 23:17:36.636  9955  9955 D BoundBrokerSvc: Loading bound service for intent: Intent { act=com.google.firebase.dynamiclinks.service.START pkg=com.google.android.gms }
05-31 23:17:36.648 27803 27824 W FileTestStorage: Output properties is not supported.
05-31 23:17:36.648  7921  7921 I KeyboardViewUtil: KeyboardViewUtil.getKeyboardHeightRatio():168 systemKeyboardHeightRatio:1.000000; userKeyboardHeightRatio:1.000000.
05-31 23:17:36.648 27803 27824 I Tracing : Tracer added: class androidx.test.platform.tracing.AndroidXTracer
05-31 23:17:36.649  7921  7921 I DeviceUnlockedTag: DeviceUnlockedTag.notifyDeviceLockStatusChanged():79 Notify device unlocked.
05-31 23:17:36.649  7921  7921 I AndroidIME: AbstractIme.onActivate():86 LatinIme.onActivate() : EditorInfo = inputType=Text imeActionName=NEXT dump=[inputType=0x1 imeOptions=0xc000005 privateImeOptions=null actionLabel=null actionId=0 initialSelStart=-1 initialSelEnd=-1 initialCapsMode=0x0 hintText=null label=null packageName=com.example.cse110lab5 autofillId=1073741825 fieldId=2131230952 fieldName=null extras=null hintLocales=null contentMimeTypes=null ], IncognitoMode = false, DeviceLocked = false
05-31 23:17:36.649  7921  7921 I DeviceUnlockedTag: DeviceUnlockedTag.notifyDeviceLockStatusChanged():79 Notify device unlocked.
05-31 23:17:36.650  7921  7921 I DeviceUnlockedTag: DeviceUnlockedTag.notifyDeviceLockStatusChanged():79 Notify device unlocked.
05-31 23:17:36.650  7921  7921 I Delight5Facilitator: Delight5Facilitator.initializeForIme():769 initializeForIme() : Locale = [en_US], layout = qwerty
05-31 23:17:36.651  7921  7921 I Delight5Facilitator: Delight5Facilitator.resetDecoder():925 resetDecoder() : Locale = [en_US]
05-31 23:17:36.653  7921  7921 E UserFeatureCache: UserFeatureCache.getStore():468 Wrong feature id provided PERSONALIZED_FST_MODEL_PARAMS for protobuf lab.
05-31 23:17:36.653  7921  7921 E InputContextLock: InputContextLock.mayLockAndRun():126 Failed to run
05-31 23:17:36.653  7921  7921 E InputContextLock: java.lang.NullPointerException: Attempt to invoke virtual method 'java.lang.Class java.lang.Object.getClass()' on a null object reference
05-31 23:17:36.653  7921  7921 E InputContextLock: 	at com.google.android.libraries.inputmethod.userfeaturecache.UserFeatureCache.c(PG:8)
05-31 23:17:36.653  7921  7921 E InputContextLock: 	at com.google.android.apps.inputmethod.libs.delight5.Delight5Facilitator.K(PG:131)
05-31 23:17:36.653  7921  7921 E InputContextLock: 	at cng.call(Unknown Source:4)
05-31 23:17:36.653  7921  7921 E InputContextLock: 	at con.a(PG:8)
05-31 23:17:36.653  7921  7921 E InputContextLock: 	at com.google.android.apps.inputmethod.libs.delight5.Delight5Facilitator.G(PG:37)
05-31 23:17:36.653  7921  7921 E InputContextLock: 	at com.google.android.apps.inputmethod.libs.latin5.LatinIme.h(PG:17)
05-31 23:17:36.653  7921  7921 E InputContextLock: 	at jlx.g(PG:6)
05-31 23:17:36.653  7921  7921 E InputContextLock: 	at jlx.m(PG:2)
05-31 23:17:36.653  7921  7921 E InputContextLock: 	at dww.u(PG:18)
05-31 23:17:36.653  7921  7921 E InputContextLock: 	at com.android.inputmethod.latin.LatinIME.u(PG:104)
05-31 23:17:36.653  7921  7921 E InputContextLock: 	at dww.onStartInputView(PG:29)
05-31 23:17:36.653  7921  7921 E InputContextLock: 	at android.inputmethodservice.InputMethodService.doStartInput(InputMethodService.java:2443)
05-31 23:17:36.653  7921  7921 E InputContextLock: 	at android.inputmethodservice.InputMethodService$InputMethodImpl.startInput(InputMethodService.java:689)
05-31 23:17:36.653  7921  7921 E InputContextLock: 	at android.inputmethodservice.InputMethodService$InputMethodImpl.dispatchStartInputWithToken(InputMethodService.java:719)
05-31 23:17:36.653  7921  7921 E InputContextLock: 	at android.inputmethodservice.IInputMethodWrapper.executeMessage(IInputMethodWrapper.java:199)
05-31 23:17:36.653  7921  7921 E InputContextLock: 	at com.android.internal.os.HandlerCaller$MyHandler.handleMessage(HandlerCaller.java:44)
05-31 23:17:36.653  7921  7921 E InputContextLock: 	at android.os.Handler.dispatchMessage(Handler.java:106)
05-31 23:17:36.653  7921  7921 E InputContextLock: 	at android.os.Looper.loopOnce(Looper.java:201)
05-31 23:17:36.653  7921  7921 E InputContextLock: 	at android.os.Looper.loop(Looper.java:288)
05-31 23:17:36.653  7921  7921 E InputContextLock: 	at android.app.ActivityThread.main(ActivityThread.java:7842)
05-31 23:17:36.653  7921  7921 E InputContextLock: 	at java.lang.reflect.Method.invoke(Native Method)
05-31 23:17:36.653  7921  7921 E InputContextLock: 	at com.android.internal.os.RuntimeInit$MethodAndArgsCaller.run(RuntimeInit.java:548)
05-31 23:17:36.653  7921  7921 E InputContextLock: 	at com.android.internal.os.ZygoteInit.main(ZygoteInit.java:1003)
05-31 23:17:36.655  7921  7921 I VoiceInputManagerWrapper: VoiceInputManagerWrapper.cancelShutdown():55 cancelShutdown()
05-31 23:17:36.655  7921  7921 I VoiceInputManagerWrapper: VoiceInputManagerWrapper.syncLanguagePacks():67 syncLanguagePacks()
05-31 23:17:36.656  7921  7921 I LatinIme: LatinIme.updateEnableInlineSuggestionsOnDecoderSideFlags():1264 inline flag updated to:false
05-31 23:17:36.656 27803 27824 D EventInjectionStrategy: Creating injection strategy with input manager.
05-31 23:17:36.656  7921  8642 I SpeechFactory: SpeechRecognitionFactory.maybeScheduleAutoPackDownloadForFallback():184 maybeScheduleAutoPackDownloadForFallback()
05-31 23:17:36.656  7921  8642 I FallbackOnDeviceRecognitionProvider: FallbackOnDeviceRecognitionProvider.maybeScheduleAutoPackDownload():196 maybeScheduleAutoPackDownload() for language tag en-US
05-31 23:17:36.657 27803 27824 W mple.cse110lab: Accessing hidden method Landroid/hardware/input/InputManager;->getInstance()Landroid/hardware/input/InputManager; (unsupported, reflection, allowed)
05-31 23:17:36.657 27803 27824 W mple.cse110lab: Accessing hidden method Landroid/hardware/input/InputManager;->injectInputEvent(Landroid/view/InputEvent;I)Z (unsupported, reflection, allowed)
05-31 23:17:36.657 27803 27824 W mple.cse110lab: Accessing hidden field Landroid/hardware/input/InputManager;->INJECT_INPUT_EVENT_MODE_WAIT_FOR_FINISH:I (unsupported, reflection, allowed)
05-31 23:17:36.659  7921  7921 W Delight5Decoder: Decoder.setRuntimeParams():372 setRuntimeParams() : Native lib is not ready.
05-31 23:17:36.661  7921  7921 I KeyboardWrapper: KeyboardWrapper.consumeEvent():284 Skip consuming an event as current keyboard is deactivated (state=0, keyboard existence=true)
05-31 23:17:36.664  7921  7921 I DeviceUnlockedTag: DeviceUnlockedTag.notifyDeviceLockStatusChanged():79 Notify device unlocked.
05-31 23:17:36.664  7921  7921 I DeviceUnlockedTag: DeviceUnlockedTag.notifyDeviceLockStatusChanged():79 Notify device unlocked.
05-31 23:17:36.667  7921  7921 I DeviceUnlockedTag: DeviceUnlockedTag.notifyDeviceLockStatusChanged():79 Notify device unlocked.
05-31 23:17:36.667  7921  7921 I DeviceUnlockedTag: DeviceUnlockedTag.notifyDeviceLockStatusChanged():79 Notify device unlocked.
05-31 23:17:36.668  7921  7921 I DeviceUnlockedTag: DeviceUnlockedTag.notifyDeviceLockStatusChanged():79 Notify device unlocked.
05-31 23:17:36.668  7921  7921 I DeviceUnlockedTag: DeviceUnlockedTag.notifyDeviceLockStatusChanged():79 Notify device unlocked.
05-31 23:17:36.669  7921  7921 I DeviceUnlockedTag: DeviceUnlockedTag.notifyDeviceLockStatusChanged():79 Notify device unlocked.
05-31 23:17:36.669  7921  7921 I DeviceUnlockedTag: DeviceUnlockedTag.notifyDeviceLockStatusChanged():79 Notify device unlocked.
05-31 23:17:36.675  7921  7921 I KeyboardViewHelper: KeyboardViewHelper.getView():166 Get view with height ratio:1.000000
05-31 23:17:36.683  7921  7921 I KeyboardViewUtil: KeyboardViewUtil.calculateMaxKeyboardBodyHeight():53 leave 344 height for app when screen height:2148, header height:121 and isFullscreenMode:false, so the max keyboard body height is:1683
05-31 23:17:36.685  7921  7921 I DeviceUnlockedTag: DeviceUnlockedTag.notifyDeviceLockStatusChanged():79 Notify device unlocked.
05-31 23:17:36.686  7921  7921 I DeviceUnlockedTag: DeviceUnlockedTag.notifyDeviceLockStatusChanged():79 Notify device unlocked.
05-31 23:17:36.686 27803 27824 W mple.cse110lab: Accessing hidden method Landroid/view/ViewConfiguration;->getDoubleTapMinTime()I (unsupported, reflection, allowed)
05-31 23:17:36.686  7921  7921 I DeviceUnlockedTag: DeviceUnlockedTag.notifyDeviceLockStatusChanged():79 Notify device unlocked.
05-31 23:17:36.686  7921  7921 I DeviceUnlockedTag: DeviceUnlockedTag.notifyDeviceLockStatusChanged():79 Notify device unlocked.
05-31 23:17:36.686  7921  7921 I DeviceModeUtil: DeviceModeUtil.getDeviceMode():96 Get device mode phone by ui mode:1 and smallestScreenWidthDp:392
05-31 23:17:36.687  7921  7921 I DeviceUnlockedTag: DeviceUnlockedTag.notifyDeviceLockStatusChanged():79 Notify device unlocked.
05-31 23:17:36.689  7921  7921 I NormalModeController: NormalModeController.getKeyboardBodyViewHolderPaddingBottom():111 currentPrimeKeyboardType:SOFT systemPaddingBottom:-1
05-31 23:17:36.689  7921  7921 I KeyboardViewUtil: KeyboardViewUtil.calculateMaxKeyboardBodyHeight():53 leave 344 height for app when screen height:2148, header height:121 and isFullscreenMode:false, so the max keyboard body height is:1683
05-31 23:17:36.690 27803 27824 W FileTestStorage: Test input args is not supported.
05-31 23:17:36.690  7921  7921 E LatinPrimeKeyboard: LatinPrimeKeyboard.updateCurrentImeLocales():414 consumeEvent: UPDATE_CURRENT_IME_LOCALES, Illegal argument
05-31 23:17:36.690  7921  7921 I NormalModeController: NormalModeController.getKeyboardBodyViewHolderPaddingBottom():111 currentPrimeKeyboardType:SOFT systemPaddingBottom:-1
05-31 23:17:36.690  7921  7921 I NormalModeController: NormalModeController.getKeyboardBodyViewHolderPaddingBottom():111 currentPrimeKeyboardType:SOFT systemPaddingBottom:-1
05-31 23:17:36.696  7921  7921 I DeviceUnlockedTag: DeviceUnlockedTag.notifyDeviceLockStatusChanged():79 Notify device unlocked.
05-31 23:17:36.696  7921  7921 I VoiceImeExtension: VoiceImeExtension.shouldStartVoiceInputAutomatically():364 No private IME option set to start voice input.
05-31 23:17:36.696 27803 27803 W mple.cse110lab: Accessing hidden method Landroid/os/MessageQueue;->next()Landroid/os/Message; (unsupported, reflection, allowed)
05-31 23:17:36.696 27803 27803 W mple.cse110lab: Accessing hidden field Landroid/os/MessageQueue;->mMessages:Landroid/os/Message; (unsupported, reflection, allowed)
05-31 23:17:36.696  7921  7921 I DeviceUnlockedTag: DeviceUnlockedTag.notifyDeviceLockStatusChanged():79 Notify device unlocked.
05-31 23:17:36.697 27803 27803 W mple.cse110lab: Accessing hidden method Landroid/os/Message;->recycleUnchecked()V (unsupported, reflection, allowed)
05-31 23:17:36.697  7921  7921 I DeviceUnlockedTag: DeviceUnlockedTag.notifyDeviceLockStatusChanged():79 Notify device unlocked.
05-31 23:17:36.698  7921  7921 I DeviceUnlockedTag: DeviceUnlockedTag.notifyDeviceLockStatusChanged():79 Notify device unlocked.
05-31 23:17:36.698  7921  7921 I DeviceUnlockedTag: DeviceUnlockedTag.notifyDeviceLockStatusChanged():79 Notify device unlocked.
05-31 23:17:36.698  7921  7921 I DeviceUnlockedTag: DeviceUnlockedTag.notifyDeviceLockStatusChanged():79 Notify device unlocked.
05-31 23:17:36.699  7921  7921 I DeviceUnlockedTag: DeviceUnlockedTag.notifyDeviceLockStatusChanged():79 Notify device unlocked.
05-31 23:17:36.700  7921  7921 I DeviceUnlockedTag: DeviceUnlockedTag.notifyDeviceLockStatusChanged():79 Notify device unlocked.
05-31 23:17:36.700  7921  7921 I DeviceUnlockedTag: DeviceUnlockedTag.notifyDeviceLockStatusChanged():79 Notify device unlocked.
05-31 23:17:36.701  7921  7921 I DeviceUnlockedTag: DeviceUnlockedTag.notifyDeviceLockStatusChanged():79 Notify device unlocked.
05-31 23:17:36.701  7921  7921 I DeviceUnlockedTag: DeviceUnlockedTag.notifyDeviceLockStatusChanged():79 Notify device unlocked.
05-31 23:17:36.702  7921  7921 I DeviceUnlockedTag: DeviceUnlockedTag.notifyDeviceLockStatusChanged():79 Notify device unlocked.
05-31 23:17:36.702  7921  7921 I DeviceUnlockedTag: DeviceUnlockedTag.notifyDeviceLockStatusChanged():79 Notify device unlocked.
05-31 23:17:36.703 27803 27803 W mple.cse110lab: Accessing hidden method Landroid/view/WindowManagerGlobal;->getInstance()Landroid/view/WindowManagerGlobal; (unsupported, reflection, allowed)
05-31 23:17:36.703 27803 27803 W mple.cse110lab: Accessing hidden field Landroid/view/WindowManagerGlobal;->mViews:Ljava/util/ArrayList; (unsupported, reflection, allowed)
05-31 23:17:36.703 27803 27803 W mple.cse110lab: Accessing hidden field Landroid/view/WindowManagerGlobal;->mParams:Ljava/util/ArrayList; (unsupported, reflection, allowed)
05-31 23:17:36.710 27803 27803 I ViewInteraction: Performing 'single click' action on view (view.getClass().getName() matches: is "androidx.appcompat.widget.AppCompatImageView" and view.getContentDescription() is "Search" and Child at position 1 in parent (view.getClass().getName() matches: is "android.widget.LinearLayout" and Child at position 0 in parent view.getId() is <2131231096/com.example.cse110lab5:id/search_text>) and (view has effective visibility <VISIBLE> and view.getGlobalVisibleRect() to return non-empty rectangle))
05-31 23:17:36.711   384   425 D goldfish-address-space: claimShared: Ask to claim region [0x3f4000000 0x3f4920000]
05-31 23:17:36.729   384   425 D goldfish-address-space: claimShared: Ask to claim region [0x3f4920000 0x3f5240000]
05-31 23:17:36.735  7921  7921 I GoogleInputMethodService: GoogleInputMethodService.onFinishInputView():2291
05-31 23:17:36.736  7921  7921 W TooltipLifecycleManager: TooltipLifecycleManager.dismissTooltips():157 Tooltip with id spell_check_add_to_dictionary not found in tooltipManager.
05-31 23:17:36.737  7921  7921 I InputBundle: InputBundle.consumeEvent():920 Skip consuming an event as keyboard status is 0
05-31 23:17:36.738   384   425 D goldfish-address-space: claimShared: Ask to claim region [0x3f5240000 0x3f5b60000]
05-31 23:17:36.739  7921  7921 I KeyboardWrapper: KeyboardWrapper.consumeEvent():284 Skip consuming an event as current keyboard is deactivated (state=0, keyboard existence=true)
05-31 23:17:36.739  7921  7921 I VoiceInputManagerWrapper: VoiceInputManagerWrapper.shutdown():77 shutdown()
05-31 23:17:36.740  7921  7921 I DeviceUnlockedTag: DeviceUnlockedTag.notifyDeviceLockStatusChanged():79 Notify device unlocked.
05-31 23:17:36.742  7921  7921 I AndroidIME: AbstractIme.onDeactivate():207 LatinIme.onDeactivate()
05-31 23:17:36.744   384   425 D goldfish-address-space: claimShared: Ask to claim region [0x3f385e000 0x3f3d19000]
05-31 23:17:36.749  7921  7921 I GoogleInputMethodService: GoogleInputMethodService.onFinishInput():3269
05-31 23:17:36.750  7921  7921 I GoogleInputMethodService: GoogleInputMethodService.onStartInput():1947
05-31 23:17:36.752  7921  7921 I DeviceUnlockedTag: DeviceUnlockedTag.notifyDeviceLockStatusChanged():79 Notify device unlocked.
05-31 23:17:36.754  7921  7921 I GoogleInputMethodService: GoogleInputMethodService.onStartInputView():2057
05-31 23:17:36.755  7921  7921 I DeviceUnlockedTag: DeviceUnlockedTag.notifyDeviceLockStatusChanged():79 Notify device unlocked.
05-31 23:17:36.755 27803 27803 D InsetsController: show(ime(), fromIme=true)
05-31 23:17:36.756  7921  7921 I DeviceUnlockedTag: DeviceUnlockedTag.notifyDeviceLockStatusChanged():79 Notify device unlocked.
05-31 23:17:36.757   418   551 I BpBinder: onLastStrongRef automatically unlinking death recipients: <uncached descriptor>
05-31 23:17:36.772  9955  9955 D BoundBrokerSvc: onBind: Intent { act=com.google.android.gms.common.BIND_SHARED_PREFS pkg=com.google.android.gms }
05-31 23:17:36.772  9955  9955 D BoundBrokerSvc: Loading bound service for intent: Intent { act=com.google.android.gms.common.BIND_SHARED_PREFS pkg=com.google.android.gms }
05-31 23:17:36.774  9955  9955 D BoundBrokerSvc: onUnbind: Intent { act=com.google.android.gms.common.BIND_SHARED_PREFS pkg=com.google.android.gms }
05-31 23:17:36.777  9955  9955 D BoundBrokerSvc: onBind: Intent { act=com.google.android.gms.common.BIND_SHARED_PREFS pkg=com.google.android.gms }
05-31 23:17:36.777  9955  9955 D BoundBrokerSvc: Loading bound service for intent: Intent { act=com.google.android.gms.common.BIND_SHARED_PREFS pkg=com.google.android.gms }
05-31 23:17:36.778  9955  9955 D BoundBrokerSvc: onUnbind: Intent { act=com.google.android.gms.common.BIND_SHARED_PREFS pkg=com.google.android.gms }
05-31 23:17:36.779  9955  9955 D BoundBrokerSvc: onBind: Intent { act=com.google.android.gms.common.BIND_SHARED_PREFS pkg=com.google.android.gms }
05-31 23:17:36.779  9955  9955 D BoundBrokerSvc: Loading bound service for intent: Intent { act=com.google.android.gms.common.BIND_SHARED_PREFS pkg=com.google.android.gms }
05-31 23:17:36.780  9955  9955 D BoundBrokerSvc: onUnbind: Intent { act=com.google.android.gms.common.BIND_SHARED_PREFS pkg=com.google.android.gms }
05-31 23:17:36.783  9955  9955 D BoundBrokerSvc: onBind: Intent { act=com.google.android.gms.common.BIND_SHARED_PREFS pkg=com.google.android.gms }
05-31 23:17:36.783  9955  9955 D BoundBrokerSvc: Loading bound service for intent: Intent { act=com.google.android.gms.common.BIND_SHARED_PREFS pkg=com.google.android.gms }
05-31 23:17:36.784  9955  9955 D BoundBrokerSvc: onUnbind: Intent { act=com.google.android.gms.common.BIND_SHARED_PREFS pkg=com.google.android.gms }
05-31 23:17:36.808   384   425 D goldfish-address-space: claimShared: Ask to claim region [0x3f3d19000 0x3f3d4b000]
05-31 23:17:36.811   384   425 D goldfish-address-space: claimShared: Ask to claim region [0x3f3d4b000 0x3f3d7d000]
05-31 23:17:36.813   384   425 D goldfish-address-space: claimShared: Ask to claim region [0x3f3d7d000 0x3f3daf000]
05-31 23:17:36.825  7921  7921 I KeyboardViewUtil: KeyboardViewUtil.getKeyboardHeightRatio():168 systemKeyboardHeightRatio:1.000000; userKeyboardHeightRatio:1.000000.
05-31 23:17:36.826  7921  7921 I DeviceUnlockedTag: DeviceUnlockedTag.notifyDeviceLockStatusChanged():79 Notify device unlocked.
05-31 23:17:36.826  7921  7921 I AndroidIME: AbstractIme.onActivate():86 PasswordIme.onActivate() : EditorInfo = inputType=Text imeActionName=UNSPECIFIED dump=[inputType=0x0 imeOptions=0x0 privateImeOptions=null actionLabel=null actionId=0 initialSelStart=-1 initialSelEnd=-1 initialCapsMode=0x0 hintText=null label=null packageName=com.example.cse110lab5 autofillId=1073741826 fieldId=2131230966 fieldName=null extras=null hintLocales=null contentMimeTypes=null ], IncognitoMode = false, DeviceLocked = false
05-31 23:17:36.827  7921  7921 I DeviceUnlockedTag: DeviceUnlockedTag.notifyDeviceLockStatusChanged():79 Notify device unlocked.
05-31 23:17:36.829  7921  7921 I KeyboardViewHelper: KeyboardViewHelper.getView():166 Get view with height ratio:1.000000
05-31 23:17:36.832  7921  7921 I KeyboardViewUtil: KeyboardViewUtil.calculateMaxKeyboardBodyHeight():53 leave 344 height for app when screen height:2148, header height:121 and isFullscreenMode:false, so the max keyboard body height is:1683
05-31 23:17:36.833  7921  7921 I DeviceUnlockedTag: DeviceUnlockedTag.notifyDeviceLockStatusChanged():79 Notify device unlocked.
05-31 23:17:36.833  7921  7921 I DeviceUnlockedTag: DeviceUnlockedTag.notifyDeviceLockStatusChanged():79 Notify device unlocked.
05-31 23:17:36.834  7921  7921 I DeviceUnlockedTag: DeviceUnlockedTag.notifyDeviceLockStatusChanged():79 Notify device unlocked.
05-31 23:17:36.834  7921  7921 I DeviceUnlockedTag: DeviceUnlockedTag.notifyDeviceLockStatusChanged():79 Notify device unlocked.
05-31 23:17:36.834  7921  7921 I DeviceUnlockedTag: DeviceUnlockedTag.notifyDeviceLockStatusChanged():79 Notify device unlocked.
05-31 23:17:36.835  7921  7921 I KeyboardViewUtil: KeyboardViewUtil.calculateMaxKeyboardBodyHeight():53 leave 344 height for app when screen height:2148, header height:121 and isFullscreenMode:false, so the max keyboard body height is:1683
05-31 23:17:36.835  7921  7921 I NormalModeController: NormalModeController.getKeyboardBodyViewHolderPaddingBottom():111 currentPrimeKeyboardType:SOFT systemPaddingBottom:-1
05-31 23:17:36.836  7921  7921 I NormalModeController: NormalModeController.getKeyboardBodyViewHolderPaddingBottom():111 currentPrimeKeyboardType:SOFT systemPaddingBottom:-1
05-31 23:17:36.838  7921  7921 I DeviceUnlockedTag: DeviceUnlockedTag.notifyDeviceLockStatusChanged():79 Notify device unlocked.
05-31 23:17:36.838  7921  7921 I VoiceImeExtension: VoiceImeExtension.shouldStartVoiceInputAutomatically():364 No private IME option set to start voice input.
05-31 23:17:36.841   812  1530 I OpenGLRenderer: Davey! duration=810205ms; Flags=1, FrameTimelineVsyncId=868151, IntendedVsync=24428339985728, Vsync=24428339985728, InputEventId=0, HandleInputStart=24428340667000, AnimationStart=24428340679200, PerformTraversalsStart=24428340781600, DrawStart=24428350673300, FrameDeadline=24428389985726, FrameInterval=24428340658600, FrameStartTime=16666666, SyncQueued=24428350761100, SyncStart=24428351470300, IssueDrawCommandsStart=24428351565500, SwapBuffers=24428351665400, FrameCompleted=25238546421400, DequeueBufferDuration=256100, QueueBufferDuration=480400, GpuCompleted=25238546421400, SwapBuffersCompleted=24428352854200, DisplayPresentTime=0,
05-31 23:17:36.848   556   942 W InputManager-JNI: Input channel object 'ea39aac Splash Screen com.example.cse110lab5 (client)' was disposed without first being removed with the input manager!
05-31 23:17:36.859  9955  9955 D BoundBrokerSvc: onBind: Intent { act=com.google.android.gms.common.BIND_SHARED_PREFS pkg=com.google.android.gms }
05-31 23:17:36.859  9955  9955 D BoundBrokerSvc: Loading bound service for intent: Intent { act=com.google.android.gms.common.BIND_SHARED_PREFS pkg=com.google.android.gms }
05-31 23:17:36.861 27803 27803 D InsetsController: show(ime(), fromIme=true)
05-31 23:17:36.861  9955  9955 D BoundBrokerSvc: onUnbind: Intent { act=com.google.android.gms.common.BIND_SHARED_PREFS pkg=com.google.android.gms }
05-31 23:17:36.865   418   463 I BpBinder: onLastStrongRef automatically unlinking death recipients: <uncached descriptor>
05-31 23:17:36.868  7921  7921 I GoogleInputMethodService: GoogleInputMethodService.onFinishInputView():2291
05-31 23:17:36.868  7921  7921 W TooltipLifecycleManager: TooltipLifecycleManager.dismissTooltips():157 Tooltip with id spell_check_add_to_dictionary not found in tooltipManager.
05-31 23:17:36.869 27803 27803 D CompatibilityChangeReporter: Compat change id reported: 163400105; UID 10148; state: DISABLED
05-31 23:17:36.869 27803 27803 D InputMethodManager: showSoftInput() view=android.widget.SearchView$SearchAutoComplete{3889cef VFED..CL. .F....ID 0,0-0,0 #1020464 android:id/search_src_text aid=1073741824} flags=0 reason=SHOW_SOFT_INPUT
05-31 23:17:36.876  9955  9955 D BoundBrokerSvc: onBind: Intent { act=com.google.android.gms.common.BIND_SHARED_PREFS pkg=com.google.android.gms }
05-31 23:17:36.876  9955  9955 D BoundBrokerSvc: Loading bound service for intent: Intent { act=com.google.android.gms.common.BIND_SHARED_PREFS pkg=com.google.android.gms }
05-31 23:17:36.876   373   373 E android.hardware.audio@7.0-impl.ranchu: device/generic/goldfish/audio/stream_out.cpp:updateSourceMetadata:377 failure: Result::NOT_SUPPORTED
05-31 23:17:36.877  7921  7921 I AndroidIME: AbstractIme.onDeactivate():207 PasswordIme.onDeactivate()
05-31 23:17:36.881  7638  7869 I FontLog : Received query Noto Color Emoji Compat, URI content://com.google.android.gms.fonts [CONTEXT service_id=132 ]
05-31 23:17:36.881  7638  7869 I FontLog : Query [emojicompat-emoji-font] resolved to {Noto Color Emoji Compat, wdth 100.0, wght 400, ital 0.0, bestEffort false} [CONTEXT service_id=132 ]
05-31 23:17:36.883  7638  7869 I FontLog : Fetch {Noto Color Emoji Compat, wdth 100.0, wght 400, ital 0.0, bestEffort false} end status Status{statusCode=SUCCESS, resolution=null} [CONTEXT service_id=132 ]
05-31 23:17:36.884  9955  9955 D BoundBrokerSvc: onUnbind: Intent { act=com.google.android.gms.common.BIND_SHARED_PREFS pkg=com.google.android.gms }
05-31 23:17:36.888  7921  7921 I GoogleInputMethodService: GoogleInputMethodService.onFinishInput():3269
05-31 23:17:36.893  7921  7921 I GoogleInputMethodService: GoogleInputMethodService.onStartInput():1947
05-31 23:17:36.894  7921  7921 I DeviceUnlockedTag: DeviceUnlockedTag.notifyDeviceLockStatusChanged():79 Notify device unlocked.
05-31 23:17:36.894  7921  7921 I GoogleInputMethodService: GoogleInputMethodService.onStartInputView():2057
05-31 23:17:36.895  7921  7921 I DeviceUnlockedTag: DeviceUnlockedTag.notifyDeviceLockStatusChanged():79 Notify device unlocked.
05-31 23:17:36.897  7921  7921 I DeviceUnlockedTag: DeviceUnlockedTag.notifyDeviceLockStatusChanged():79 Notify device unlocked.
05-31 23:17:36.898  7921  7921 I KeyboardViewUtil: KeyboardViewUtil.getKeyboardHeightRatio():168 systemKeyboardHeightRatio:1.000000; userKeyboardHeightRatio:1.000000.
05-31 23:17:36.899  7921  7921 I DeviceUnlockedTag: DeviceUnlockedTag.notifyDeviceLockStatusChanged():79 Notify device unlocked.
05-31 23:17:36.899  7921  7921 I AndroidIME: AbstractIme.onActivate():86 LatinIme.onActivate() : EditorInfo = inputType=Text imeActionName=SEARCH dump=[inputType=0x90001 imeOptions=0x8000003 privateImeOptions=null actionLabel=null actionId=0 initialSelStart=0 initialSelEnd=0 initialCapsMode=0x0 hintText=    label=null packageName=com.example.cse110lab5 autofillId=1073741824 fieldId=16909412 fieldName=null extras=null hintLocales=null contentMimeTypes=null ], IncognitoMode = false, DeviceLocked = false
05-31 23:17:36.900  7921  7921 I DeviceUnlockedTag: DeviceUnlockedTag.notifyDeviceLockStatusChanged():79 Notify device unlocked.
05-31 23:17:36.900  7921  7921 I DeviceUnlockedTag: DeviceUnlockedTag.notifyDeviceLockStatusChanged():79 Notify device unlocked.
05-31 23:17:36.901  7921  7921 I Delight5Facilitator: Delight5Facilitator.initializeForIme():769 initializeForIme() : Locale = [en_US], layout = qwerty
05-31 23:17:36.901  7921  7921 I Delight5Facilitator: Delight5Facilitator.resetDecoder():925 resetDecoder() : Locale = [en_US]
05-31 23:17:36.901  7921  7921 E UserFeatureCache: UserFeatureCache.getStore():468 Wrong feature id provided PERSONALIZED_FST_MODEL_PARAMS for protobuf lab.
05-31 23:17:36.901  7921  7921 E InputContextLock: InputContextLock.mayLockAndRun():126 Failed to run
05-31 23:17:36.901  7921  7921 E InputContextLock: java.lang.NullPointerException: Attempt to invoke virtual method 'java.lang.Class java.lang.Object.getClass()' on a null object reference
05-31 23:17:36.901  7921  7921 E InputContextLock: 	at com.google.android.libraries.inputmethod.userfeaturecache.UserFeatureCache.c(PG:8)
05-31 23:17:36.901  7921  7921 E InputContextLock: 	at com.google.android.apps.inputmethod.libs.delight5.Delight5Facilitator.K(PG:131)
05-31 23:17:36.901  7921  7921 E InputContextLock: 	at cng.call(Unknown Source:4)
05-31 23:17:36.901  7921  7921 E InputContextLock: 	at con.a(PG:8)
05-31 23:17:36.901  7921  7921 E InputContextLock: 	at com.google.android.apps.inputmethod.libs.delight5.Delight5Facilitator.G(PG:37)
05-31 23:17:36.901  7921  7921 E InputContextLock: 	at com.google.android.apps.inputmethod.libs.latin5.LatinIme.h(PG:17)
05-31 23:17:36.901  7921  7921 E InputContextLock: 	at jlx.g(PG:6)
05-31 23:17:36.901  7921  7921 E InputContextLock: 	at jlx.m(PG:2)
05-31 23:17:36.901  7921  7921 E InputContextLock: 	at dww.u(PG:18)
05-31 23:17:36.901  7921  7921 E InputContextLock: 	at com.android.inputmethod.latin.LatinIME.u(PG:104)
05-31 23:17:36.901  7921  7921 E InputContextLock: 	at dww.onStartInputView(PG:29)
05-31 23:17:36.901  7921  7921 E InputContextLock: 	at android.inputmethodservice.InputMethodService.doStartInput(InputMethodService.java:2443)
05-31 23:17:36.901  7921  7921 E InputContextLock: 	at android.inputmethodservice.InputMethodService$InputMethodImpl.startInput(InputMethodService.java:689)
05-31 23:17:36.901  7921  7921 E InputContextLock: 	at android.inputmethodservice.InputMethodService$InputMethodImpl.dispatchStartInputWithToken(InputMethodService.java:719)
05-31 23:17:36.901  7921  7921 E InputContextLock: 	at android.inputmethodservice.IInputMethodWrapper.executeMessage(IInputMethodWrapper.java:199)
05-31 23:17:36.901  7921  7921 E InputContextLock: 	at com.android.internal.os.HandlerCaller$MyHandler.handleMessage(HandlerCaller.java:44)
05-31 23:17:36.901  7921  7921 E InputContextLock: 	at android.os.Handler.dispatchMessage(Handler.java:106)
05-31 23:17:36.901  7921  7921 E InputContextLock: 	at android.os.Looper.loopOnce(Looper.java:201)
05-31 23:17:36.901  7921  7921 E InputContextLock: 	at android.os.Looper.loop(Looper.java:288)
05-31 23:17:36.901  7921  7921 E InputContextLock: 	at android.app.ActivityThread.main(ActivityThread.java:7842)
05-31 23:17:36.901  7921  7921 E InputContextLock: 	at java.lang.reflect.Method.invoke(Native Method)
05-31 23:17:36.901  7921  7921 E InputContextLock: 	at com.android.internal.os.RuntimeInit$MethodAndArgsCaller.run(RuntimeInit.java:548)
05-31 23:17:36.901  7921  7921 E InputContextLock: 	at com.android.internal.os.ZygoteInit.main(ZygoteInit.java:1003)
05-31 23:17:36.901  7921  7921 I VoiceInputManagerWrapper: VoiceInputManagerWrapper.cancelShutdown():55 cancelShutdown()
05-31 23:17:36.901  7921  7921 I VoiceInputManagerWrapper: VoiceInputManagerWrapper.syncLanguagePacks():67 syncLanguagePacks()
05-31 23:17:36.902  7921  7921 I LatinIme: LatinIme.updateEnableInlineSuggestionsOnDecoderSideFlags():1264 inline flag updated to:false
05-31 23:17:36.902  7921  8642 I SpeechFactory: SpeechRecognitionFactory.maybeScheduleAutoPackDownloadForFallback():184 maybeScheduleAutoPackDownloadForFallback()
05-31 23:17:36.902  7921  8642 I FallbackOnDeviceRecognitionProvider: FallbackOnDeviceRecognitionProvider.maybeScheduleAutoPackDownload():196 maybeScheduleAutoPackDownload() for language tag en-US
05-31 23:17:36.902  7921  7921 W Delight5Decoder: Decoder.setRuntimeParams():372 setRuntimeParams() : Native lib is not ready.
05-31 23:17:36.906   413   528 D AudioFlinger: mixer(0x79e45ad25a60) throttle end: throttle time(118)
05-31 23:17:36.908  7921  7921 I KeyboardWrapper: KeyboardWrapper.consumeEvent():284 Skip consuming an event as current keyboard is deactivated (state=0, keyboard existence=true)
05-31 23:17:36.910  7921  7921 I DeviceUnlockedTag: DeviceUnlockedTag.notifyDeviceLockStatusChanged():79 Notify device unlocked.
05-31 23:17:36.912  7921  7921 I DeviceUnlockedTag: DeviceUnlockedTag.notifyDeviceLockStatusChanged():79 Notify device unlocked.
05-31 23:17:36.913  7921  7921 I DeviceUnlockedTag: DeviceUnlockedTag.notifyDeviceLockStatusChanged():79 Notify device unlocked.
05-31 23:17:36.914  7921  7921 I DeviceUnlockedTag: DeviceUnlockedTag.notifyDeviceLockStatusChanged():79 Notify device unlocked.
05-31 23:17:36.914  7921  7921 I DeviceUnlockedTag: DeviceUnlockedTag.notifyDeviceLockStatusChanged():79 Notify device unlocked.
05-31 23:17:36.914  7921  7921 I DeviceUnlockedTag: DeviceUnlockedTag.notifyDeviceLockStatusChanged():79 Notify device unlocked.
05-31 23:17:36.918  7638  7952 I FontLog : Pulling font file for id = 89, cache size = 6 [CONTEXT service_id=132 ]
05-31 23:17:36.926  7921  7921 I DeviceUnlockedTag: DeviceUnlockedTag.notifyDeviceLockStatusChanged():79 Notify device unlocked.
05-31 23:17:36.927  7921  7921 I KeyboardViewHelper: KeyboardViewHelper.getView():166 Get view with height ratio:1.000000
05-31 23:17:36.931  7638  7952 I FontLog : Pulling font file for id = 89, cache size = 6 [CONTEXT service_id=132 ]
05-31 23:17:36.932  7921  7921 I KeyboardViewUtil: KeyboardViewUtil.calculateMaxKeyboardBodyHeight():53 leave 344 height for app when screen height:2148, header height:121 and isFullscreenMode:false, so the max keyboard body height is:1683
05-31 23:17:36.933  7921  7921 I DeviceUnlockedTag: DeviceUnlockedTag.notifyDeviceLockStatusChanged():79 Notify device unlocked.
05-31 23:17:36.934  7921  7921 I DeviceUnlockedTag: DeviceUnlockedTag.notifyDeviceLockStatusChanged():79 Notify device unlocked.
05-31 23:17:36.934  7921  7921 I DeviceUnlockedTag: DeviceUnlockedTag.notifyDeviceLockStatusChanged():79 Notify device unlocked.
05-31 23:17:36.935  7921  7921 I DeviceUnlockedTag: DeviceUnlockedTag.notifyDeviceLockStatusChanged():79 Notify device unlocked.
05-31 23:17:36.935  7921  7921 I DeviceModeUtil: DeviceModeUtil.getDeviceMode():96 Get device mode phone by ui mode:1 and smallestScreenWidthDp:392
05-31 23:17:36.937  7921  7921 I DeviceUnlockedTag: DeviceUnlockedTag.notifyDeviceLockStatusChanged():79 Notify device unlocked.
05-31 23:17:36.938 27803 27803 I AssistStructure: Flattened final assist data: 2200 bytes, containing 1 windows, 14 views
05-31 23:17:36.938  7921  7921 I NormalModeController: NormalModeController.getKeyboardBodyViewHolderPaddingBottom():111 currentPrimeKeyboardType:SOFT systemPaddingBottom:-1
05-31 23:17:36.939  7921  7921 I KeyboardViewUtil: KeyboardViewUtil.calculateMaxKeyboardBodyHeight():53 leave 344 height for app when screen height:2148, header height:121 and isFullscreenMode:false, so the max keyboard body height is:1683
05-31 23:17:36.940  7921  7921 E LatinPrimeKeyboard: LatinPrimeKeyboard.updateCurrentImeLocales():414 consumeEvent: UPDATE_CURRENT_IME_LOCALES, Illegal argument
05-31 23:17:36.940  7921  7921 I NormalModeController: NormalModeController.getKeyboardBodyViewHolderPaddingBottom():111 currentPrimeKeyboardType:SOFT systemPaddingBottom:-1
05-31 23:17:36.940  7921  7921 I NormalModeController: NormalModeController.getKeyboardBodyViewHolderPaddingBottom():111 currentPrimeKeyboardType:SOFT systemPaddingBottom:-1
05-31 23:17:36.945   384   425 D goldfish-address-space: claimShared: Ask to claim region [0x3f3d19000 0x3f3d24000]
05-31 23:17:36.949  7921  7921 I DeviceUnlockedTag: DeviceUnlockedTag.notifyDeviceLockStatusChanged():79 Notify device unlocked.
05-31 23:17:36.950  7921  7921 I VoiceImeExtension: VoiceImeExtension.shouldStartVoiceInputAutomatically():364 No private IME option set to start voice input.
05-31 23:17:36.953  7921  7921 I DeviceUnlockedTag: DeviceUnlockedTag.notifyDeviceLockStatusChanged():79 Notify device unlocked.
05-31 23:17:36.954  7921  7921 I DeviceUnlockedTag: DeviceUnlockedTag.notifyDeviceLockStatusChanged():79 Notify device unlocked.
05-31 23:17:36.955  7921  7921 I DeviceUnlockedTag: DeviceUnlockedTag.notifyDeviceLockStatusChanged():79 Notify device unlocked.
05-31 23:17:36.957  7921  7921 I DeviceUnlockedTag: DeviceUnlockedTag.notifyDeviceLockStatusChanged():79 Notify device unlocked.
05-31 23:17:36.958  7921  7921 I DeviceUnlockedTag: DeviceUnlockedTag.notifyDeviceLockStatusChanged():79 Notify device unlocked.
05-31 23:17:36.958  7921  7921 I DeviceUnlockedTag: DeviceUnlockedTag.notifyDeviceLockStatusChanged():79 Notify device unlocked.
05-31 23:17:36.960  7921  7921 I DeviceUnlockedTag: DeviceUnlockedTag.notifyDeviceLockStatusChanged():79 Notify device unlocked.
05-31 23:17:36.960  7921  7921 I DeviceUnlockedTag: DeviceUnlockedTag.notifyDeviceLockStatusChanged():79 Notify device unlocked.
05-31 23:17:36.960  7921  7921 I DeviceUnlockedTag: DeviceUnlockedTag.notifyDeviceLockStatusChanged():79 Notify device unlocked.
05-31 23:17:36.961  7921  7921 I DeviceUnlockedTag: DeviceUnlockedTag.notifyDeviceLockStatusChanged():79 Notify device unlocked.
05-31 23:17:36.961  7921  7921 I DeviceUnlockedTag: DeviceUnlockedTag.notifyDeviceLockStatusChanged():79 Notify device unlocked.
05-31 23:17:36.962  7921  7921 I DeviceUnlockedTag: DeviceUnlockedTag.notifyDeviceLockStatusChanged():79 Notify device unlocked.
05-31 23:17:36.965 27803 27803 D InsetsController: show(ime(), fromIme=true)
05-31 23:17:36.967 27803 27803 D InsetsController: show(ime(), fromIme=true)
05-31 23:17:36.968  7921  7921 I NormalModeController: NormalModeController.getKeyboardBodyViewHolderPaddingBottom():111 currentPrimeKeyboardType:SOFT systemPaddingBottom:-1
05-31 23:17:36.980  9955  9955 D BoundBrokerSvc: onBind: Intent { act=com.google.android.gms.common.BIND_SHARED_PREFS pkg=com.google.android.gms }
05-31 23:17:36.980  9955  9955 D BoundBrokerSvc: Loading bound service for intent: Intent { act=com.google.android.gms.common.BIND_SHARED_PREFS pkg=com.google.android.gms }
05-31 23:17:36.989  9955  9955 D BoundBrokerSvc: onUnbind: Intent { act=com.google.android.gms.common.BIND_SHARED_PREFS pkg=com.google.android.gms }
05-31 23:17:36.991  7638  7638 W pfi     : Pending fill request while another request in the same session was triggered. [CONTEXT service_id=177 ]
05-31 23:17:36.996  9955  9955 D BoundBrokerSvc: onBind: Intent { act=com.google.android.gms.common.BIND_SHARED_PREFS pkg=com.google.android.gms }
