05-31 23:22:38.055  7921  7921 I DeviceUnlockedTag: DeviceUnlockedTag.notifyDeviceLockStatusChanged():79 Notify device unlocked.
05-31 23:22:38.055  7921  7921 W SessionManager: SessionManager.beginSession():53 Try to begin an already begun session [INPUT_SESSION], end it first
05-31 23:22:38.057  7921  7921 I GoogleInputMethodService: GoogleInputMethodService.onStartInputView():2057
05-31 23:22:38.057  7921  7921 I DeviceUnlockedTag: DeviceUnlockedTag.notifyDeviceLockStatusChanged():79 Notify device unlocked.
05-31 23:22:38.058  7921  7921 I DeviceUnlockedTag: DeviceUnlockedTag.notifyDeviceLockStatusChanged():79 Notify device unlocked.
05-31 23:22:38.060   373   373 E android.hardware.audio@7.0-impl.ranchu: device/generic/goldfish/audio/stream_out.cpp:updateSourceMetadata:377 failure: Result::NOT_SUPPORTED
05-31 23:22:38.153  7921  7921 I KeyboardViewUtil: KeyboardViewUtil.getKeyboardHeightRatio():168 systemKeyboardHeightRatio:1.000000; userKeyboardHeightRatio:1.000000.
05-31 23:22:38.153  7921  7921 I DeviceUnlockedTag: DeviceUnlockedTag.notifyDeviceLockStatusChanged():79 Notify device unlocked.
05-31 23:22:38.153  7921  7921 I AndroidIME: AbstractIme.onActivate():86 LatinIme.onActivate() : EditorInfo = inputType=Text imeActionName=SEARCH dump=[inputType=0x90001 imeOptions=0x8000003 privateImeOptions=null actionLabel=null actionId=0 initialSelStart=0 initialSelEnd=0 initialCapsMode=0x0 hintText=    label=null packageName=com.example.cse110lab5 autofillId=1073741824 fieldId=16909412 fieldName=null extras=null hintLocales=null contentMimeTypes=null ], IncognitoMode = false, DeviceLocked = false
05-31 23:22:38.154  7921  7921 I DeviceUnlockedTag: DeviceUnlockedTag.notifyDeviceLockStatusChanged():79 Notify device unlocked.
05-31 23:22:38.154  7921  7921 I DeviceUnlockedTag: DeviceUnlockedTag.notifyDeviceLockStatusChanged():79 Notify device unlocked.
05-31 23:22:38.154  7921  7921 I Delight5Facilitator: Delight5Facilitator.initializeForIme():769 initializeForIme() : Locale = [en_US], layout = qwerty
05-31 23:22:38.154  7921  7921 I Delight5Facilitator: Delight5Facilitator.resetDecoder():925 resetDecoder() : Locale = [en_US]
05-31 23:22:38.155  7921  7921 E UserFeatureCache: UserFeatureCache.getStore():468 Wrong feature id provided PERSONALIZED_FST_MODEL_PARAMS for protobuf lab.
05-31 23:22:38.156  7921  7921 E InputContextLock: InputContextLock.mayLockAndRun():126 Failed to run
05-31 23:22:38.156  7921  7921 E InputContextLock: java.lang.NullPointerException: Attempt to invoke virtual method 'java.lang.Class java.lang.Object.getClass()' on a null object reference
05-31 23:22:38.156  7921  7921 E InputContextLock: 	at com.google.android.libraries.inputmethod.userfeaturecache.UserFeatureCache.c(PG:8)
05-31 23:22:38.156  7921  7921 E InputContextLock: 	at com.google.android.apps.inputmethod.libs.delight5.Delight5Facilitator.K(PG:131)
05-31 23:22:38.156  7921  7921 E InputContextLock: 	at cng.call(Unknown Source:4)
05-31 23:22:38.156  7921  7921 E InputContextLock: 	at con.a(PG:8)
05-31 23:22:38.156  7921  7921 E InputContextLock: 	at com.google.android.apps.inputmethod.libs.delight5.Delight5Facilitator.G(PG:37)
05-31 23:22:38.156  7921  7921 E InputContextLock: 	at com.google.android.apps.inputmethod.libs.latin5.LatinIme.h(PG:17)
05-31 23:22:38.156  7921  7921 E InputContextLock: 	at jlx.g(PG:6)
05-31 23:22:38.156  7921  7921 E InputContextLock: 	at jlx.m(PG:2)
05-31 23:22:38.156  7921  7921 E InputContextLock: 	at dww.u(PG:18)
05-31 23:22:38.156  7921  7921 E InputContextLock: 	at com.android.inputmethod.latin.LatinIME.u(PG:104)
05-31 23:22:38.156  7921  7921 E InputContextLock: 	at dww.onStartInputView(PG:29)
05-31 23:22:38.156  7921  7921 E InputContextLock: 	at android.inputmethodservice.InputMethodService.startViews(InputMethodService.java:2291)
05-31 23:22:38.156  7921  7921 E InputContextLock: 	at android.inputmethodservice.InputMethodService.showWindow(InputMethodService.java:2237)
05-31 23:22:38.156  7921  7921 E InputContextLock: 	at android.inputmethodservice.InputMethodService$InputMethodImpl.showSoftInput(InputMethodService.java:808)
05-31 23:22:38.156  7921  7921 E InputContextLock: 	at android.inputmethodservice.InputMethodService$InputMethodImpl.showSoftInputWithToken(InputMethodService.java:782)
05-31 23:22:38.156  7921  7921 E InputContextLock: 	at android.inputmethodservice.IInputMethodWrapper.executeMessage(IInputMethodWrapper.java:225)
05-31 23:22:38.156  7921  7921 E InputContextLock: 	at com.android.internal.os.HandlerCaller$MyHandler.handleMessage(HandlerCaller.java:44)
05-31 23:22:38.156  7921  7921 E InputContextLock: 	at android.os.Handler.dispatchMessage(Handler.java:106)
05-31 23:22:38.156  7921  7921 E InputContextLock: 	at android.os.Looper.loopOnce(Looper.java:201)
05-31 23:22:38.156  7921  7921 E InputContextLock: 	at android.os.Looper.loop(Looper.java:288)
05-31 23:22:38.156  7921  7921 E InputContextLock: 	at android.app.ActivityThread.main(ActivityThread.java:7842)
05-31 23:22:38.156  7921  7921 E InputContextLock: 	at java.lang.reflect.Method.invoke(Native Method)
05-31 23:22:38.156  7921  7921 E InputContextLock: 	at com.android.internal.os.RuntimeInit$MethodAndArgsCaller.run(RuntimeInit.java:548)
05-31 23:22:38.156  7921  7921 E InputContextLock: 	at com.android.internal.os.ZygoteInit.main(ZygoteInit.java:1003)
05-31 23:22:38.156  7921  7921 I VoiceInputManagerWrapper: VoiceInputManagerWrapper.cancelShutdown():55 cancelShutdown()
05-31 23:22:38.156  7921  7921 I VoiceInputManagerWrapper: VoiceInputManagerWrapper.syncLanguagePacks():67 syncLanguagePacks()
05-31 23:22:38.157  7921  8642 I SpeechFactory: SpeechRecognitionFactory.maybeScheduleAutoPackDownloadForFallback():184 maybeScheduleAutoPackDownloadForFallback()
05-31 23:22:38.157  7921  7921 I LatinIme: LatinIme.updateEnableInlineSuggestionsOnDecoderSideFlags():1264 inline flag updated to:false
05-31 23:22:38.157  7921  8642 I FallbackOnDeviceRecognitionProvider: FallbackOnDeviceRecognitionProvider.maybeScheduleAutoPackDownload():196 maybeScheduleAutoPackDownload() for language tag en-US
05-31 23:22:38.157  7921  7921 W Delight5Decoder: Decoder.setRuntimeParams():372 setRuntimeParams() : Native lib is not ready.
05-31 23:22:38.159  7921  7921 I KeyboardWrapper: KeyboardWrapper.consumeEvent():284 Skip consuming an event as current keyboard is deactivated (state=0, keyboard existence=true)
05-31 23:22:38.160  7921  7921 I DeviceUnlockedTag: DeviceUnlockedTag.notifyDeviceLockStatusChanged():79 Notify device unlocked.
05-31 23:22:38.161  7921  7921 I DeviceUnlockedTag: DeviceUnlockedTag.notifyDeviceLockStatusChanged():79 Notify device unlocked.
05-31 23:22:38.162  7921  7921 I DeviceUnlockedTag: DeviceUnlockedTag.notifyDeviceLockStatusChanged():79 Notify device unlocked.
05-31 23:22:38.162  7921  7921 I DeviceUnlockedTag: DeviceUnlockedTag.notifyDeviceLockStatusChanged():79 Notify device unlocked.
05-31 23:22:38.162  7921  7921 I DeviceUnlockedTag: DeviceUnlockedTag.notifyDeviceLockStatusChanged():79 Notify device unlocked.
05-31 23:22:38.163  7921  7921 I DeviceUnlockedTag: DeviceUnlockedTag.notifyDeviceLockStatusChanged():79 Notify device unlocked.
05-31 23:22:38.163  7921  7921 I DeviceUnlockedTag: DeviceUnlockedTag.notifyDeviceLockStatusChanged():79 Notify device unlocked.
05-31 23:22:38.164  7921  7921 I KeyboardViewUtil: KeyboardViewUtil.calculateMaxKeyboardBodyHeight():53 leave 344 height for app when screen height:2148, header height:121 and isFullscreenMode:false, so the max keyboard body height is:1683
05-31 23:22:38.164  7921  7921 I DeviceUnlockedTag: DeviceUnlockedTag.notifyDeviceLockStatusChanged():79 Notify device unlocked.
05-31 23:22:38.165  7921  7921 I DeviceUnlockedTag: DeviceUnlockedTag.notifyDeviceLockStatusChanged():79 Notify device unlocked.
05-31 23:22:38.165  7921  7921 I DeviceUnlockedTag: DeviceUnlockedTag.notifyDeviceLockStatusChanged():79 Notify device unlocked.
05-31 23:22:38.165  7921  7921 I DeviceUnlockedTag: DeviceUnlockedTag.notifyDeviceLockStatusChanged():79 Notify device unlocked.
05-31 23:22:38.165  7921  7921 I DeviceModeUtil: DeviceModeUtil.getDeviceMode():96 Get device mode phone by ui mode:1 and smallestScreenWidthDp:392
05-31 23:22:38.166  7921  7921 I DeviceUnlockedTag: DeviceUnlockedTag.notifyDeviceLockStatusChanged():79 Notify device unlocked.
05-31 23:22:38.166  7921  7921 I NormalModeController: NormalModeController.getKeyboardBodyViewHolderPaddingBottom():111 currentPrimeKeyboardType:SOFT systemPaddingBottom:-1
05-31 23:22:38.167  7921  7921 I KeyboardViewUtil: KeyboardViewUtil.calculateMaxKeyboardBodyHeight():53 leave 344 height for app when screen height:2148, header height:121 and isFullscreenMode:false, so the max keyboard body height is:1683
05-31 23:22:38.167  7921  7921 E LatinPrimeKeyboard: LatinPrimeKeyboard.updateCurrentImeLocales():414 consumeEvent: UPDATE_CURRENT_IME_LOCALES, Illegal argument
05-31 23:22:38.167  7921  7921 I NormalModeController: NormalModeController.getKeyboardBodyViewHolderPaddingBottom():111 currentPrimeKeyboardType:SOFT systemPaddingBottom:-1
05-31 23:22:38.168  7921  7921 I NormalModeController: NormalModeController.getKeyboardBodyViewHolderPaddingBottom():111 currentPrimeKeyboardType:SOFT systemPaddingBottom:-1
05-31 23:22:38.170  7921  7921 I DeviceUnlockedTag: DeviceUnlockedTag.notifyDeviceLockStatusChanged():79 Notify device unlocked.
05-31 23:22:38.170  7921  7921 I VoiceImeExtension: VoiceImeExtension.shouldStartVoiceInputAutomatically():364 No private IME option set to start voice input.
05-31 23:22:38.173  9955  9955 D BoundBrokerSvc: onBind: Intent { act=com.google.android.gms.common.BIND_SHARED_PREFS pkg=com.google.android.gms }
05-31 23:22:38.173  9955  9955 D BoundBrokerSvc: Loading bound service for intent: Intent { act=com.google.android.gms.common.BIND_SHARED_PREFS pkg=com.google.android.gms }
05-31 23:22:38.175  9955  9955 D BoundBrokerSvc: onUnbind: Intent { act=com.google.android.gms.common.BIND_SHARED_PREFS pkg=com.google.android.gms }
05-31 23:22:38.175  7921  8064 D EGL_emulation: app_time_stats: avg=648.89ms min=10.58ms max=1687.25ms count=3
05-31 23:22:38.181  9955  9955 D BoundBrokerSvc: onBind: Intent { act=com.google.android.gms.common.BIND_SHARED_PREFS pkg=com.google.android.gms }
05-31 23:22:38.181  9955  9955 D BoundBrokerSvc: Loading bound service for intent: Intent { act=com.google.android.gms.common.BIND_SHARED_PREFS pkg=com.google.android.gms }
05-31 23:22:38.182  9955  9955 D BoundBrokerSvc: onUnbind: Intent { act=com.google.android.gms.common.BIND_SHARED_PREFS pkg=com.google.android.gms }
05-31 23:22:38.193   373   373 E android.hardware.audio@7.0-impl.ranchu: device/generic/goldfish/audio/stream_out.cpp:updateSourceMetadata:377 failure: Result::NOT_SUPPORTED
05-31 23:22:38.219 28332 28332 D InsetsController: show(ime(), fromIme=true)
05-31 23:22:38.361  7921  7921 W SpellCheckerExtension: SpellCheckerExtension.consumeEvent():156 SPELL_CHECK_SUGGESTIONS received with bad key data.
05-31 23:22:38.361  7921  7921 W TooltipLifecycleManager: TooltipLifecycleManager.dismissTooltips():157 Tooltip with id spell_check_add_to_dictionary not found in tooltipManager.
05-31 23:22:38.386   812   873 D EGL_emulation: app_time_stats: avg=43.21ms min=0.80ms max=199.94ms count=19
05-31 23:22:38.420 28332 28357 D EGL_emulation: app_time_stats: avg=1.39ms min=1.03ms max=2.65ms count=33
05-31 23:22:38.587 28332 28332 I ViewInteraction: Performing 'replace text(gorilla)' action on view (view.getClass().getName() matches: is "android.widget.SearchView$SearchAutoComplete" and Child at position 0 in parent (view.getClass().getName() matches: is "android.widget.LinearLayout" and Child at position 1 in parent view.getClass().getName() matches: is "android.widget.LinearLayout") and (view has effective visibility <VISIBLE> and view.getGlobalVisibleRect() to return non-empty rectangle))
05-31 23:22:38.590  7921  7921 I GoogleInputMethodService: GoogleInputMethodService.onStartInput():1947
05-31 23:22:38.591  7921  7921 I DeviceUnlockedTag: DeviceUnlockedTag.notifyDeviceLockStatusChanged():79 Notify device unlocked.
05-31 23:22:38.591  7921  7921 W SessionManager: SessionManager.beginSession():53 Try to begin an already begun session [INPUT_SESSION], end it first
05-31 23:22:38.591  7921  7921 W SessionManager: SessionManager.endSession():96 Child session [INPUT_VIEW_SESSION] is not ended while ending session [{IME_SESSION=1654064558153, INPUT_VIEW_SESSION=1654064558057, INPUT_SESSION=1654064558055, TRAINING_CACHE_SESSION=1654064558154}], ending it now.
05-31 23:22:38.591  7921  7921 W SessionManager: SessionManager.endSession():96 Child session [IME_SESSION] is not ended while ending session [{IME_SESSION=1654064558153, INPUT_VIEW_SESSION=1654064558057, INPUT_SESSION=1654064558055, TRAINING_CACHE_SESSION=1654064558154}], ending it now.
05-31 23:22:38.592  7921  7921 I GoogleInputMethodService: GoogleInputMethodService.onStartInputView():2057
05-31 23:22:38.592  7921  7921 I DeviceUnlockedTag: DeviceUnlockedTag.notifyDeviceLockStatusChanged():79 Notify device unlocked.
05-31 23:22:38.593  7921  7921 I DeviceUnlockedTag: DeviceUnlockedTag.notifyDeviceLockStatusChanged():79 Notify device unlocked.
05-31 23:22:38.619 28332 28332 I ViewInteraction: Performing 'close keyboard' action on view (view.getClass().getName() matches: is "android.widget.SearchView$SearchAutoComplete" and Child at position 0 in parent (view.getClass().getName() matches: is "android.widget.LinearLayout" and Child at position 1 in parent view.getClass().getName() matches: is "android.widget.LinearLayout") and (view has effective visibility <VISIBLE> and view.getGlobalVisibleRect() to return non-empty rectangle))
05-31 23:22:38.620 28332 28332 D IdlingRegistry: Registering idling resources: [androidx.test.espresso.action.CloseKeyboardAction$CloseKeyboardIdlingResult@5fddcbc]
05-31 23:22:38.623  7921  7921 I KeyboardViewUtil: KeyboardViewUtil.getKeyboardHeightRatio():168 systemKeyboardHeightRatio:1.000000; userKeyboardHeightRatio:1.000000.
05-31 23:22:38.624  7921  7921 W SpellCheckerExtension: SpellCheckerExtension.consumeEvent():156 SPELL_CHECK_SUGGESTIONS received with bad key data.
05-31 23:22:38.624  7921  7921 W TooltipLifecycleManager: TooltipLifecycleManager.dismissTooltips():157 Tooltip with id spell_check_add_to_dictionary not found in tooltipManager.
05-31 23:22:38.624  7921  7921 I KeyboardWrapper: KeyboardWrapper.consumeEvent():284 Skip consuming an event as current keyboard is deactivated (state=0, keyboard existence=true)
05-31 23:22:38.624  7921  7921 I VoiceInputManagerWrapper: VoiceInputManagerWrapper.shutdown():77 shutdown()
05-31 23:22:38.625  7921  7921 I DeviceUnlockedTag: DeviceUnlockedTag.notifyDeviceLockStatusChanged():79 Notify device unlocked.
05-31 23:22:38.625  7921  7921 I AndroidIME: AbstractIme.onDeactivate():207 LatinIme.onDeactivate()
05-31 23:22:38.625  7921  7921 W SessionManager: SessionManager.endSession():88 Try to end a not begun session [IME_SESSION].
05-31 23:22:38.625  7921  7921 I DeviceUnlockedTag: DeviceUnlockedTag.notifyDeviceLockStatusChanged():79 Notify device unlocked.
05-31 23:22:38.625  7921  7921 I AndroidIME: AbstractIme.onActivate():86 LatinIme.onActivate() : EditorInfo = inputType=Text imeActionName=SEARCH dump=[inputType=0x90001 imeOptions=0x8000003 privateImeOptions=null actionLabel=null actionId=0 initialSelStart=0 initialSelEnd=0 initialCapsMode=0x0 hintText=    label=null packageName=com.example.cse110lab5 autofillId=1073741824 fieldId=16909412 fieldName=null extras=null hintLocales=null contentMimeTypes=null ], IncognitoMode = false, DeviceLocked = false
05-31 23:22:38.627  7921  7921 I DeviceUnlockedTag: DeviceUnlockedTag.notifyDeviceLockStatusChanged():79 Notify device unlocked.
05-31 23:22:38.627  7921  7921 I DeviceUnlockedTag: DeviceUnlockedTag.notifyDeviceLockStatusChanged():79 Notify device unlocked.
05-31 23:22:38.628  7921  7921 I Delight5Facilitator: Delight5Facilitator.initializeForIme():769 initializeForIme() : Locale = [en_US], layout = qwerty
05-31 23:22:38.628  7921  7921 I Delight5Facilitator: Delight5Facilitator.resetDecoder():925 resetDecoder() : Locale = [en_US]
05-31 23:22:38.628  7921  7921 E UserFeatureCache: UserFeatureCache.getStore():468 Wrong feature id provided PERSONALIZED_FST_MODEL_PARAMS for protobuf lab.
05-31 23:22:38.628  7921  7921 E InputContextLock: InputContextLock.mayLockAndRun():126 Failed to run
05-31 23:22:38.628  7921  7921 E InputContextLock: java.lang.NullPointerException: Attempt to invoke virtual method 'java.lang.Class java.lang.Object.getClass()' on a null object reference
05-31 23:22:38.628  7921  7921 E InputContextLock: 	at com.google.android.libraries.inputmethod.userfeaturecache.UserFeatureCache.c(PG:8)
05-31 23:22:38.628  7921  7921 E InputContextLock: 	at com.google.android.apps.inputmethod.libs.delight5.Delight5Facilitator.K(PG:131)
05-31 23:22:38.628  7921  7921 E InputContextLock: 	at cng.call(Unknown Source:4)
05-31 23:22:38.628  7921  7921 E InputContextLock: 	at con.a(PG:8)
05-31 23:22:38.628  7921  7921 E InputContextLock: 	at com.google.android.apps.inputmethod.libs.delight5.Delight5Facilitator.G(PG:37)
05-31 23:22:38.628  7921  7921 E InputContextLock: 	at com.google.android.apps.inputmethod.libs.latin5.LatinIme.h(PG:17)
05-31 23:22:38.628  7921  7921 E InputContextLock: 	at jlx.g(PG:6)
05-31 23:22:38.628  7921  7921 E InputContextLock: 	at jlx.m(PG:2)
05-31 23:22:38.628  7921  7921 E InputContextLock: 	at dww.u(PG:18)
05-31 23:22:38.628  7921  7921 E InputContextLock: 	at com.android.inputmethod.latin.LatinIME.u(PG:104)
05-31 23:22:38.628  7921  7921 E InputContextLock: 	at dww.onStartInputView(PG:29)
05-31 23:22:38.628  7921  7921 E InputContextLock: 	at android.inputmethodservice.InputMethodService.doStartInput(InputMethodService.java:2443)
05-31 23:22:38.628  7921  7921 E InputContextLock: 	at android.inputmethodservice.InputMethodService$InputMethodImpl.restartInput(InputMethodService.java:701)
05-31 23:22:38.628  7921  7921 E InputContextLock: 	at android.inputmethodservice.InputMethodService$InputMethodImpl.dispatchStartInputWithToken(InputMethodService.java:717)
05-31 23:22:38.628  7921  7921 E InputContextLock: 	at android.inputmethodservice.IInputMethodWrapper.executeMessage(IInputMethodWrapper.java:199)
05-31 23:22:38.628  7921  7921 E InputContextLock: 	at com.android.internal.os.HandlerCaller$MyHandler.handleMessage(HandlerCaller.java:44)
05-31 23:22:38.628  7921  7921 E InputContextLock: 	at android.os.Handler.dispatchMessage(Handler.java:106)
05-31 23:22:38.628  7921  7921 E InputContextLock: 	at android.os.Looper.loopOnce(Looper.java:201)
05-31 23:22:38.628  7921  7921 E InputContextLock: 	at android.os.Looper.loop(Looper.java:288)
05-31 23:22:38.628  7921  7921 E InputContextLock: 	at android.app.ActivityThread.main(ActivityThread.java:7842)
05-31 23:22:38.628  7921  7921 E InputContextLock: 	at java.lang.reflect.Method.invoke(Native Method)
05-31 23:22:38.628  7921  7921 E InputContextLock: 	at com.android.internal.os.RuntimeInit$MethodAndArgsCaller.run(RuntimeInit.java:548)
05-31 23:22:38.628  7921  7921 E InputContextLock: 	at com.android.internal.os.ZygoteInit.main(ZygoteInit.java:1003)
05-31 23:22:38.629  7921  7921 I VoiceInputManagerWrapper: VoiceInputManagerWrapper.cancelShutdown():55 cancelShutdown()
05-31 23:22:38.629  7921  7921 I VoiceInputManagerWrapper: VoiceInputManagerWrapper.syncLanguagePacks():67 syncLanguagePacks()
05-31 23:22:38.629  7921  7921 I LatinIme: LatinIme.updateEnableInlineSuggestionsOnDecoderSideFlags():1264 inline flag updated to:false
05-31 23:22:38.629  7921  8642 I SpeechFactory: SpeechRecognitionFactory.maybeScheduleAutoPackDownloadForFallback():184 maybeScheduleAutoPackDownloadForFallback()
05-31 23:22:38.629  7921  8642 I FallbackOnDeviceRecognitionProvider: FallbackOnDeviceRecognitionProvider.maybeScheduleAutoPackDownload():196 maybeScheduleAutoPackDownload() for language tag en-US
05-31 23:22:38.629  7921  7921 W Delight5Decoder: Decoder.setRuntimeParams():372 setRuntimeParams() : Native lib is not ready.
05-31 23:22:38.630  7921  7921 I KeyboardWrapper: KeyboardWrapper.consumeEvent():284 Skip consuming an event as current keyboard is deactivated (state=0, keyboard existence=true)
05-31 23:22:38.631  7921  7921 I DeviceUnlockedTag: DeviceUnlockedTag.notifyDeviceLockStatusChanged():79 Notify device unlocked.
05-31 23:22:38.632  7921  7921 I DeviceUnlockedTag: DeviceUnlockedTag.notifyDeviceLockStatusChanged():79 Notify device unlocked.
05-31 23:22:38.632  7921  7921 I DeviceUnlockedTag: DeviceUnlockedTag.notifyDeviceLockStatusChanged():79 Notify device unlocked.
05-31 23:22:38.633  7921  7921 I DeviceUnlockedTag: DeviceUnlockedTag.notifyDeviceLockStatusChanged():79 Notify device unlocked.
05-31 23:22:38.633  7921  7921 I DeviceUnlockedTag: DeviceUnlockedTag.notifyDeviceLockStatusChanged():79 Notify device unlocked.
05-31 23:22:38.634  7921  7921 I DeviceUnlockedTag: DeviceUnlockedTag.notifyDeviceLockStatusChanged():79 Notify device unlocked.
05-31 23:22:38.634  7921  7921 I DeviceUnlockedTag: DeviceUnlockedTag.notifyDeviceLockStatusChanged():79 Notify device unlocked.
05-31 23:22:38.634  7921  7921 I KeyboardViewUtil: KeyboardViewUtil.calculateMaxKeyboardBodyHeight():53 leave 344 height for app when screen height:2148, header height:121 and isFullscreenMode:false, so the max keyboard body height is:1683
05-31 23:22:38.635  7921  7921 I DeviceUnlockedTag: DeviceUnlockedTag.notifyDeviceLockStatusChanged():79 Notify device unlocked.
05-31 23:22:38.635  7921  7921 I DeviceUnlockedTag: DeviceUnlockedTag.notifyDeviceLockStatusChanged():79 Notify device unlocked.
05-31 23:22:38.636  7921  7921 I DeviceUnlockedTag: DeviceUnlockedTag.notifyDeviceLockStatusChanged():79 Notify device unlocked.
05-31 23:22:38.636  7921  7921 I DeviceUnlockedTag: DeviceUnlockedTag.notifyDeviceLockStatusChanged():79 Notify device unlocked.
05-31 23:22:38.636  7921  7921 I DeviceModeUtil: DeviceModeUtil.getDeviceMode():96 Get device mode phone by ui mode:1 and smallestScreenWidthDp:392
05-31 23:22:38.637  7921  7921 I DeviceUnlockedTag: DeviceUnlockedTag.notifyDeviceLockStatusChanged():79 Notify device unlocked.
05-31 23:22:38.637  7921  7921 I NormalModeController: NormalModeController.getKeyboardBodyViewHolderPaddingBottom():111 currentPrimeKeyboardType:SOFT systemPaddingBottom:-1
05-31 23:22:38.637  7921  7921 I KeyboardViewUtil: KeyboardViewUtil.calculateMaxKeyboardBodyHeight():53 leave 344 height for app when screen height:2148, header height:121 and isFullscreenMode:false, so the max keyboard body height is:1683
05-31 23:22:38.638  7921  7921 E LatinPrimeKeyboard: LatinPrimeKeyboard.updateCurrentImeLocales():414 consumeEvent: UPDATE_CURRENT_IME_LOCALES, Illegal argument
05-31 23:22:38.638  7921  7921 I NormalModeController: NormalModeController.getKeyboardBodyViewHolderPaddingBottom():111 currentPrimeKeyboardType:SOFT systemPaddingBottom:-1
05-31 23:22:38.638  7921  7921 I NormalModeController: NormalModeController.getKeyboardBodyViewHolderPaddingBottom():111 currentPrimeKeyboardType:SOFT systemPaddingBottom:-1
05-31 23:22:38.639  7921  7921 I DeviceUnlockedTag: DeviceUnlockedTag.notifyDeviceLockStatusChanged():79 Notify device unlocked.
05-31 23:22:38.639  7921  7921 I VoiceImeExtension: VoiceImeExtension.shouldStartVoiceInputAutomatically():364 No private IME option set to start voice input.
05-31 23:22:38.641 28332 28332 D InsetsController: show(ime(), fromIme=true)
05-31 23:22:38.643  9955  9955 D BoundBrokerSvc: onBind: Intent { act=com.google.android.gms.common.BIND_SHARED_PREFS pkg=com.google.android.gms }
05-31 23:22:38.643  9955  9955 D BoundBrokerSvc: Loading bound service for intent: Intent { act=com.google.android.gms.common.BIND_SHARED_PREFS pkg=com.google.android.gms }
05-31 23:22:38.646  7921  7921 I GoogleInputMethodService: GoogleInputMethodService.onFinishInputView():2291
05-31 23:22:38.646  7921  7921 W TooltipLifecycleManager: TooltipLifecycleManager.dismissTooltips():157 Tooltip with id spell_check_add_to_dictionary not found in tooltipManager.
05-31 23:22:38.646  7921  7921 I InputBundle: InputBundle.consumeEvent():920 Skip consuming an event as keyboard status is 0
05-31 23:22:38.646  7921  7921 I KeyboardWrapper: KeyboardWrapper.consumeEvent():284 Skip consuming an event as current keyboard is deactivated (state=0, keyboard existence=true)
05-31 23:22:38.647  7921  7921 I VoiceInputManagerWrapper: VoiceInputManagerWrapper.shutdown():77 shutdown()
05-31 23:22:38.647  7921  7921 I DeviceUnlockedTag: DeviceUnlockedTag.notifyDeviceLockStatusChanged():79 Notify device unlocked.
05-31 23:22:38.647  7921  7921 I AndroidIME: AbstractIme.onDeactivate():207 LatinIme.onDeactivate()
05-31 23:22:38.653  9955  9955 D BoundBrokerSvc: onUnbind: Intent { act=com.google.android.gms.common.BIND_SHARED_PREFS pkg=com.google.android.gms }
05-31 23:22:38.658  9955  9955 D BoundBrokerSvc: onBind: Intent { act=com.google.android.gms.common.BIND_SHARED_PREFS pkg=com.google.android.gms }
05-31 23:22:38.658  9955  9955 D BoundBrokerSvc: Loading bound service for intent: Intent { act=com.google.android.gms.common.BIND_SHARED_PREFS pkg=com.google.android.gms }
05-31 23:22:38.659  9955  9955 D BoundBrokerSvc: onUnbind: Intent { act=com.google.android.gms.common.BIND_SHARED_PREFS pkg=com.google.android.gms }
05-31 23:22:38.956 28332 28332 D IdlingRegistry: Unregistering idling resources: [androidx.test.espresso.action.CloseKeyboardAction$CloseKeyboardIdlingResult@5fddcbc]
05-31 23:22:38.958 28332 28332 I ViewInteraction: Performing 'single click' action on view (view.getId() is <2131231088/com.example.cse110lab5:id/search_btn> and an instance of android.widget.TextView and view.getText() with or without transformation to match: is "Search" and Child at position 2 in parent Child at position 0 in parent view.getId() is <16908290/android:id/content> and (view has effective visibility <VISIBLE> and view.getGlobalVisibleRect() to return non-empty rectangle))
05-31 23:22:39.012   373   373 E android.hardware.audio@7.0-impl.ranchu: device/generic/goldfish/audio/stream_out.cpp:updateSourceMetadata:377 failure: Result::NOT_SUPPORTED
05-31 23:22:39.145   373   373 E android.hardware.audio@7.0-impl.ranchu: device/generic/goldfish/audio/stream_out.cpp:updateSourceMetadata:377 failure: Result::NOT_SUPPORTED
05-31 23:22:39.268 28332 28332 I ViewInteraction: Performing 'load adapter data' action on view (view.getId() is <2131231097/com.example.cse110lab5:id/search_view> and Child at position 3 in parent view.getClass().getName() matches: is "androidx.constraintlayout.widget.ConstraintLayout")
05-31 23:22:39.287 28332 28332 I ViewInteraction: Performing 'single click' action on view  displaying data matching: ANYTHING within adapter view matching: (view.getId() is <2131231097/com.example.cse110lab5:id/search_view> and Child at position 3 in parent view.getClass().getName() matches: is "androidx.constraintlayout.widget.ConstraintLayout")
05-31 23:22:39.419   812   873 D EGL_emulation: app_time_stats: avg=1.13ms min=0.75ms max=3.15ms count=32
05-31 23:22:39.421   373   373 E android.hardware.audio@7.0-impl.ranchu: device/generic/goldfish/audio/stream_out.cpp:updateSourceMetadata:377 failure: Result::NOT_SUPPORTED
05-31 23:22:39.452 28332 28357 D EGL_emulation: app_time_stats: avg=7.80ms min=1.01ms max=149.20ms count=28
05-31 23:22:39.543   373   373 E android.hardware.audio@7.0-impl.ranchu: device/generic/goldfish/audio/stream_out.cpp:updateSourceMetadata:377 failure: Result::NOT_SUPPORTED
05-31 23:22:39.631  7921  7921 I DeviceUnlockedTag: DeviceUnlockedTag.notifyDeviceLockStatusChanged():79 Notify device unlocked.
05-31 23:22:39.735 28332 28332 I ViewInteraction: Performing 'single click' action on view (view.getId() is <2131230819/com.example.cse110lab5:id/button> and an instance of android.widget.TextView and view.getText() with or without transformation to match: is "Count" and Child at position 4 in parent Child at position 0 in parent view.getId() is <16908290/android:id/content> and (view has effective visibility <VISIBLE> and view.getGlobalVisibleRect() to return non-empty rectangle))
05-31 23:22:39.854   373   373 E android.hardware.audio@7.0-impl.ranchu: device/generic/goldfish/audio/stream_out.cpp:updateSourceMetadata:377 failure: Result::NOT_SUPPORTED
05-31 23:22:39.985   373   373 E android.hardware.audio@7.0-impl.ranchu: device/generic/goldfish/audio/stream_out.cpp:updateSourceMetadata:377 failure: Result::NOT_SUPPORTED
05-31 23:22:40.168 28332 28332 I ViewInteraction: Performing 'input method editor' action on view (view.getClass().getName() matches: is "android.widget.SearchView$SearchAutoComplete" and an instance of android.widget.TextView and view.getText() with or without transformation to match: is "gorilla" and Child at position 0 in parent (view.getClass().getName() matches: is "android.widget.LinearLayout" and Child at position 1 in parent view.getClass().getName() matches: is "android.widget.LinearLayout") and (view has effective visibility <VISIBLE> and view.getGlobalVisibleRect() to return non-empty rectangle))
05-31 23:22:40.170 28332 28332 I ViewInteraction: Performing 'single click' action on view (view.getId() is <2131230922/com.example.cse110lab5:id/go_to_plan_btn> and an instance of android.widget.TextView and view.getText() with or without transformation to match: is "Plan" and Child at position 6 in parent Child at position 0 in parent view.getId() is <16908290/android:id/content> and (view has effective visibility <VISIBLE> and view.getGlobalVisibleRect() to return non-empty rectangle))
05-31 23:22:40.453 28332 28357 D EGL_emulation: app_time_stats: avg=1.48ms min=1.05ms max=2.99ms count=31
05-31 23:22:40.585 28332 28332 W MotionEvents: Overslept and turned a tap into a long press
05-31 23:22:40.588   373   373 E android.hardware.audio@7.0-impl.ranchu: device/generic/goldfish/audio/stream_out.cpp:updateSourceMetadata:377 failure: Result::NOT_SUPPORTED
05-31 23:22:40.592 28332 28332 D LifecycleMonitor: Lifecycle status change: com.example.cse110lab5.TodoListActivity@aa9d812 in: PAUSED
05-31 23:22:40.593   556  1783 W InputReader: Device virtio_input_multi_touch_4 is associated with display ADISPLAY_ID_NONE.
05-31 23:22:40.593   556  1783 W InputReader: Device virtio_input_multi_touch_10 is associated with display ADISPLAY_ID_NONE.
05-31 23:22:40.593   556  1783 W InputReader: Device virtio_input_multi_touch_8 is associated with display ADISPLAY_ID_NONE.
05-31 23:22:40.593   556  1783 W InputReader: Device virtio_input_multi_touch_2 is associated with display ADISPLAY_ID_NONE.
05-31 23:22:40.593   556  1783 W InputReader: Device virtio_input_multi_touch_9 is associated with display ADISPLAY_ID_NONE.
05-31 23:22:40.593   556  1783 W InputReader: Device virtio_input_multi_touch_3 is associated with display ADISPLAY_ID_NONE.
05-31 23:22:40.594   556  1783 W InputReader: Device virtio_input_multi_touch_7 is associated with display ADISPLAY_ID_NONE.
05-31 23:22:40.594   556  1783 W InputReader: Device virtio_input_multi_touch_5 is associated with display ADISPLAY_ID_NONE.
05-31 23:22:40.594   556  1783 W InputReader: Device virtio_input_multi_touch_6 is associated with display ADISPLAY_ID_NONE.
05-31 23:22:40.594   556  1783 W InputReader: Device virtio_input_multi_touch_11 is associated with display ADISPLAY_ID_NONE.
05-31 23:22:40.594   556  1783 W InputReader: Device virtio_input_multi_touch_4 is associated with display ADISPLAY_ID_NONE.
05-31 23:22:40.594   556  1783 W InputReader: Device virtio_input_multi_touch_10 is associated with display ADISPLAY_ID_NONE.
05-31 23:22:40.594   556  1783 W InputReader: Device virtio_input_multi_touch_8 is associated with display ADISPLAY_ID_NONE.
05-31 23:22:40.594   556  1783 W InputReader: Device virtio_input_multi_touch_2 is associated with display ADISPLAY_ID_NONE.
05-31 23:22:40.594   556  1783 W InputReader: Device virtio_input_multi_touch_9 is associated with display ADISPLAY_ID_NONE.
05-31 23:22:40.594   556  1783 W InputReader: Device virtio_input_multi_touch_3 is associated with display ADISPLAY_ID_NONE.
05-31 23:22:40.594   556  1783 W InputReader: Device virtio_input_multi_touch_7 is associated with display ADISPLAY_ID_NONE.
05-31 23:22:40.595   556  1783 W InputReader: Device virtio_input_multi_touch_5 is associated with display ADISPLAY_ID_NONE.
05-31 23:22:40.595   556  1783 W InputReader: Device virtio_input_multi_touch_6 is associated with display ADISPLAY_ID_NONE.
05-31 23:22:40.595   556  1783 W InputReader: Device virtio_input_multi_touch_11 is associated with display ADISPLAY_ID_NONE.
05-31 23:22:40.622 28332 28332 D LifecycleMonitor: Lifecycle status change: com.example.cse110lab5.PlanActivity@443896d in: PRE_ON_CREATE
05-31 23:22:40.681 28332 28332 D LifecycleMonitor: Lifecycle status change: com.example.cse110lab5.PlanActivity@443896d in: CREATED
05-31 23:22:40.685 28332 28332 D LifecycleMonitor: Lifecycle status change: com.example.cse110lab5.PlanActivity@443896d in: STARTED
05-31 23:22:40.686 28332 28332 D LifecycleMonitor: Lifecycle status change: com.example.cse110lab5.PlanActivity@443896d in: RESUMED
05-31 23:22:40.718   373   373 E android.hardware.audio@7.0-impl.ranchu: device/generic/goldfish/audio/stream_out.cpp:updateSourceMetadata:377 failure: Result::NOT_SUPPORTED
05-31 23:22:40.852   384   425 D goldfish-address-space: claimShared: Ask to claim region [0x3f18cd000 0x3f2232000]
05-31 23:22:40.856   384   425 D goldfish-address-space: claimShared: Ask to claim region [0x3f2232000 0x3f2b97000]
05-31 23:22:40.858   384   425 D goldfish-address-space: claimShared: Ask to claim region [0x3f2b97000 0x3f34fc000]
05-31 23:22:40.922   556   592 I ActivityTaskManager: Displayed com.example.cse110lab5/.PlanActivity: +334ms
05-31 23:22:40.958  7921  7921 I GoogleInputMethodService: GoogleInputMethodService.onFinishInput():3269
05-31 23:22:40.958  7921  7921 I GoogleInputMethodService: GoogleInputMethodService.onStartInput():1947
05-31 23:22:40.958  7921  7921 I DeviceUnlockedTag: DeviceUnlockedTag.notifyDeviceLockStatusChanged():79 Notify device unlocked.
05-31 23:22:41.086   812   873 D EGL_emulation: app_time_stats: avg=38.16ms min=0.77ms max=752.24ms count=25
05-31 23:22:41.338 28332 28332 D LifecycleMonitor: Lifecycle status change: com.example.cse110lab5.TodoListActivity@aa9d812 in: STOPPED
05-31 23:22:41.353 28332 28332 I ViewInteraction: Performing 'single click' action on view (view.getId() is <2131230880/com.example.cse110lab5:id/directions_btn> and an instance of android.widget.TextView and view.getText() with or without transformation to match: is "Directions" and Child at position 3 in parent Child at position 0 in parent view.getId() is <16908290/android:id/content> and (view has effective visibility <VISIBLE> and view.getGlobalVisibleRect() to return non-empty rectangle))
05-31 23:22:41.398 28332 28332 D LifecycleMonitor: Lifecycle status change: com.example.cse110lab5.PlanActivity@443896d in: PAUSED
05-31 23:22:41.399   556  1783 W InputReader: Device virtio_input_multi_touch_4 is associated with display ADISPLAY_ID_NONE.
05-31 23:22:41.399   556  1783 W InputReader: Device virtio_input_multi_touch_10 is associated with display ADISPLAY_ID_NONE.
05-31 23:22:41.399   556  1783 W InputReader: Device virtio_input_multi_touch_8 is associated with display ADISPLAY_ID_NONE.
05-31 23:22:41.399   556  1783 W InputReader: Device virtio_input_multi_touch_2 is associated with display ADISPLAY_ID_NONE.
05-31 23:22:41.399   556  1783 W InputReader: Device virtio_input_multi_touch_9 is associated with display ADISPLAY_ID_NONE.
05-31 23:22:41.399   556  1783 W InputReader: Device virtio_input_multi_touch_3 is associated with display ADISPLAY_ID_NONE.
05-31 23:22:41.399   556  1783 W InputReader: Device virtio_input_multi_touch_7 is associated with display ADISPLAY_ID_NONE.
05-31 23:22:41.399   556  1783 W InputReader: Device virtio_input_multi_touch_5 is associated with display ADISPLAY_ID_NONE.
05-31 23:22:41.400   556  1783 W InputReader: Device virtio_input_multi_touch_6 is associated with display ADISPLAY_ID_NONE.
05-31 23:22:41.400   556  1783 W InputReader: Device virtio_input_multi_touch_11 is associated with display ADISPLAY_ID_NONE.
05-31 23:22:41.400   556  1783 W InputReader: Device virtio_input_multi_touch_4 is associated with display ADISPLAY_ID_NONE.
05-31 23:22:41.400   556  1783 W InputReader: Device virtio_input_multi_touch_10 is associated with display ADISPLAY_ID_NONE.
05-31 23:22:41.400   556  1783 W InputReader: Device virtio_input_multi_touch_8 is associated with display ADISPLAY_ID_NONE.
05-31 23:22:41.400   556  1783 W InputReader: Device virtio_input_multi_touch_2 is associated with display ADISPLAY_ID_NONE.
05-31 23:22:41.400   556  1783 W InputReader: Device virtio_input_multi_touch_9 is associated with display ADISPLAY_ID_NONE.
05-31 23:22:41.400   556  1783 W InputReader: Device virtio_input_multi_touch_3 is associated with display ADISPLAY_ID_NONE.
05-31 23:22:41.400   556  1783 W InputReader: Device virtio_input_multi_touch_7 is associated with display ADISPLAY_ID_NONE.
05-31 23:22:41.400   556  1783 W InputReader: Device virtio_input_multi_touch_5 is associated with display ADISPLAY_ID_NONE.
05-31 23:22:41.400   556  1783 W InputReader: Device virtio_input_multi_touch_6 is associated with display ADISPLAY_ID_NONE.
05-31 23:22:41.400   556  1783 W InputReader: Device virtio_input_multi_touch_11 is associated with display ADISPLAY_ID_NONE.
05-31 23:22:41.402   373   373 E android.hardware.audio@7.0-impl.ranchu: device/generic/goldfish/audio/stream_out.cpp:updateSourceMetadata:377 failure: Result::NOT_SUPPORTED
05-31 23:22:41.412 28332 28332 D LifecycleMonitor: Lifecycle status change: com.example.cse110lab5.DirectionsActivity@e80b42a in: PRE_ON_CREATE
05-31 23:22:41.464 28332 28332 D LifecycleMonitor: Lifecycle status change: com.example.cse110lab5.DirectionsActivity@e80b42a in: CREATED
05-31 23:22:41.466 28332 28332 D LifecycleMonitor: Lifecycle status change: com.example.cse110lab5.DirectionsActivity@e80b42a in: STARTED
05-31 23:22:41.466 28332 28332 D LifecycleMonitor: Lifecycle status change: com.example.cse110lab5.DirectionsActivity@e80b42a in: RESUMED
05-31 23:22:41.535   373   373 E android.hardware.audio@7.0-impl.ranchu: device/generic/goldfish/audio/stream_out.cpp:updateSourceMetadata:377 failure: Result::NOT_SUPPORTED
05-31 23:22:41.602   384   425 D goldfish-address-space: claimShared: Ask to claim region [0x3f0f23000 0x3f1888000]
05-31 23:22:41.606   384   425 D goldfish-address-space: claimShared: Ask to claim region [0x3f4000000 0x3f4965000]
05-31 23:22:41.607   384   435 D goldfish-address-space: claimShared: Ask to claim region [0x3f6e40000 0x3f77a5000]
05-31 23:22:41.628  7921  7970 W LatinCommonCountersMetricsProcessor: LatinCommonCountersMetricsProcessor$DelightProblemReporter.run():765 Missing LM for 'en'
05-31 23:22:41.671   556   592 I ActivityTaskManager: Displayed com.example.cse110lab5/.DirectionsActivity: +275ms
05-31 23:22:41.740  7921  7921 I GoogleInputMethodService: GoogleInputMethodService.onFinishInput():3269
05-31 23:22:41.740  7921  7921 I GoogleInputMethodService: GoogleInputMethodService.onStartInput():1947
05-31 23:22:41.741  7921  7921 I DeviceUnlockedTag: DeviceUnlockedTag.notifyDeviceLockStatusChanged():79 Notify device unlocked.
05-31 23:22:41.969 28332 28357 D EGL_emulation: app_time_stats: avg=21.23ms min=1.06ms max=184.53ms count=26
05-31 23:22:42.035 28332 28332 I ViewInteraction: Performing 'single click' action on view (view.getId() is <2131231033/com.example.cse110lab5:id/next_btn> and an instance of android.widget.TextView and view.getText() with or without transformation to match: is "Next" and Child at position 1 in parent Child at position 0 in parent view.getId() is <16908290/android:id/content> and (view has effective visibility <VISIBLE> and view.getGlobalVisibleRect() to return non-empty rectangle))
05-31 23:22:42.135   812   873 D EGL_emulation: app_time_stats: avg=15.32ms min=0.76ms max=99.58ms count=27
05-31 23:22:42.138 28332 28332 D LifecycleMonitor: Lifecycle status change: com.example.cse110lab5.PlanActivity@443896d in: STOPPED
05-31 23:22:42.139 28332 28357 D OpenGLRenderer: endAllActiveAnimators on 0x7b159b390930 (RippleDrawable) with handle 0x7b14ab392740
05-31 23:22:42.154   373   373 E android.hardware.audio@7.0-impl.ranchu: device/generic/goldfish/audio/stream_out.cpp:updateSourceMetadata:377 failure: Result::NOT_SUPPORTED
05-31 23:22:42.287   373   373 E android.hardware.audio@7.0-impl.ranchu: device/generic/goldfish/audio/stream_out.cpp:updateSourceMetadata:377 failure: Result::NOT_SUPPORTED
05-31 23:22:42.431 28332 28332 I ViewInteraction: Performing 'single click' action on view (view.getId() is <2131230878/com.example.cse110lab5:id/directionsTypeButton> and an instance of android.widget.TextView and view.getText() with or without transformation to match: is "OFF" and Child at position 2 in parent Child at position 0 in parent view.getId() is <16908290/android:id/content> and (view has effective visibility <VISIBLE> and view.getGlobalVisibleRect() to return non-empty rectangle))
05-31 23:22:42.487   373   373 E android.hardware.audio@7.0-impl.ranchu: device/generic/goldfish/audio/stream_out.cpp:updateSourceMetadata:377 failure: Result::NOT_SUPPORTED
05-31 23:22:42.619   373   373 E android.hardware.audio@7.0-impl.ranchu: device/generic/goldfish/audio/stream_out.cpp:updateSourceMetadata:377 failure: Result::NOT_SUPPORTED
05-31 23:22:42.742  7638  7638 D BoundBrokerSvc: onUnbind: Intent { act=com.google.android.gms.clearcut.bootcount.service.START pkg=com.google.android.gms }
05-31 23:22:42.769 28332 28357 D EGL_emulation: app_time_stats: avg=18.90ms min=1.01ms max=133.29ms count=29
05-31 23:22:42.802 28332 28332 I ViewInteraction: Performing 'single click' action on view (view.getId() is <2131231033/com.example.cse110lab5:id/next_btn> and an instance of android.widget.TextView and view.getText() with or without transformation to match: is "Next" and Child at position 1 in parent Child at position 0 in parent view.getId() is <16908290/android:id/content> and (view has effective visibility <VISIBLE> and view.getGlobalVisibleRect() to return non-empty rectangle))
05-31 23:22:42.906   373   373 E android.hardware.audio@7.0-impl.ranchu: device/generic/goldfish/audio/stream_out.cpp:updateSourceMetadata:377 failure: Result::NOT_SUPPORTED
05-31 23:22:43.040   373   373 E android.hardware.audio@7.0-impl.ranchu: device/generic/goldfish/audio/stream_out.cpp:updateSourceMetadata:377 failure: Result::NOT_SUPPORTED
05-31 23:22:43.049 28078 28110 I Bugle   : BugleStartup: Initializing with enabled individual init failures...
05-31 23:22:43.049 28078 28110 I Bugle   : BugleStartup: Registering SIM change receiver...
05-31 23:22:43.050 28078 28110 I Bugle   : BugleStartup: Updating app config...
05-31 23:22:43.052 28078 28110 I Bugle   : BugleStartup: Done with SIM change receiver & app config.
05-31 23:22:43.052 28078 28110 I Bugle   : BugleStartup: Handling shared prefs upgrade & Load MMS Configuration...
05-31 23:22:43.055 28078 28387 W AssistantConfig: appIntegrationDataInBase64 is null
05-31 23:22:43.057 28078 28387 E AssistantConnector: Couldn't read whether gRPC is supported from public value
05-31 23:22:43.057 28078 28387 E AssistantConnector: java.lang.IllegalStateException: Failed to query to AGSA.
05-31 23:22:43.057 28078 28387 E AssistantConnector: 	at amdj.call(PG:16)
05-31 23:22:43.057 28078 28387 E AssistantConnector: 	at aypl.call(PG:2)
05-31 23:22:43.057 28078 28387 E AssistantConnector: 	at bcic.c(PG:1)
05-31 23:22:43.057 28078 28387 E AssistantConnector: 	at bchf.run(PG:4)
05-31 23:22:43.057 28078 28387 E AssistantConnector: 	at bcid.run(PG:1)
05-31 23:22:43.057 28078 28387 E AssistantConnector: 	at java.util.concurrent.ThreadPoolExecutor.runWorker(ThreadPoolExecutor.java:1167)
05-31 23:22:43.057 28078 28387 E AssistantConnector: 	at java.util.concurrent.ThreadPoolExecutor$Worker.run(ThreadPoolExecutor.java:641)
05-31 23:22:43.057 28078 28387 E AssistantConnector: 	at java.lang.Thread.run(Thread.java:920)
05-31 23:22:43.057 28078 28387 I AssistantConnector: Fallback to Maestro connector
05-31 23:22:43.060 28078 28110 I BugleRcsEngine: [46] akbw.l: Reinitialize CSLib Flags: com.google.android.ims.library
05-31 23:22:43.061 28078 28110 I Bugle   : BugleStartup: Initializing RCS availability...
05-31 23:22:43.061 28078 28390 I BugleRcsEngine: [67] aloh.c: do not delay first event
05-31 23:22:43.061 28078 28110 I Bugle   : RcsAvailabilityUtilForProvisioningEngineV2: updateAvailabilityAsync, hint: NO_HINT
05-31 23:22:43.061 28078 28110 I Bugle   : BugleStartup: Done with RCS availability.
05-31 23:22:43.061 28078 28110 I Bugle   : BugleStartup: Initializing RBM downloads...
05-31 23:22:43.062 28078 28110 I Bugle   : BugleDownloadManager: Marking BugleDownloadManager as initialized.
05-31 23:22:43.062 28078 28110 I Bugle   : BugleStartup: Done initializing RBM downloads.
05-31 23:22:43.062 28078 28110 I Bugle   : BugleStartup: Done initializing with enabled individual init failures.
05-31 23:22:43.063 28078 28110 I BugleRcsEngine: [46] alsz.d: Checking if using CarrierServices.apk is possible. Enabled: true, isAtLeastM: true, runningInsideBugle: true
05-31 23:22:43.063 28078 28121 W Bugle   : BuglePhoneNumberUtils: canonicalizeMccMnc: invalid mccmnc. mcc: null, mnc: null
05-31 23:22:43.064 28078 28110 W BugleRcsEngine: [46] alsz.g: Carrier Services Apk was not found.
05-31 23:22:43.065 28078 28110 I BugleRcsEngine: [46] alsz.e: Cannot get service version because CS.apk was not found, not pre-loaded or disabled.
05-31 23:22:43.065 28078 28110 W BugleRcsEngine: [46] alsz.e: Service with meta data key: JibeServiceApiVersions is not compatible. Service Version 1 is not supported. Supported versions: []
05-31 23:22:43.065 28078 28109 W BugleRcsEngine: [45] alsz.g: Carrier Services Apk was not found.
05-31 23:22:43.065 28078 28109 I BugleRcsEngine: [45] alsz.e: Cannot get service version because CS.apk was not found, not pre-loaded or disabled.
05-31 23:22:43.065 28078 28109 W BugleRcsEngine: [45] alsz.e: Service with meta data key: JibeServiceApiVersions is not compatible. Service Version 1 is not supported. Supported versions: []
05-31 23:22:43.066 28078 28109 I BugleRcsEngine: [45] alsz.c: Not using CS JibeService because it is not compatible with AM.
05-31 23:22:43.066 28078 28110 I BugleRcsProvisioning: RcsAvailabilityUpdaterLocal: updateRcsAvailability, currentAvailability: 19, newAvailability: 19, hint: NO_HINT
05-31 23:22:43.068 28157 28195 I CarrierServices: [52] ProvisioningEventReceiver.d: Received Provisioning Event: [Bugle information (100)]
05-31 23:22:43.068 28157 28195 I CarrierServices: [52] ProvisioningEventReceiver.d: JibeService is not running
05-31 23:22:43.068 28157 28195 W CarrierServices: [52] ProvisioningEventReceiver.d: Event is not a valid user action. Discarding it.
05-31 23:22:43.080 28078 28109 I BugleJobs: Icing index repair service is not scheduled. [CONTEXT class_name="IcingMonitoringUtils" ]
05-31 23:22:43.092 28078 28111 I BugleRcsEngine: [47] aloh.c: SIM delay is not enabled
05-31 23:22:43.092 28078 28111 W BugleRcsEngine: [47] alod.a: (Sim): process intent: android.intent.action.SIM_STATE_CHANGED
05-31 23:22:43.094 28078 28109 I BugleJobs: Starts to observe table change.
05-31 23:22:43.094 28078 28390 I BugleRcsEngine: [67] alod.j: (Sim): Processing an intent
05-31 23:22:43.094 28078 28390 I BugleRcsEngine: [67] alod.w: (Sim): SIM state LOADED
05-31 23:22:43.095 28078 28111 W BugleRcsEngine: [47] alod.d: (Sim): Unexpected action: android.intent.action.ACTION_DEFAULT_DATA_SUBSCRIPTION_CHANGED
05-31 23:22:43.095 28078 28111 W BugleRcsEngine: [47] alod.d: (Sim): Unexpected action: android.intent.action.ACTION_DEFAULT_VOICE_SUBSCRIPTION_CHANGED
05-31 23:22:43.099 28078 28109 V AssistantIntegClient: #getAssistantConfig()
05-31 23:22:43.104 28078 28390 I BugleRcsEngine: [67] alod.w: (Sim): SIM changed: false. current id: redacted-pii:sim_id[20-chars]; stored id: redacted-pii:sim_id[20-chars]; isFiDevice: false; subId: 1; slotIndex: 0
05-31 23:22:43.106 28078 28395 W AssistantConfig: appIntegrationDataInBase64 is null
05-31 23:22:43.107 28078 28110 W Bugle   : AssistantIntegrationStartupTask: Error getting assistant availability.
05-31 23:22:43.107 28078 28110 W Bugle   : java.lang.IllegalStateException: Failed to query to AGSA.
05-31 23:22:43.107 28078 28110 W Bugle   : 	at amdj.call(PG:16)
05-31 23:22:43.107 28078 28110 W Bugle   : 	at aypl.call(PG:2)
05-31 23:22:43.107 28078 28110 W Bugle   : 	at bcic.c(PG:1)
05-31 23:22:43.107 28078 28110 W Bugle   : 	at bchf.run(PG:4)
05-31 23:22:43.107 28078 28110 W Bugle   : 	at bcid.run(PG:1)
05-31 23:22:43.107 28078 28110 W Bugle   : 	at java.util.concurrent.ThreadPoolExecutor.runWorker(ThreadPoolExecutor.java:1167)
05-31 23:22:43.107 28078 28110 W Bugle   : 	at java.util.concurrent.ThreadPoolExecutor$Worker.run(ThreadPoolExecutor.java:641)
05-31 23:22:43.107 28078 28110 W Bugle   : 	at java.lang.Thread.run(Thread.java:920)
05-31 23:22:43.109 28078 28112 D CompatibilityChangeReporter: Compat change id reported: 147600208; UID 10099; state: ENABLED
05-31 23:22:43.119 28078 28111 I BugleNetwork: FirebaseRegistrationStartupTask: Enabling Firebase component
05-31 23:22:43.119 28078 28150 I Forking : Starting analysis.
05-31 23:22:43.120 28078 28150 I Misthreading: Starting analysis.
05-31 23:22:43.136 28078 28111 I FirebaseApp: Device unlocked: initializing all Firebase APIs for app [DEFAULT]
05-31 23:22:43.144 28078 28110 W BugleAction: Null config in BugleSharedPrefs
05-31 23:22:43.145 28078 28110 W BugleAction: Failed to get msisdn from Bugle
05-31 23:22:43.145 28078 28110 W BugleAction: Failed to get msisdn from RcsProfileService
