05-31 23:22:43.145 28078 28110 W BugleAction: awmw: Jibe SDK Service not available. Is the Jibe SDK service running? Did you call connect() and wait for the notification before calling an API function?
05-31 23:22:43.145 28078 28110 W BugleAction: 	at awmp.b(PG:2)
05-31 23:22:43.145 28078 28110 W BugleAction: 	at com.google.android.rcs.client.profile.RcsProfileService.g(PG:1)
05-31 23:22:43.145 28078 28110 W BugleAction: 	at com.google.android.rcs.client.profile.RcsProfileService.getMsisdn(PG:1)
05-31 23:22:43.145 28078 28110 W BugleAction: 	at utg.F(PG:12)
05-31 23:22:43.145 28078 28110 W BugleAction: 	at tmz.b(PG:1)
05-31 23:22:43.145 28078 28110 W BugleAction: 	at pzo.d(PG:4)
05-31 23:22:43.145 28078 28110 W BugleAction: 	at pzk.run(PG:5)
05-31 23:22:43.145 28078 28110 W BugleAction: 	at aypj.run(PG:2)
05-31 23:22:43.145 28078 28110 W BugleAction: 	at java.util.concurrent.Executors$RunnableAdapter.call(Executors.java:462)
05-31 23:22:43.145 28078 28110 W BugleAction: 	at bcic.c(PG:1)
05-31 23:22:43.145 28078 28110 W BugleAction: 	at bchf.run(PG:4)
05-31 23:22:43.145 28078 28110 W BugleAction: 	at bcid.run(PG:1)
05-31 23:22:43.145 28078 28110 W BugleAction: 	at aosz.run(PG:1)
05-31 23:22:43.145 28078 28110 W BugleAction: 	at java.util.concurrent.ThreadPoolExecutor.runWorker(ThreadPoolExecutor.java:1167)
05-31 23:22:43.145 28078 28110 W BugleAction: 	at java.util.concurrent.ThreadPoolExecutor$Worker.run(ThreadPoolExecutor.java:641)
05-31 23:22:43.145 28078 28110 W BugleAction: 	at aosl.run(PG:2)
05-31 23:22:43.145 28078 28110 W BugleAction: 	at aorz.run(PG:2)
05-31 23:22:43.145 28078 28110 W BugleAction: 	at java.lang.Thread.run(Thread.java:920)
05-31 23:22:43.145 28078 28110 W Bugle   : SubscriptionMetadataUtils get: invalid subId = -2
05-31 23:22:43.145 28078 28110 W Bugle   : SubscriptionMetadataUtils get: invalid subId = -2
05-31 23:22:43.147 28078 28110 W Bugle   : SubscriptionMetadataUtils get: invalid subId = -2
05-31 23:22:43.147 28078 28110 W Bugle   : SubscriptionUtilsAsOfLMR1: getSelfRawNumber: subInfo is null for subscription{id:-1}
05-31 23:22:43.147 28078 28110 W BugleAction: No default number, returning empty msisdn
05-31 23:22:43.150 28078 28110 W BugleAction: No default number, returning empty msisdn
05-31 23:22:43.150 28078 28110 W Bugle   : SubscriptionMetadataUtils get: invalid subId = -2
05-31 23:22:43.153 28078 28110 W BugleNetwork: RcsMsisdnAccessor: Failed to access Rcs msisdn. subId: -2
05-31 23:22:43.153 28078 28110 W BugleEtouffee: E2eeStartupTask: Skip prekey checking because MSISDN is empty.
05-31 23:22:43.156 28078 28390 I BugleRcsEngine: [67] alod.w: (Sim): Skipping writing subId because this is main bugle process.
05-31 23:22:43.158 28078 28390 I BugleRcsEngine: [67] alod.w: (Sim): Updated SIM info: currentSimId: redacted-pii:sim_id[20-chars]; imsi: redacted-pii:imsi[15-chars]; rawMsisdn: redacted-pii:phone_number[12-chars]; formattedMsisdn: redacted-pii:phone_number[0-chars]; mccmnc: redacted-pii:sim_operator[6-chars] isFiDevice: false; subId: 1; slotIndex: 0
05-31 23:22:43.160 28078 28397 I DynamiteModule: Considering local module com.google.android.gms.measurement.dynamite:51 and remote module com.google.android.gms.measurement.dynamite:72
05-31 23:22:43.160 28078 28397 I DynamiteModule: Selected remote version of com.google.android.gms.measurement.dynamite, version >= 72
05-31 23:22:43.160 28078 28397 V DynamiteModule: Dynamite loader version >= 2, using loadModule2NoCrashUtils
05-31 23:22:43.161 28078 28390 I BugleRcsEngine: [67] alod.K: (Sim): Broadcasting Intent { act=com.google.android.ims.SIM_LOADED (has extras) }
05-31 23:22:43.161 28078 28078 I Bugle   : SimChangeReceiver: action: com.google.android.ims.SIM_LOADED
05-31 23:22:43.163 28078 28110 I Bugle   : RcsAvailabilityUtilForProvisioningEngineV2: updateAvailabilityAsync, hint: NO_HINT
05-31 23:22:43.167 28078 28390 I BugleRcsEngine: [67] alod.j: (Sim): Processing an intent
05-31 23:22:43.168 28078 28390 I BugleRcsEngine: [67] alod.w: (Sim): Ignoring duplicate SIM state: LOADED
05-31 23:22:43.172  7638  7638 I Wear_Controller: Wearable module requires a companion app to be installed.
05-31 23:22:43.172  7638  7638 I WearableService: onCreate: Wearable Services not starting. Wear is not available on this device.
05-31 23:22:43.173 28078 28078 I BugleRcsEngine: [2] akbw.l: Reinitialize CSLib Flags: com.google.android.ims.library
05-31 23:22:43.177  7638  7870 W WearableService: onGetService: Wear is not available on this device.
05-31 23:22:43.177 28078 28112 I BugleRcsProvisioning: RcsProvisioningTrigger: Schedule provisioning on app startup
05-31 23:22:43.178 28078 28112 I BugleRcsProvisioning: RcsProvisioningTrigger: schedule provisioning
05-31 23:22:43.180 28078 28111 I BugleNetwork: Startup: registering tachyon.
05-31 23:22:43.181 28078 28109 I BugleRcsEngine: [45] alsz.d: Checking if using CarrierServices.apk is possible. Enabled: true, isAtLeastM: true, runningInsideBugle: true
05-31 23:22:43.182 28078 28109 W BugleRcsEngine: [45] alsz.g: Carrier Services Apk was not found.
05-31 23:22:43.182 28078 28109 I BugleRcsEngine: [45] alsz.e: Cannot get service version because CS.apk was not found, not pre-loaded or disabled.
05-31 23:22:43.182 28078 28109 W BugleRcsEngine: [45] alsz.e: Service with meta data key: JibeServiceApiVersions is not compatible. Service Version 1 is not supported. Supported versions: []
05-31 23:22:43.182 28078 28109 I BugleRcsProvisioning: RcsAvailabilityUpdaterLocal: updateRcsAvailability, currentAvailability: 19, newAvailability: 19, hint: NO_HINT
05-31 23:22:43.184 28078 28109 I BugleRcsProvisioning: RcsProvisioningTrigger: onRcsAvailabilityUpdate : availability is updated to RCS services can't run in the background, lastAvailability is null, simId hash = 5112411581803599609, isPev3Enabled = true
05-31 23:22:43.184 28078 28109 I BugleRcsEngine: [45] jtw.a: RcsProvisioningManager: Receive onRcsAvailabilityUpdate, SIM = redacted-pii:sim_id[20-chars], availability = RcsAvailability{mAvailability=SUBJECT_TO_BATTERY_OPTIMIZATIONS (RCS services can't run in the background)}
05-31 23:22:43.185 28078 28109 I BugleRcsProvisioning: RcsProvisioningTrigger: onRcsAvailabilityUpdate : isPreviousDisabled = true, isCurrentDisabled = false
05-31 23:22:43.185 28078 28109 I BugleRcsEngine: [45] albk.n: No RCS Configuration was found in Bugle for simID: redacted-pii:sim_id[20-chars]
05-31 23:22:43.188 28078 28109 I BugleRcsProvisioning: RcsProvisioningTrigger: schedule provisioning
05-31 23:22:43.192 28078 28112 I BugleRcsEngine: [48] albk.n: No RCS Configuration was found in Bugle for simID: redacted-pii:sim_id[20-chars]
05-31 23:22:43.193 28078 28112 I BugleRcsEngine: [48] jsm.l: Scheduled provisioning task with 0 seconds delay, KEEP policy
05-31 23:22:43.194 28078 28111 I BugleNetwork: Startup: registering tachyon for phone.
05-31 23:22:43.194 28078 28111 I BugleNetwork: Profile service is not connected at startup task.
05-31 23:22:43.197 28078 28109 I BugleRcsEngine: [45] albk.n: No RCS Configuration was found in Bugle for simID: redacted-pii:sim_id[20-chars]
05-31 23:22:43.198 28078 28109 I BugleRcsEngine: [45] jsm.l: Scheduled provisioning task with 0 seconds delay, KEEP policy
05-31 23:22:43.208  9955  9955 D BoundBrokerSvc: onBind: Intent { act=com.google.android.gms.constellation.service.START pkg=com.google.android.gms }
05-31 23:22:43.208  9955  9955 D BoundBrokerSvc: Loading bound service for intent: Intent { act=com.google.android.gms.constellation.service.START pkg=com.google.android.gms }
05-31 23:22:43.239   556   867 D ConnectivityService: requestNetwork for uid/pid:10099/28078 activeRequest: null callbackRequest: 318 [NetworkRequest [ REQUEST id=319, [ Capabilities: INTERNET&NOT_RESTRICTED&TRUSTED&NOT_VCN_MANAGED Uid: 10099 RequestorUid: 10099 RequestorPkg: com.google.android.apps.messaging] ]] callback flags: 0 order: 2147483647
05-31 23:22:43.239   556   750 D ConnectivityService: NetReassign [319 : null  102]
05-31 23:22:43.240   556   743 D WifiNetworkFactory: got request NetworkRequest [ REQUEST id=319, [ Capabilities: INTERNET&NOT_RESTRICTED&TRUSTED&NOT_VCN_MANAGED Uid: 10099 RequestorUid: 10099 RequestorPkg: com.google.android.apps.messaging] ]
05-31 23:22:43.241   556   743 D UntrustedWifiNetworkFactory: got request NetworkRequest [ REQUEST id=319, [ Capabilities: INTERNET&NOT_RESTRICTED&TRUSTED&NOT_VCN_MANAGED Uid: 10099 RequestorUid: 10099 RequestorPkg: com.google.android.apps.messaging] ]
05-31 23:22:43.241   556   743 D OemPaidWifiNetworkFactory: got request NetworkRequest [ REQUEST id=319, [ Capabilities: INTERNET&NOT_RESTRICTED&TRUSTED&NOT_VCN_MANAGED Uid: 10099 RequestorUid: 10099 RequestorPkg: com.google.android.apps.messaging] ]
05-31 23:22:43.245 28078 28111 D MddListenableWorkerFactory: createWorker for class: com.google.android.apps.messaging.rcsprovisioning.RcsProvisioningWorker
05-31 23:22:43.248 28078 28112 I BugleRcsEngine: [48] RcsProvisioningWorker.s: [seqId=0] RCS provisioning task has started
05-31 23:22:43.252 28332 28332 I ViewInteraction: Performing 'single click' action on view (view.getId() is <2131230878/com.example.cse110lab5:id/directionsTypeButton> and an instance of android.widget.TextView and view.getText() with or without transformation to match: is "ON" and Child at position 2 in parent Child at position 0 in parent view.getId() is <16908290/android:id/content> and (view has effective visibility <VISIBLE> and view.getGlobalVisibleRect() to return non-empty rectangle))
05-31 23:22:43.266 28078 28109 I BugleRcsProvisioning: BugleSystemBindingManager: onCsLibPhenotypeUpdated
05-31 23:22:43.266 28078 28109 I BugleRcsEngine: [45] zuq.c: SystemBindingManager: force P/H Flag update scheduled and start updateBinding
05-31 23:22:43.266 28078 28109 I Bugle   : RcsAvailabilityUtilForProvisioningEngineV2: onCsLibPhenotypeUpdated
05-31 23:22:43.266 28078 28109 I BugleRcsProvisioning: RcsProvisioningTrigger: onCsLibPhenotypeUpdated, enableProvisioningTaskInBugle = true
05-31 23:22:43.266 28078 28109 I BugleRcsProvisioning: RcsProvisioningTrigger: updateRcsAvailability : hint = CSLIB_PHENOTYPE_UPDATE
05-31 23:22:43.267 28078 28109 I Bugle   : RcsAvailabilityUtilForProvisioningEngineV2: updateAvailabilityAsync, hint: CSLIB_PHENOTYPE_UPDATE
05-31 23:22:43.267 28078 28109 I Bugle   : RcsAvailabilityUtilForProvisioningEngineV2: swapAvailabilityUpdater, provisioningTaskInBugle: true, activeRcsAvailabilityUpdater: uts
05-31 23:22:43.267 28078 28111 I BugleRcsEngine: [47] ajkh.run: SystemBindingManager: SystemBinding enabled: false
05-31 23:22:43.268 28078 28111 I BugleRcsEngine: [47] ajki.b: System Binding updated
05-31 23:22:43.268 28078 28377 W BugleRcsEngine: [64] ajnl.z: Unable to send diagnostic log
05-31 23:22:43.276 27906 27920 I DynamiteModule: Considering local module com.google.android.gms.googlecertificates:6 and remote module com.google.android.gms.googlecertificates:6
05-31 23:22:43.276 27906 27920 I DynamiteModule: Selected local version of com.google.android.gms.googlecertificates
05-31 23:22:43.278 28078 28109 I BugleRcsEngine: [45] alsz.d: Checking if using CarrierServices.apk is possible. Enabled: true, isAtLeastM: true, runningInsideBugle: true
05-31 23:22:43.279 28078 28109 W BugleRcsEngine: [45] alsz.g: Carrier Services Apk was not found.
05-31 23:22:43.279 28078 28109 I BugleRcsEngine: [45] alsz.e: Cannot get service version because CS.apk was not found, not pre-loaded or disabled.
05-31 23:22:43.279 28078 28109 W BugleRcsEngine: [45] alsz.e: Service with meta data key: JibeServiceApiVersions is not compatible. Service Version 1 is not supported. Supported versions: []
05-31 23:22:43.280 28078 28109 I BugleRcsProvisioning: RcsAvailabilityUpdaterLocal: updateRcsAvailability, currentAvailability: 19, newAvailability: 19, hint: CSLIB_PHENOTYPE_UPDATE
05-31 23:22:43.281 28078 28109 I BugleRcsProvisioning: RcsProvisioningTrigger: onRcsAvailabilityUpdate : availability is updated to RCS services can't run in the background, lastAvailability is RCS services can't run in the background, simId hash = 5112411581803599609, isPev3Enabled = true
05-31 23:22:43.282 28078 28112 I BugleRcsEngine: [48] aktt.e: (PEv2-SM-Bugle-65602612): start PEv2 [null]
05-31 23:22:43.282 28078 28112 I BugleRcsEngine: [48] alck.b: Created new RcsProvisioningProtoDataStorage for sim redacted-pii:sim_id[20-chars]
05-31 23:22:43.283 28078 28112 I BugleRcsEngine: [48] albk.o: No RCS Configuration was found in Bugle for simID: 89860318640220133897
05-31 23:22:43.283 28078 28112 I BugleRcsEngine: [48] aktt.e: (PEv2-SM-Bugle-65602612): start [null]
05-31 23:22:43.283 28078 28419 I BugleRcsEngine: [91] aktt.e: (PEv2-SM-Bugle-65602612): Enter EnabledState [null]
05-31 23:22:43.284 28078 28109 I BugleRcsProvisioning: BugleSystemBindingManager: onBuglePhenotypeFlagChanged
05-31 23:22:43.284 28078 28109 I BugleRcsProvisioning: BugleSystemBindingManager: onCsLibPhenotypeUpdated
05-31 23:22:43.284 28078 28109 I BugleRcsEngine: [45] zuq.c: SystemBindingManager: force P/H Flag update scheduled and start updateBinding
05-31 23:22:43.285 28078 28116 W BugleAction: Null config in BugleSharedPrefs
05-31 23:22:43.285 28078 28116 W BugleAction: Failed to get msisdn from Bugle
05-31 23:22:43.285 28078 28116 W BugleAction: Failed to get msisdn from RcsProfileService
05-31 23:22:43.286 28078 28116 W BugleAction: awmw: Jibe SDK Service not available. Is the Jibe SDK service running? Did you call connect() and wait for the notification before calling an API function?
05-31 23:22:43.286 28078 28116 W BugleAction: 	at awmp.b(PG:2)
05-31 23:22:43.286 28078 28116 W BugleAction: 	at com.google.android.rcs.client.profile.RcsProfileService.g(PG:1)
05-31 23:22:43.286 28078 28116 W BugleAction: 	at com.google.android.rcs.client.profile.RcsProfileService.getMsisdn(PG:1)
05-31 23:22:43.286 28078 28116 W BugleAction: 	at utg.F(PG:12)
05-31 23:22:43.286 28078 28116 W BugleAction: 	at tmz.b(PG:1)
05-31 23:22:43.286 28078 28116 W BugleAction: 	at tmx.call(PG:1)
05-31 23:22:43.286 28078 28116 W BugleAction: 	at ayqv.a(PG:1)
05-31 23:22:43.286 28078 28116 W BugleAction: 	at aypm.a(PG:2)
05-31 23:22:43.286 28078 28116 W BugleAction: 	at bcib.c(PG:1)
05-31 23:22:43.286 28078 28116 W BugleAction: 	at bchf.run(PG:4)
05-31 23:22:43.286 28078 28116 W BugleAction: 	at bcid.run(PG:1)
05-31 23:22:43.286 28078 28116 W BugleAction: 	at aosz.run(PG:1)
05-31 23:22:43.286 28078 28116 W BugleAction: 	at java.util.concurrent.ThreadPoolExecutor.runWorker(ThreadPoolExecutor.java:1167)
05-31 23:22:43.286 28078 28116 W BugleAction: 	at java.util.concurrent.ThreadPoolExecutor$Worker.run(ThreadPoolExecutor.java:641)
05-31 23:22:43.286 28078 28116 W BugleAction: 	at aosl.run(PG:2)
05-31 23:22:43.286 28078 28116 W BugleAction: 	at aory.run(PG:3)
05-31 23:22:43.286 28078 28116 W BugleAction: 	at java.lang.Thread.run(Thread.java:920)
05-31 23:22:43.286 28078 28116 W Bugle   : SubscriptionMetadataUtils get: invalid subId = -2
05-31 23:22:43.286 28078 28116 W Bugle   : SubscriptionMetadataUtils get: invalid subId = -2
05-31 23:22:43.287 28078 28111 I BugleRcsEngine: [47] albk.o: No RCS Configuration was found in Bugle for simID: 89860318640220133897
05-31 23:22:43.288 28078 28110 I BugleRcsEngine: [46] ajkh.run: SystemBindingManager: SystemBinding enabled: false
05-31 23:22:43.289 28078 28183 I BugleTransport: isChatAvailable: RcsAvailability is SUBJECT_TO_BATTERY_OPTIMIZATIONS (RCS services can't run in the background)
05-31 23:22:43.291 28078 28116 W Bugle   : SubscriptionMetadataUtils get: invalid subId = -2
05-31 23:22:43.295 28078 28116 W Bugle   : SubscriptionUtilsAsOfLMR1: getSelfRawNumber: subInfo is null for subscription{id:-1}
05-31 23:22:43.295 28078 28419 W BugleRcsEngine: [91] ajnl.z: Unable to send diagnostic log
05-31 23:22:43.295 28078 28110 I BugleRcsEngine: [46] ajki.b: System Binding updated
05-31 23:22:43.296 28078 28377 W BugleRcsEngine: [64] ajnl.z: Unable to send diagnostic log
05-31 23:22:43.298 28078 28116 W BugleAction: No default number, returning empty msisdn
05-31 23:22:43.299 28078 28109 W BugleRcsEngine: [45] alsz.g: Carrier Services Apk was not found.
05-31 23:22:43.303 28078 28109 I BugleRcsEngine: [45] alsz.e: Cannot get service version because CS.apk was not found, not pre-loaded or disabled.
05-31 23:22:43.303 28078 28109 W BugleRcsEngine: [45] alsz.e: Service with meta data key: JibeServiceApiVersions is not compatible. Service Version 1 is not supported. Supported versions: []
05-31 23:22:43.303 28078 28109 I BugleRcsEngine: [45] alsz.c: Not using CS JibeService because it is not compatible with AM.
05-31 23:22:43.308 28078 28116 W BugleAction: No default number, returning empty msisdn
05-31 23:22:43.308 28157 28195 I CarrierServices: [52] ProvisioningEventReceiver.d: Received Provisioning Event: [Bugle information (100)]
05-31 23:22:43.308 28078 28419 I BugleRcsEngine: [91] aksn.a: Sending ProvisioningEvent to Bugle [Send Provisioning Session ID (18)], redacted-pii:[65-chars]
05-31 23:22:43.308 28157 28195 I CarrierServices: [52] ProvisioningEventReceiver.d: JibeService is not running
05-31 23:22:43.308 28157 28195 W CarrierServices: [52] ProvisioningEventReceiver.d: Event is not a valid user action. Discarding it.
05-31 23:22:43.308 28078 28419 I BugleRcsEngine: [91] alsm.b: EngineBroadcaster: Broadcasting provisioning intent com.google.android.ims.provisioning.engine.provisioningEventAction to Bugle with extras redacted-pii:[223-chars]
05-31 23:22:43.310 28078 28116 W Bugle   : SubscriptionMetadataUtils get: invalid subId = -2
05-31 23:22:43.310 28078 28116 W BugleNetwork: RcsMsisdnAccessor: Failed to access Rcs msisdn. subId: -2
05-31 23:22:43.311 28078 28111 I BugleTransport: Cannot refresh chat transport. No msisdn available
05-31 23:22:43.313 28078 28078 I BugleRcsProvisioning: RcsProvisioningEventReceiver: Received ProvisioningEvent: Send Provisioning Session ID
05-31 23:22:43.315 28078 28419 I BugleRcsEngine: [91] aktt.e: (PEv2-SM-Bugle-65602612): Start a new provisioning session [f34491e5-21e2-4e4b-8cf8-4f51dc29b856]
05-31 23:22:43.315 28078 28419 I BugleRcsEngine: [91] akxz.a: RcsAvailabilityManager: Calculating Rcs Availability
05-31 23:22:43.316 28078 28419 I BugleRcsEngine: [91] albk.b: Bugle is default SMS app: true
05-31 23:22:43.317 28078 28419 I BugleRcsEngine: [91] akxz.a: Bugle has minimum required RCS permissions: true
05-31 23:22:43.317 28078 28419 I BugleRcsEngine: [91] albk.a: Rcs is enabled from user settings: true
05-31 23:22:43.317 28078 28419 I BugleRcsEngine: [91] alcv.a: Using config server URL from ajqd
05-31 23:22:43.318 28078 28419 I BugleRcsEngine: [91] albk.n: No RCS Configuration was found in Bugle for simID: redacted-pii:sim_id[20-chars]
05-31 23:22:43.318 28078 28419 I BugleRcsEngine: [91] albk.n: No RCS Configuration was found in Bugle for simID: redacted-pii:sim_id[20-chars]
05-31 23:22:43.318 28078 28419 I BugleRcsEngine: [91] alsz.d: Checking if using CarrierServices.apk is possible. Enabled: true, isAtLeastM: true, runningInsideBugle: true
05-31 23:22:43.319 28078 28419 W BugleRcsEngine: [91] alsz.g: Carrier Services Apk was not found.
05-31 23:22:43.319 28078 28419 I BugleRcsEngine: [91] alsz.e: Cannot get service version because CS.apk was not found, not pre-loaded or disabled.
05-31 23:22:43.319 28078 28419 W BugleRcsEngine: [91] alsz.e: Service with meta data key: JibeServiceApiVersions is not compatible. Service Version 1 is not supported. Supported versions: []
05-31 23:22:43.320 28078 28419 I BugleRcsEngine: [91] albk.n: No RCS Configuration was found in Bugle for simID: redacted-pii:sim_id[20-chars]
05-31 23:22:43.322 28078 28419 I BugleRcsEngine: [91] akxz.a: Config state is not ACCEPTED, provisioning still in progress
05-31 23:22:43.322 28078 28419 I BugleRcsEngine: [91] akxz.a: RcsAvailabilityManager: Updating Rcs Availability to CARRIER_SETUP_PENDING (Carrier RCS is not set up), sim id changed: true
05-31 23:22:43.322 28078 28419 I BugleRcsEngine: [91] alcv.a: Using config server URL from ajqd
05-31 23:22:43.322 28078 28419 W BugleRcsEngine: [91] ajnl.z: Unable to send diagnostic log
05-31 23:22:43.323 28078 28419 I BugleRcsEngine: [91] aksn.a: Sending ProvisioningEvent to Bugle [Availability updated (12)], redacted-pii:[145-chars]
05-31 23:22:43.323 28078 28419 I BugleRcsEngine: [91] alsm.b: EngineBroadcaster: Broadcasting provisioning intent com.google.android.ims.provisioning.engine.provisioningEventAction to Bugle with extras redacted-pii:[303-chars]
05-31 23:22:43.325 28078 28419 I BugleRcsEngine: [91] akxz.a: Sending ProvisioningEvent Internal [Availability updated (12)], redacted-pii:[145-chars]
05-31 23:22:43.326 28078 28078 I BugleRcsProvisioning: RcsProvisioningEventReceiver: Received ProvisioningEvent: Availability updated
05-31 23:22:43.326 28078 28078 I BugleRcsProvisioning: RcsProvisioningEventReceiver: Bugle receives rcs availability update to: 10
05-31 23:22:43.327 28078 28078 I BugleRcsEngine: [2] alsz.d: Checking if using CarrierServices.apk is possible. Enabled: true, isAtLeastM: true, runningInsideBugle: true
05-31 23:22:43.328 28078 28419 I BugleRcsEngine: [91] albk.n: No RCS Configuration was found in Bugle for simID: redacted-pii:sim_id[20-chars]
05-31 23:22:43.328 28078 28419 I BugleRcsEngine: [91] aktt.e: (PEv2-SM-Bugle-65602612): transitionViaMessage, srcState=EnabledState, destState = CheckPreconditionsState [f34491e5-21e2-4e4b-8cf8-4f51dc29b856]
05-31 23:22:43.328 28078 28078 W BugleRcsEngine: [2] alsz.g: Carrier Services Apk was not found.
05-31 23:22:43.328 28078 28419 I BugleRcsEngine: [91] aksn.a: Sending ProvisioningEvent to Bugle [Update provisioning status (11)], redacted-pii:[85-chars]
05-31 23:22:43.328 28078 28078 I BugleRcsEngine: [2] alsz.e: Cannot get service version because CS.apk was not found, not pre-loaded or disabled.
05-31 23:22:43.328 28078 28419 I BugleRcsEngine: [91] alsm.b: EngineBroadcaster: Broadcasting provisioning intent com.google.android.ims.provisioning.engine.provisioningEventAction to Bugle with extras redacted-pii:[243-chars]
05-31 23:22:43.328 28078 28078 W BugleRcsEngine: [2] alsz.e: Service with meta data key: JibeServiceApiVersions is not compatible. Service Version 1 is not supported. Supported versions: []
05-31 23:22:43.328 28078 28407 I FA      : App measurement initialized, version: 63020
05-31 23:22:43.328 28078 28407 I FA      : To enable debug logging run: adb shell setprop log.tag.FA VERBOSE
05-31 23:22:43.329 28078 28078 I BugleRcsProvisioning: RcsAvailabilityUpdaterLocal: updateRcsAvailability, currentAvailability: 19, newAvailability: 19, hint: NO_HINT
05-31 23:22:43.329 28078 28419 I BugleRcsEngine: [91] aktt.e: (PEv2-SM-Bugle-65602612): EnabledState: Transition to check preconditions [f34491e5-21e2-4e4b-8cf8-4f51dc29b856]
05-31 23:22:43.329 28078 28419 I BugleRcsEngine: [91] aktt.e: (PEv2-SM-Bugle-65602612): transitionTo: destState=CheckPreconditionsState [f34491e5-21e2-4e4b-8cf8-4f51dc29b856]
05-31 23:22:43.330 28078 28419 I BugleRcsEngine: [91] aktt.e: (PEv2-SM-Bugle-65602612): onTransitionRequested EnabledState [f34491e5-21e2-4e4b-8cf8-4f51dc29b856]
05-31 23:22:43.330 28078 28419 I BugleRcsEngine: [91] aktt.e: (PEv2-SM-Bugle-65602612): Enter CheckPreconditionsState [f34491e5-21e2-4e4b-8cf8-4f51dc29b856]
05-31 23:22:43.330 28078 28110 I BugleRcsProvisioning: RcsProvisioningTrigger: onRcsAvailabilityUpdate : availability is updated to RCS services can't run in the background, lastAvailability is RCS services can't run in the background, simId hash = 5112411581803599609, isPev3Enabled = true
05-31 23:22:43.331 28078 28407 I FA      : To enable faster debug mode event logging run:
05-31 23:22:43.331 28078 28407 I FA      :   adb shell setprop debug.firebase.analytics.app com.google.android.apps.messaging
05-31 23:22:43.333 28157 28195 I CarrierServices: [52] ProvisioningEventReceiver.d: Received Provisioning Event: [Availability updated (12)]
05-31 23:22:43.333 28157 28195 I CarrierServices: [52] ProvisioningEventReceiver.d: JibeService is not running
05-31 23:22:43.333 28157 28195 W CarrierServices: [52] ProvisioningEventReceiver.d: Event is not a valid user action. Discarding it.
05-31 23:22:43.335 28078 28419 W BugleRcsEngine: [91] ajnl.z: Unable to send diagnostic log
05-31 23:22:43.336 28078 28078 I BugleRcsProvisioning: RcsProvisioningEventReceiver: Received ProvisioningEvent: Update provisioning status
05-31 23:22:43.343 28078 28419 I BugleRcsEngine: [91] aktt.e: (PEv2-SM-Bugle-65602612): transitionViaMessage, srcState=CheckPreconditionsState, destState = WaitingForGoogleTosState [f34491e5-21e2-4e4b-8cf8-4f51dc29b856]
05-31 23:22:43.343 28078 28419 I BugleRcsEngine: [91] aktt.e: (PEv2-SM-Bugle-65602612): CheckPreconditionsState: Transition to waiting for Google TOS [f34491e5-21e2-4e4b-8cf8-4f51dc29b856]
05-31 23:22:43.343 28078 28419 I BugleRcsEngine: [91] aktt.e: (PEv2-SM-Bugle-65602612): transitionTo: destState=WaitingForGoogleTosState [f34491e5-21e2-4e4b-8cf8-4f51dc29b856]
05-31 23:22:43.343 28078 28419 I BugleRcsEngine: [91] aktt.e: (PEv2-SM-Bugle-65602612): onTransitionRequested CheckPreconditionsState [f34491e5-21e2-4e4b-8cf8-4f51dc29b856]
05-31 23:22:43.343 28078 28419 I BugleRcsEngine: [91] aktt.e: (PEv2-SM-Bugle-65602612): Enter WaitingForGoogleTosState [f34491e5-21e2-4e4b-8cf8-4f51dc29b856]
05-31 23:22:43.347 28078 28419 W BugleRcsEngine: [91] ajnl.z: Unable to send diagnostic log
05-31 23:22:43.350 28078 28419 W BugleRcsEngine: [91] ajnl.z: Unable to send diagnostic log
05-31 23:22:43.350 28078 28419 I BugleRcsEngine: [91] aksn.a: Sending ProvisioningEvent to Bugle [Show FastTrack UI (5)], no extra data
05-31 23:22:43.350 28078 28419 I BugleRcsEngine: [91] alsm.b: EngineBroadcaster: Broadcasting provisioning intent com.google.android.ims.provisioning.engine.provisioningEventAction to Bugle with extras redacted-pii:[82-chars]
05-31 23:22:43.351 28078 28419 I BugleRcsEngine: [91] RcsProvisioningWorker.s: [seqId=0] Received a provisioning state changed event from the provisioning engine USER_INPUT_REQUIRED
05-31 23:22:43.351 28078 28419 I BugleRcsEngine: [91] RcsProvisioningWorker.s: [seqId=0] Provisioning Engine needs user input, shutting down Provisioning Task
05-31 23:22:43.353 28078 28078 I BugleRcsProvisioning: RcsProvisioningEventReceiver: Received ProvisioningEvent: Show FastTrack UI
05-31 23:22:43.355 28078 28419 I BugleRcsEngine: [91] RcsProvisioningWorker.s: [seqId=0] finish provisioning task with result Success {mOutputData=Data {}}
05-31 23:22:43.355 28078 28419 I BugleRcsEngine: [91] aktt.e: (PEv2-SM-Bugle-65602612): quit [f34491e5-21e2-4e4b-8cf8-4f51dc29b856]
05-31 23:22:43.355 28078 28419 I BugleRcsEngine: [91] aktt.e: (PEv2-SM-Bugle-65602612): transitionTo: destState=akbb [f34491e5-21e2-4e4b-8cf8-4f51dc29b856]
05-31 23:22:43.355 28078 28419 I BugleRcsEngine: [91] aktt.e: (PEv2-SM-Bugle-65602612): Exit WaitingForGoogleTosState [f34491e5-21e2-4e4b-8cf8-4f51dc29b856]
05-31 23:22:43.355 28078 28419 W BugleRcsEngine: [91] ajnl.z: Unable to send diagnostic log
05-31 23:22:43.355 28078 28419 I BugleRcsEngine: [91] aktt.e: (PEv2-SM-Bugle-65602612): Exit CheckPreconditionsState [f34491e5-21e2-4e4b-8cf8-4f51dc29b856]
05-31 23:22:43.355 28078 28419 I BugleRcsEngine: [91] aktt.e: (PEv2-SM-Bugle-65602612): Exit EnabledState [f34491e5-21e2-4e4b-8cf8-4f51dc29b856]
05-31 23:22:43.355 28078 28419 W BugleRcsEngine: [91] ajnl.z: Unable to send diagnostic log
05-31 23:22:43.355 28078 28419 W BugleRcsEngine: [91] aktt.c: (PEv2-SM-Bugle-65602612): onQuitting [f34491e5-21e2-4e4b-8cf8-4f51dc29b856]
05-31 23:22:43.355 28078 28419 I BugleRcsEngine: [91] akxz.a: RcsAvailabilityManager: Calculating Rcs Availability
05-31 23:22:43.356 28078 28112 I BugleRcsEngine: [48] RcsProvisioningWorker.s: [seqId=0] RCS provisioning task has finished with result Success {mOutputData=Data {}}
05-31 23:22:43.357 28078 28112 I WM-WorkerWrapper: Worker result SUCCESS for Work [ id=f9033ec2-e311-4d71-a404-3f1bdded1ef0, tags={ com.google.android.apps.messaging.rcsprovisioning.RcsProvisioningWorker, provisioning } ]
05-31 23:22:43.357  9955  9955 D BoundBrokerSvc: onBind: Intent { act=com.google.android.gms.measurement.START pkg=com.google.android.gms }
05-31 23:22:43.357  9955  9955 D BoundBrokerSvc: Loading bound service for intent: Intent { act=com.google.android.gms.measurement.START pkg=com.google.android.gms }
05-31 23:22:43.361 28078 28419 I BugleRcsEngine: [91] albk.b: Bugle is default SMS app: true
05-31 23:22:43.362 28078 28419 I BugleRcsEngine: [91] akxz.a: Bugle has minimum required RCS permissions: true
05-31 23:22:43.362 28078 28419 I BugleRcsEngine: [91] albk.a: Rcs is enabled from user settings: true
05-31 23:22:43.362 28078 28419 I BugleRcsEngine: [91] alcv.a: Using config server URL from ajqd
05-31 23:22:43.363 28078 28419 I BugleRcsEngine: [91] albk.n: No RCS Configuration was found in Bugle for simID: redacted-pii:sim_id[20-chars]
05-31 23:22:43.364 28078 28419 I BugleRcsEngine: [91] albk.n: No RCS Configuration was found in Bugle for simID: redacted-pii:sim_id[20-chars]
05-31 23:22:43.364 28078 28419 I BugleRcsEngine: [91] alsz.d: Checking if using CarrierServices.apk is possible. Enabled: true, isAtLeastM: true, runningInsideBugle: true
05-31 23:22:43.365 28078 28419 W BugleRcsEngine: [91] alsz.g: Carrier Services Apk was not found.
05-31 23:22:43.365 28078 28419 I BugleRcsEngine: [91] alsz.e: Cannot get service version because CS.apk was not found, not pre-loaded or disabled.
05-31 23:22:43.365 28078 28419 W BugleRcsEngine: [91] alsz.e: Service with meta data key: JibeServiceApiVersions is not compatible. Service Version 1 is not supported. Supported versions: []
05-31 23:22:43.366 28078 28419 I BugleRcsEngine: [91] albk.n: No RCS Configuration was found in Bugle for simID: redacted-pii:sim_id[20-chars]
05-31 23:22:43.369 28078 28419 I BugleRcsEngine: [91] akxz.a: Config state is not ACCEPTED, provisioning still in progress
05-31 23:22:43.370 28078 28419 I BugleRcsEngine: [91] akxz.a: RcsAvailabilityManager: Rcs Availability still CARRIER_SETUP_PENDING (Carrier RCS is not set up)
05-31 23:22:43.399 28078 28109 W BugleRcsEngine: [45] ajnl.z: Unable to send diagnostic log
05-31 23:22:43.412 28078 28109 W BugleRcsEngine: [45] ajnl.z: Unable to send diagnostic log
05-31 23:22:43.422   373   373 E android.hardware.audio@7.0-impl.ranchu: device/generic/goldfish/audio/stream_out.cpp:updateSourceMetadata:377 failure: Result::NOT_SUPPORTED
05-31 23:22:43.430 28078 28109 W BugleRcsEngine: [45] ajnl.z: Unable to send diagnostic log
05-31 23:22:43.430 28078 28109 W BugleRcsEngine: [45] ajnl.z: Unable to send diagnostic log
05-31 23:22:43.474  7638  7638 D BoundBrokerSvc: onUnbind: Intent { act=com.google.android.gms.clearcut.bootcount.service.START dat=chimera-action:com.google.android.gms.clearcut.bootcount.service.START cmp=com.google.android.gms/.chimera.PersistentBoundBrokerService }
05-31 23:22:43.545 28078 28150 W BugleNetwork: RegistrationProvider: Failed to register with Tachyon
05-31 23:22:43.545 28078 28150 W BugleNetwork: bjod: PERMISSION_DENIED: The caller does not have permission
05-31 23:22:43.545 28078 28150 W BugleNetwork: 	at io.grpc.Status.i(PG:1)
05-31 23:22:43.545 28078 28150 W BugleNetwork: 	at bkds.a(PG:6)
05-31 23:22:43.545 28078 28150 W BugleNetwork: 	at bjru.run(PG:1)
05-31 23:22:43.545 28078 28150 W BugleNetwork: 	at bjrw.e(PG:4)
05-31 23:22:43.545 28078 28150 W BugleNetwork: 	at bjrw.a(PG:1)
05-31 23:22:43.545 28078 28150 W BugleNetwork: 	at bjql.a(PG:3)
05-31 23:22:43.545 28078 28150 W BugleNetwork: 	at bjrh.run(PG:2)
05-31 23:22:43.545 28078 28150 W BugleNetwork: 	at bjze.run(PG:2)
05-31 23:22:43.545 28078 28150 W BugleNetwork: 	at java.util.concurrent.ThreadPoolExecutor.runWorker(ThreadPoolExecutor.java:1167)
05-31 23:22:43.545 28078 28150 W BugleNetwork: 	at java.util.concurrent.ThreadPoolExecutor$Worker.run(ThreadPoolExecutor.java:641)
05-31 23:22:43.545 28078 28150 W BugleNetwork: 	at java.lang.Thread.run(Thread.java:920)
05-31 23:22:43.546 28078 28150 W BugleNetwork: RegistrationProvider: Got error in StatusRuntimeException. Notifying tachyon registration error listeners, error: 1, status: PERMISSION_DENIED
05-31 23:22:43.546 28078 28150 W BugleNetwork: bjod: PERMISSION_DENIED: The caller does not have permission
05-31 23:22:43.546 28078 28150 W BugleNetwork: 	at io.grpc.Status.i(PG:1)
05-31 23:22:43.546 28078 28150 W BugleNetwork: 	at bkds.a(PG:6)
05-31 23:22:43.546 28078 28150 W BugleNetwork: 	at bjru.run(PG:1)
05-31 23:22:43.546 28078 28150 W BugleNetwork: 	at bjrw.e(PG:4)
05-31 23:22:43.546 28078 28150 W BugleNetwork: 	at bjrw.a(PG:1)
05-31 23:22:43.546 28078 28150 W BugleNetwork: 	at bjql.a(PG:3)
05-31 23:22:43.546 28078 28150 W BugleNetwork: 	at bjrh.run(PG:2)
05-31 23:22:43.546 28078 28150 W BugleNetwork: 	at bjze.run(PG:2)
05-31 23:22:43.546 28078 28150 W BugleNetwork: 	at java.util.concurrent.ThreadPoolExecutor.runWorker(ThreadPoolExecutor.java:1167)
05-31 23:22:43.546 28078 28150 W BugleNetwork: 	at java.util.concurrent.ThreadPoolExecutor$Worker.run(ThreadPoolExecutor.java:641)
05-31 23:22:43.546 28078 28150 W BugleNetwork: 	at java.lang.Thread.run(Thread.java:920)
05-31 23:22:43.548   373   373 E android.hardware.audio@7.0-impl.ranchu: device/generic/goldfish/audio/stream_out.cpp:updateSourceMetadata:377 failure: Result::NOT_SUPPORTED
05-31 23:22:43.552 28078 28109 I Bugle   : VerifiedSmsStartupTask: Checking if Verified SMS tasks should be enqueued. feature supported: true, feature enabled: true, eligible / has registered key: false, C11N: true
05-31 23:22:43.552 28078 28109 I Bugle   : VerifiedSmsStartupTask: Not enqueuing VSMS periodic task, VSMS is disabled or not supported.
05-31 23:22:43.552 28078 28150 I Bugle   : VerifiedSmsStartupTask: Calling C11N to get phone numbers...
05-31 23:22:43.554 28078 28183 I Bugle   : VerifiedSmsRegistrationHelper: Too early for C11N check, last check time: 1654047364163, earliest next check time: 1654652164163, current time: 1654064563554
05-31 23:22:43.554 28078 28183 I Bugle   : VerifiedSmsStartupTask: C11N registration didn't update with any new data.
05-31 23:22:43.597 28157 28429 W AssistantConfig: appIntegrationDataInBase64 is null
05-31 23:22:43.601 28157 28429 E AssistantConnector: Couldn't read whether gRPC is supported from public value
05-31 23:22:43.601 28157 28429 E AssistantConnector: java.lang.IllegalStateException: Failed to query to AGSA.
05-31 23:22:43.601 28157 28429 E AssistantConnector: 	at amdj.call(PG:16)
05-31 23:22:43.601 28157 28429 E AssistantConnector: 	at aypl.call(PG:2)
05-31 23:22:43.601 28157 28429 E AssistantConnector: 	at bcic.c(PG:1)
05-31 23:22:43.601 28157 28429 E AssistantConnector: 	at bchf.run(PG:4)
05-31 23:22:43.601 28157 28429 E AssistantConnector: 	at bcid.run(PG:1)
05-31 23:22:43.601 28157 28429 E AssistantConnector: 	at java.util.concurrent.ThreadPoolExecutor.runWorker(ThreadPoolExecutor.java:1167)
05-31 23:22:43.601 28157 28429 E AssistantConnector: 	at java.util.concurrent.ThreadPoolExecutor$Worker.run(ThreadPoolExecutor.java:641)
05-31 23:22:43.601 28157 28429 E AssistantConnector: 	at java.lang.Thread.run(Thread.java:920)
05-31 23:22:43.601 28157 28429 I AssistantConnector: Fallback to Maestro connector
05-31 23:22:43.769 28332 28357 D EGL_emulation: app_time_stats: avg=2.13ms min=1.15ms max=17.50ms count=35
05-31 23:22:43.769 28332 28332 I ViewInteraction: Performing 'single click' action on view (view.getId() is <2131230878/com.example.cse110lab5:id/directionsTypeButton> and an instance of android.widget.TextView and view.getText() with or without transformation to match: is "OFF" and Child at position 2 in parent Child at position 0 in parent view.getId() is <16908290/android:id/content> and (view has effective visibility <VISIBLE> and view.getGlobalVisibleRect() to return non-empty rectangle))
05-31 23:22:43.905   373   373 E android.hardware.audio@7.0-impl.ranchu: device/generic/goldfish/audio/stream_out.cpp:updateSourceMetadata:377 failure: Result::NOT_SUPPORTED
05-31 23:22:44.036   373   373 E android.hardware.audio@7.0-impl.ranchu: device/generic/goldfish/audio/stream_out.cpp:updateSourceMetadata:377 failure: Result::NOT_SUPPORTED
05-31 23:22:44.235 28332 28332 I ViewInteraction: Performing 'single click' action on view (view.getId() is <2131231033/com.example.cse110lab5:id/next_btn> and an instance of android.widget.TextView and view.getText() with or without transformation to match: is "Next" and Child at position 1 in parent Child at position 0 in parent view.getId() is <16908290/android:id/content> and (view has effective visibility <VISIBLE> and view.getGlobalVisibleRect() to return non-empty rectangle))
05-31 23:22:44.345   373   373 E android.hardware.audio@7.0-impl.ranchu: device/generic/goldfish/audio/stream_out.cpp:updateSourceMetadata:377 failure: Result::NOT_SUPPORTED
05-31 23:22:44.478   373   373 E android.hardware.audio@7.0-impl.ranchu: device/generic/goldfish/audio/stream_out.cpp:updateSourceMetadata:377 failure: Result::NOT_SUPPORTED
05-31 23:22:44.619 28332 28332 I ViewInteraction: Performing 'single click' action on view (view.getId() is <2131230878/com.example.cse110lab5:id/directionsTypeButton> and an instance of android.widget.TextView and view.getText() with or without transformation to match: is "ON" and Child at position 2 in parent Child at position 0 in parent view.getId() is <16908290/android:id/content> and (view has effective visibility <VISIBLE> and view.getGlobalVisibleRect() to return non-empty rectangle))
05-31 23:22:44.769 28332 28357 D EGL_emulation: app_time_stats: avg=1.37ms min=1.07ms max=2.24ms count=32
05-31 23:22:44.810   373   373 E android.hardware.audio@7.0-impl.ranchu: device/generic/goldfish/audio/stream_out.cpp:updateSourceMetadata:377 failure: Result::NOT_SUPPORTED
05-31 23:22:44.943   373   373 E android.hardware.audio@7.0-impl.ranchu: device/generic/goldfish/audio/stream_out.cpp:updateSourceMetadata:377 failure: Result::NOT_SUPPORTED
05-31 23:22:45.068 28332 28332 I ViewInteraction: Performing 'single click' action on view (view.getId() is <2131231033/com.example.cse110lab5:id/next_btn> and an instance of android.widget.TextView and view.getText() with or without transformation to match: is "Next" and Child at position 1 in parent Child at position 0 in parent view.getId() is <16908290/android:id/content> and (view has effective visibility <VISIBLE> and view.getGlobalVisibleRect() to return non-empty rectangle))
05-31 23:22:45.231   373   373 E android.hardware.audio@7.0-impl.ranchu: device/generic/goldfish/audio/stream_out.cpp:updateSourceMetadata:377 failure: Result::NOT_SUPPORTED
05-31 23:22:45.364   373   373 E android.hardware.audio@7.0-impl.ranchu: device/generic/goldfish/audio/stream_out.cpp:updateSourceMetadata:377 failure: Result::NOT_SUPPORTED
05-31 23:22:45.537 28332 28332 I ViewInteraction: Performing 'single click' action on view (view.getId() is <2131231033/com.example.cse110lab5:id/next_btn> and an instance of android.widget.TextView and view.getText() with or without transformation to match: is "Next" and Child at position 1 in parent Child at position 0 in parent view.getId() is <16908290/android:id/content> and (view has effective visibility <VISIBLE> and view.getGlobalVisibleRect() to return non-empty rectangle))
05-31 23:22:45.695   373   373 E android.hardware.audio@7.0-impl.ranchu: device/generic/goldfish/audio/stream_out.cpp:updateSourceMetadata:377 failure: Result::NOT_SUPPORTED
05-31 23:22:45.769 28332 28357 D EGL_emulation: app_time_stats: avg=1.34ms min=1.01ms max=3.20ms count=36
05-31 23:22:45.829   373   373 E android.hardware.audio@7.0-impl.ranchu: device/generic/goldfish/audio/stream_out.cpp:updateSourceMetadata:377 failure: Result::NOT_SUPPORTED
05-31 23:22:45.986 28332 28332 W mple.cse110lab: Accessing hidden field Landroid/app/Activity;->mResultCode:I (unsupported, reflection, allowed)
05-31 23:22:45.987 28332 28332 W mple.cse110lab: Accessing hidden field Landroid/app/Activity;->mResultData:Landroid/content/Intent; (unsupported, reflection, allowed)
05-31 23:22:45.987 28332 28332 D LifecycleMonitor: Lifecycle status change: com.example.cse110lab5.TodoListActivity@aa9d812 in: DESTROYED
05-31 23:22:46.035   556   867 W InputManager-JNI: Input channel object '3829dd9 com.example.cse110lab5/com.example.cse110lab5.TodoListActivity (client)' was disposed without first being removed with the input manager!
05-31 23:22:46.069 28332 28353 I TestRunner: finished: sBST3IntrumentedTest(com.example.cse110lab5.SBST3IntrumentedTest)
