05-31 23:22:32.597 28332 28353 I TestRunner: started: sBST3IntrumentedTest(com.example.cse110lab5.SBST3IntrumentedTest)
05-31 23:22:32.602 28332 28353 W ActivityTestRule: getActivityIntent() returned null using default: Intent(Intent.ACTION_MAIN)
05-31 23:22:32.617   556  1913 W InputReader: Device virtio_input_multi_touch_4 is associated with display ADISPLAY_ID_NONE.
05-31 23:22:32.617   556  1913 W InputReader: Device virtio_input_multi_touch_10 is associated with display ADISPLAY_ID_NONE.
05-31 23:22:32.617   556  1913 W InputReader: Device virtio_input_multi_touch_8 is associated with display ADISPLAY_ID_NONE.
05-31 23:22:32.617   556  1913 W InputReader: Device virtio_input_multi_touch_2 is associated with display ADISPLAY_ID_NONE.
05-31 23:22:32.617   556  1913 W InputReader: Device virtio_input_multi_touch_9 is associated with display ADISPLAY_ID_NONE.
05-31 23:22:32.617   556  1913 W InputReader: Device virtio_input_multi_touch_3 is associated with display ADISPLAY_ID_NONE.
05-31 23:22:32.617   556  1913 W InputReader: Device virtio_input_multi_touch_7 is associated with display ADISPLAY_ID_NONE.
05-31 23:22:32.617   556  1913 W InputReader: Device virtio_input_multi_touch_5 is associated with display ADISPLAY_ID_NONE.
05-31 23:22:32.617   556  1913 W InputReader: Device virtio_input_multi_touch_6 is associated with display ADISPLAY_ID_NONE.
05-31 23:22:32.617   556  1913 W InputReader: Device virtio_input_multi_touch_11 is associated with display ADISPLAY_ID_NONE.
05-31 23:22:32.618   556  1913 W InputReader: Device virtio_input_multi_touch_4 is associated with display ADISPLAY_ID_NONE.
05-31 23:22:32.618   556  1913 W InputReader: Device virtio_input_multi_touch_10 is associated with display ADISPLAY_ID_NONE.
05-31 23:22:32.618   556  1913 W InputReader: Device virtio_input_multi_touch_8 is associated with display ADISPLAY_ID_NONE.
05-31 23:22:32.618   556  1913 W InputReader: Device virtio_input_multi_touch_2 is associated with display ADISPLAY_ID_NONE.
05-31 23:22:32.618   556  1913 W InputReader: Device virtio_input_multi_touch_9 is associated with display ADISPLAY_ID_NONE.
05-31 23:22:32.618   556  1913 W InputReader: Device virtio_input_multi_touch_3 is associated with display ADISPLAY_ID_NONE.
05-31 23:22:32.618   556  1913 W InputReader: Device virtio_input_multi_touch_7 is associated with display ADISPLAY_ID_NONE.
05-31 23:22:32.618   556  1913 W InputReader: Device virtio_input_multi_touch_5 is associated with display ADISPLAY_ID_NONE.
05-31 23:22:32.618   556  1913 W InputReader: Device virtio_input_multi_touch_6 is associated with display ADISPLAY_ID_NONE.
05-31 23:22:32.618   556  1913 W InputReader: Device virtio_input_multi_touch_11 is associated with display ADISPLAY_ID_NONE.
05-31 23:22:32.626   384   425 D goldfish-address-space: claimShared: Ask to claim region [0x3f18cd000 0x3f2232000]
05-31 23:22:32.644 28332 28359 D libEGL  : loaded /vendor/lib64/egl/libEGL_emulation.so
05-31 23:22:32.646 28332 28359 D libEGL  : loaded /vendor/lib64/egl/libGLESv1_CM_emulation.so
05-31 23:22:32.648 28332 28359 D libEGL  : loaded /vendor/lib64/egl/libGLESv2_emulation.so
05-31 23:22:32.656   384   425 D goldfish-address-space: claimShared: Ask to claim region [0x3f2232000 0x3f2b97000]
05-31 23:22:32.657   384   425 D goldfish-address-space: claimShared: Ask to claim region [0x3f2b97000 0x3f34fc000]
05-31 23:22:32.679 28332 28332 D LifecycleMonitor: Lifecycle status change: com.example.cse110lab5.TodoListActivity@aa9d812 in: PRE_ON_CREATE
05-31 23:22:32.724  2927  2927 I GsaVoiceInteractionSrv: Handling ACTION_STOP_HOTWORD
05-31 23:22:32.724  2927  2927 E HwDetectorWithState: a: 3
05-31 23:22:32.738 28332 28332 W mple.cse110lab: Accessing hidden method Landroid/view/View;->computeFitSystemWindows(Landroid/graphics/Rect;Landroid/graphics/Rect;)Z (unsupported, reflection, allowed)
05-31 23:22:32.739 28332 28332 W mple.cse110lab: Accessing hidden method Landroid/view/ViewGroup;->makeOptionalFitsSystemWindows()V (unsupported, reflection, allowed)
05-31 23:22:32.820 28332 28332 D CompatibilityChangeReporter: Compat change id reported: 171228096; UID 10148; state: ENABLED
05-31 23:22:32.952 28332 28332 D LifecycleMonitor: Lifecycle status change: com.example.cse110lab5.TodoListActivity@aa9d812 in: CREATED
05-31 23:22:32.953 28332 28332 D LifecycleMonitor: Lifecycle status change: com.example.cse110lab5.TodoListActivity@aa9d812 in: STARTED
05-31 23:22:32.954 28332 28332 D LifecycleMonitor: Lifecycle status change: com.example.cse110lab5.TodoListActivity@aa9d812 in: RESUMED
05-31 23:22:32.988 28332 28357 D HostConnection: createUnique: call
05-31 23:22:32.989 28332 28357 D HostConnection: HostConnection::get() New Host Connection established 0x7b151b35c090, tid 28357
05-31 23:22:32.996 28332 28357 D HostConnection: HostComposition ext ANDROID_EMU_CHECKSUM_HELPER_v1 ANDROID_EMU_native_sync_v2 ANDROID_EMU_native_sync_v3 ANDROID_EMU_native_sync_v4 ANDROID_EMU_dma_v1 ANDROID_EMU_direct_mem ANDROID_EMU_host_composition_v1 ANDROID_EMU_host_composition_v2 ANDROID_EMU_vulkan ANDROID_EMU_deferred_vulkan_commands ANDROID_EMU_vulkan_null_optional_strings ANDROID_EMU_vulkan_create_resources_with_requirements ANDROID_EMU_YUV_Cache ANDROID_EMU_vulkan_ignored_handles ANDROID_EMU_has_shared_slots_host_memory_allocator ANDROID_EMU_vulkan_free_memory_sync ANDROID_EMU_vulkan_shader_float16_int8 ANDROID_EMU_vulkan_async_queue_submit ANDROID_EMU_vulkan_queue_submit_with_commands ANDROID_EMU_sync_buffer_data ANDROID_EMU_read_color_buffer_dma GL_OES_EGL_image_external_essl3 GL_OES_vertex_array_object GL_KHR_texture_compression_astc_ldr ANDROID_EMU_host_side_tracing ANDROID_EMU_gles_max_version_3_0
05-31 23:22:33.046   214   214 I hwservicemanager: getTransport: Cannot find entry android.hardware.configstore@1.0::ISurfaceFlingerConfigs/default in either framework or device VINTF manifest.
05-31 23:22:33.046   812   873 D EGL_emulation: app_time_stats: avg=54039.27ms min=49.91ms max=269796.47ms count=5
05-31 23:22:33.046 28332 28357 W OpenGLRenderer: Failed to choose config with EGL_SWAP_BEHAVIOR_PRESERVED, retrying without...
05-31 23:22:33.046 28332 28357 W OpenGLRenderer: Failed to initialize 101010-2 format, error = EGL_SUCCESS
05-31 23:22:33.054 28332 28357 D EGL_emulation: eglCreateContext: 0x7b151b35a950: maj 3 min 0 rcv 3
05-31 23:22:33.129 28332 28357 D EGL_emulation: eglMakeCurrent: 0x7b151b35a950: ver 3 0 (tinfo 0x7b173f063080) (first time)
05-31 23:22:33.134   812   873 D EGL_emulation: app_time_stats: avg=2734.50ms min=3.32ms max=5465.67ms count=2
05-31 23:22:33.135   214   214 I hwservicemanager: getTransport: Cannot find entry android.hardware.graphics.mapper@4.0::IMapper/default in either framework or device VINTF manifest.
05-31 23:22:33.135 28332 28357 I Gralloc4: mapper 4.x is not supported
05-31 23:22:33.136 28332 28357 D HostConnection: createUnique: call
05-31 23:22:33.136 28332 28357 D HostConnection: HostConnection::get() New Host Connection established 0x7b151b35a590, tid 28357
05-31 23:22:33.136 28332 28357 D goldfish-address-space: allocate: Ask for block of size 0x100
05-31 23:22:33.136 28332 28357 D goldfish-address-space: allocate: ioctl allocate returned offset 0x3efffe000 size 0x2000
05-31 23:22:33.168   214   214 I hwservicemanager: getTransport: Cannot find entry android.hardware.graphics.allocator@4.0::IAllocator/default in either framework or device VINTF manifest.
05-31 23:22:33.169 28332 28357 W Gralloc4: allocator 4.x is not supported
05-31 23:22:33.173   384   425 D goldfish-address-space: claimShared: Ask to claim region [0x3f0f68000 0x3f18cd000]
05-31 23:22:33.187 28332 28357 D HostConnection: HostComposition ext ANDROID_EMU_CHECKSUM_HELPER_v1 ANDROID_EMU_native_sync_v2 ANDROID_EMU_native_sync_v3 ANDROID_EMU_native_sync_v4 ANDROID_EMU_dma_v1 ANDROID_EMU_direct_mem ANDROID_EMU_host_composition_v1 ANDROID_EMU_host_composition_v2 ANDROID_EMU_vulkan ANDROID_EMU_deferred_vulkan_commands ANDROID_EMU_vulkan_null_optional_strings ANDROID_EMU_vulkan_create_resources_with_requirements ANDROID_EMU_YUV_Cache ANDROID_EMU_vulkan_ignored_handles ANDROID_EMU_has_shared_slots_host_memory_allocator ANDROID_EMU_vulkan_free_memory_sync ANDROID_EMU_vulkan_shader_float16_int8 ANDROID_EMU_vulkan_async_queue_submit ANDROID_EMU_vulkan_queue_submit_with_commands ANDROID_EMU_sync_buffer_data ANDROID_EMU_read_color_buffer_dma GL_OES_EGL_image_external_essl3 GL_OES_vertex_array_object GL_KHR_texture_compression_astc_ldr ANDROID_EMU_host_side_tracing ANDROID_EMU_gles_max_version_3_0
05-31 23:22:33.190   384   425 D goldfish-address-space: claimShared: Ask to claim region [0x3f6e40000 0x3f77a5000]
05-31 23:22:33.192   384   425 D goldfish-address-space: claimShared: Ask to claim region [0x3f4000000 0x3f4965000]
05-31 23:22:33.246   556   592 I ActivityTaskManager: Displayed com.example.cse110lab5/.TodoListActivity: +638ms
05-31 23:22:33.294  7921  7921 I GoogleInputMethodService: GoogleInputMethodService.onStartInputView():2057
05-31 23:22:33.296  7921  7921 I DeviceUnlockedTag: DeviceUnlockedTag.notifyDeviceLockStatusChanged():79 Notify device unlocked.
05-31 23:22:33.297  7921  7921 I DeviceUnlockedTag: DeviceUnlockedTag.notifyDeviceLockStatusChanged():79 Notify device unlocked.
05-31 23:22:33.300  7921  7921 I KeyboardViewUtil: KeyboardViewUtil.getKeyboardHeightRatio():168 systemKeyboardHeightRatio:1.000000; userKeyboardHeightRatio:1.000000.
05-31 23:22:33.300  7921  7921 I DeviceUnlockedTag: DeviceUnlockedTag.notifyDeviceLockStatusChanged():79 Notify device unlocked.
05-31 23:22:33.301  7921  7921 I AndroidIME: AbstractIme.onActivate():86 PasswordIme.onActivate() : EditorInfo = inputType=Text imeActionName=UNSPECIFIED dump=[inputType=0x0 imeOptions=0x0 privateImeOptions=null actionLabel=null actionId=0 initialSelStart=-1 initialSelEnd=-1 initialCapsMode=0x0 hintText=null label=null packageName=com.google.android.apps.nexuslauncher autofillId=1 fieldId=-1 fieldName=null extras=null hintLocales=null contentMimeTypes=null ], IncognitoMode = false, DeviceLocked = false
05-31 23:22:33.301  7921  7921 I DeviceUnlockedTag: DeviceUnlockedTag.notifyDeviceLockStatusChanged():79 Notify device unlocked.
05-31 23:22:33.306  7921  7921 I KeyboardViewHelper: KeyboardViewHelper.getView():166 Get view with height ratio:1.000000
05-31 23:22:33.316  7921  7921 I KeyboardViewUtil: KeyboardViewUtil.calculateMaxKeyboardBodyHeight():53 leave 344 height for app when screen height:2148, header height:121 and isFullscreenMode:false, so the max keyboard body height is:1683
05-31 23:22:33.317  7921  7921 I DeviceUnlockedTag: DeviceUnlockedTag.notifyDeviceLockStatusChanged():79 Notify device unlocked.
05-31 23:22:33.317  7921  7921 I DeviceUnlockedTag: DeviceUnlockedTag.notifyDeviceLockStatusChanged():79 Notify device unlocked.
05-31 23:22:33.318  7921  7921 I DeviceUnlockedTag: DeviceUnlockedTag.notifyDeviceLockStatusChanged():79 Notify device unlocked.
05-31 23:22:33.318  7921  7921 I DeviceUnlockedTag: DeviceUnlockedTag.notifyDeviceLockStatusChanged():79 Notify device unlocked.
05-31 23:22:33.319  7921  7921 I DeviceUnlockedTag: DeviceUnlockedTag.notifyDeviceLockStatusChanged():79 Notify device unlocked.
05-31 23:22:33.320  7921  7921 I KeyboardViewUtil: KeyboardViewUtil.calculateMaxKeyboardBodyHeight():53 leave 344 height for app when screen height:2148, header height:121 and isFullscreenMode:false, so the max keyboard body height is:1683
05-31 23:22:33.320  7921  7921 I NormalModeController: NormalModeController.getKeyboardBodyViewHolderPaddingBottom():111 currentPrimeKeyboardType:SOFT systemPaddingBottom:-1
05-31 23:22:33.321  7921  7921 I NormalModeController: NormalModeController.getKeyboardBodyViewHolderPaddingBottom():111 currentPrimeKeyboardType:SOFT systemPaddingBottom:-1
05-31 23:22:33.324  7921  7921 I DeviceUnlockedTag: DeviceUnlockedTag.notifyDeviceLockStatusChanged():79 Notify device unlocked.
05-31 23:22:33.324  7921  7921 I VoiceImeExtension: VoiceImeExtension.shouldStartVoiceInputAutomatically():364 No private IME option set to start voice input.
05-31 23:22:33.326  7921  7921 I GoogleInputMethodService: GoogleInputMethodService.onFinishInputView():2291
05-31 23:22:33.326  7921  7921 W TooltipLifecycleManager: TooltipLifecycleManager.dismissTooltips():157 Tooltip with id spell_check_add_to_dictionary not found in tooltipManager.
05-31 23:22:33.326  7921  7921 I AndroidIME: AbstractIme.onDeactivate():207 PasswordIme.onDeactivate()
05-31 23:22:33.327  7921  7921 I GoogleInputMethodService: GoogleInputMethodService.onFinishInput():3269
05-31 23:22:33.327  7921  7921 I GoogleInputMethodService: GoogleInputMethodService.onStartInput():1947
05-31 23:22:33.328  7921  7921 I DeviceUnlockedTag: DeviceUnlockedTag.notifyDeviceLockStatusChanged():79 Notify device unlocked.
05-31 23:22:33.329  7921  7921 I GoogleInputMethodService: GoogleInputMethodService.onStartInputView():2057
05-31 23:22:33.329  7921  7921 I DeviceUnlockedTag: DeviceUnlockedTag.notifyDeviceLockStatusChanged():79 Notify device unlocked.
05-31 23:22:33.329  7921  7921 I DeviceUnlockedTag: DeviceUnlockedTag.notifyDeviceLockStatusChanged():79 Notify device unlocked.
05-31 23:22:33.331  9955  9955 D BoundBrokerSvc: onBind: Intent { act=com.google.firebase.dynamiclinks.service.START pkg=com.google.android.gms }
05-31 23:22:33.331  9955  9955 D BoundBrokerSvc: Loading bound service for intent: Intent { act=com.google.firebase.dynamiclinks.service.START pkg=com.google.android.gms }
05-31 23:22:33.420  7921  7921 I KeyboardViewUtil: KeyboardViewUtil.getKeyboardHeightRatio():168 systemKeyboardHeightRatio:1.000000; userKeyboardHeightRatio:1.000000.
05-31 23:22:33.420  7921  7921 I DeviceUnlockedTag: DeviceUnlockedTag.notifyDeviceLockStatusChanged():79 Notify device unlocked.
05-31 23:22:33.420  7921  7921 I AndroidIME: AbstractIme.onActivate():86 LatinIme.onActivate() : EditorInfo = inputType=Text imeActionName=NEXT dump=[inputType=0x1 imeOptions=0xc000005 privateImeOptions=null actionLabel=null actionId=0 initialSelStart=-1 initialSelEnd=-1 initialCapsMode=0x0 hintText=null label=null packageName=com.example.cse110lab5 autofillId=1073741825 fieldId=2131230952 fieldName=null extras=null hintLocales=null contentMimeTypes=null ], IncognitoMode = false, DeviceLocked = false
05-31 23:22:33.420  7921  7921 I DeviceUnlockedTag: DeviceUnlockedTag.notifyDeviceLockStatusChanged():79 Notify device unlocked.
05-31 23:22:33.421  7921  7921 I DeviceUnlockedTag: DeviceUnlockedTag.notifyDeviceLockStatusChanged():79 Notify device unlocked.
05-31 23:22:33.421  7921  7921 I Delight5Facilitator: Delight5Facilitator.initializeForIme():769 initializeForIme() : Locale = [en_US], layout = qwerty
05-31 23:22:33.421  7921  7921 I Delight5Facilitator: Delight5Facilitator.resetDecoder():925 resetDecoder() : Locale = [en_US]
05-31 23:22:33.423  7921  7921 E UserFeatureCache: UserFeatureCache.getStore():468 Wrong feature id provided PERSONALIZED_FST_MODEL_PARAMS for protobuf lab.
05-31 23:22:33.424  7921  7921 E InputContextLock: InputContextLock.mayLockAndRun():126 Failed to run
05-31 23:22:33.424  7921  7921 E InputContextLock: java.lang.NullPointerException: Attempt to invoke virtual method 'java.lang.Class java.lang.Object.getClass()' on a null object reference
05-31 23:22:33.424  7921  7921 E InputContextLock: 	at com.google.android.libraries.inputmethod.userfeaturecache.UserFeatureCache.c(PG:8)
05-31 23:22:33.424  7921  7921 E InputContextLock: 	at com.google.android.apps.inputmethod.libs.delight5.Delight5Facilitator.K(PG:131)
05-31 23:22:33.424  7921  7921 E InputContextLock: 	at cng.call(Unknown Source:4)
05-31 23:22:33.424  7921  7921 E InputContextLock: 	at con.a(PG:8)
05-31 23:22:33.424  7921  7921 E InputContextLock: 	at com.google.android.apps.inputmethod.libs.delight5.Delight5Facilitator.G(PG:37)
05-31 23:22:33.424  7921  7921 E InputContextLock: 	at com.google.android.apps.inputmethod.libs.latin5.LatinIme.h(PG:17)
05-31 23:22:33.424  7921  7921 E InputContextLock: 	at jlx.g(PG:6)
05-31 23:22:33.424  7921  7921 E InputContextLock: 	at jlx.m(PG:2)
05-31 23:22:33.424  7921  7921 E InputContextLock: 	at dww.u(PG:18)
05-31 23:22:33.424  7921  7921 E InputContextLock: 	at com.android.inputmethod.latin.LatinIME.u(PG:104)
05-31 23:22:33.424  7921  7921 E InputContextLock: 	at dww.onStartInputView(PG:29)
05-31 23:22:33.424  7921  7921 E InputContextLock: 	at android.inputmethodservice.InputMethodService.doStartInput(InputMethodService.java:2443)
05-31 23:22:33.424  7921  7921 E InputContextLock: 	at android.inputmethodservice.InputMethodService$InputMethodImpl.startInput(InputMethodService.java:689)
05-31 23:22:33.424  7921  7921 E InputContextLock: 	at android.inputmethodservice.InputMethodService$InputMethodImpl.dispatchStartInputWithToken(InputMethodService.java:719)
05-31 23:22:33.424  7921  7921 E InputContextLock: 	at android.inputmethodservice.IInputMethodWrapper.executeMessage(IInputMethodWrapper.java:199)
05-31 23:22:33.424  7921  7921 E InputContextLock: 	at com.android.internal.os.HandlerCaller$MyHandler.handleMessage(HandlerCaller.java:44)
05-31 23:22:33.424  7921  7921 E InputContextLock: 	at android.os.Handler.dispatchMessage(Handler.java:106)
05-31 23:22:33.424  7921  7921 E InputContextLock: 	at android.os.Looper.loopOnce(Looper.java:201)
05-31 23:22:33.424  7921  7921 E InputContextLock: 	at android.os.Looper.loop(Looper.java:288)
05-31 23:22:33.424  7921  7921 E InputContextLock: 	at android.app.ActivityThread.main(ActivityThread.java:7842)
05-31 23:22:33.424  7921  7921 E InputContextLock: 	at java.lang.reflect.Method.invoke(Native Method)
05-31 23:22:33.424  7921  7921 E InputContextLock: 	at com.android.internal.os.RuntimeInit$MethodAndArgsCaller.run(RuntimeInit.java:548)
05-31 23:22:33.424  7921  7921 E InputContextLock: 	at com.android.internal.os.ZygoteInit.main(ZygoteInit.java:1003)
05-31 23:22:33.424  7921  7921 I VoiceInputManagerWrapper: VoiceInputManagerWrapper.cancelShutdown():55 cancelShutdown()
05-31 23:22:33.424  7921  7921 I VoiceInputManagerWrapper: VoiceInputManagerWrapper.syncLanguagePacks():67 syncLanguagePacks()
05-31 23:22:33.425  7921  7921 I LatinIme: LatinIme.updateEnableInlineSuggestionsOnDecoderSideFlags():1264 inline flag updated to:false
05-31 23:22:33.425  7921  8642 I SpeechFactory: SpeechRecognitionFactory.maybeScheduleAutoPackDownloadForFallback():184 maybeScheduleAutoPackDownloadForFallback()
05-31 23:22:33.425  7921  8642 I FallbackOnDeviceRecognitionProvider: FallbackOnDeviceRecognitionProvider.maybeScheduleAutoPackDownload():196 maybeScheduleAutoPackDownload() for language tag en-US
05-31 23:22:33.426  7921  7921 W Delight5Decoder: Decoder.setRuntimeParams():372 setRuntimeParams() : Native lib is not ready.
05-31 23:22:33.427  7921  7921 I KeyboardWrapper: KeyboardWrapper.consumeEvent():284 Skip consuming an event as current keyboard is deactivated (state=0, keyboard existence=true)
05-31 23:22:33.428  7921  7921 I DeviceUnlockedTag: DeviceUnlockedTag.notifyDeviceLockStatusChanged():79 Notify device unlocked.
05-31 23:22:33.428  7921  7921 I DeviceUnlockedTag: DeviceUnlockedTag.notifyDeviceLockStatusChanged():79 Notify device unlocked.
05-31 23:22:33.431  7921  7921 I DeviceUnlockedTag: DeviceUnlockedTag.notifyDeviceLockStatusChanged():79 Notify device unlocked.
05-31 23:22:33.431  7921  7921 I DeviceUnlockedTag: DeviceUnlockedTag.notifyDeviceLockStatusChanged():79 Notify device unlocked.
05-31 23:22:33.431  7921  7921 I DeviceUnlockedTag: DeviceUnlockedTag.notifyDeviceLockStatusChanged():79 Notify device unlocked.
05-31 23:22:33.432  7921  7921 I DeviceUnlockedTag: DeviceUnlockedTag.notifyDeviceLockStatusChanged():79 Notify device unlocked.
05-31 23:22:33.432  7921  7921 I DeviceUnlockedTag: DeviceUnlockedTag.notifyDeviceLockStatusChanged():79 Notify device unlocked.
05-31 23:22:33.432  7921  7921 I DeviceUnlockedTag: DeviceUnlockedTag.notifyDeviceLockStatusChanged():79 Notify device unlocked.
05-31 23:22:33.435  7921  7921 I KeyboardViewHelper: KeyboardViewHelper.getView():166 Get view with height ratio:1.000000
05-31 23:22:33.440  7921  7921 I KeyboardViewUtil: KeyboardViewUtil.calculateMaxKeyboardBodyHeight():53 leave 344 height for app when screen height:2148, header height:121 and isFullscreenMode:false, so the max keyboard body height is:1683
05-31 23:22:33.440 28332 28353 W FileTestStorage: Output properties is not supported.
05-31 23:22:33.441 28332 28353 I Tracing : Tracer added: class androidx.test.platform.tracing.AndroidXTracer
05-31 23:22:33.441  7921  7921 I DeviceUnlockedTag: DeviceUnlockedTag.notifyDeviceLockStatusChanged():79 Notify device unlocked.
05-31 23:22:33.442  7921  7921 I DeviceUnlockedTag: DeviceUnlockedTag.notifyDeviceLockStatusChanged():79 Notify device unlocked.
05-31 23:22:33.442  7921  7921 I DeviceUnlockedTag: DeviceUnlockedTag.notifyDeviceLockStatusChanged():79 Notify device unlocked.
05-31 23:22:33.442  7921  7921 I DeviceUnlockedTag: DeviceUnlockedTag.notifyDeviceLockStatusChanged():79 Notify device unlocked.
05-31 23:22:33.443  7921  7921 I DeviceModeUtil: DeviceModeUtil.getDeviceMode():96 Get device mode phone by ui mode:1 and smallestScreenWidthDp:392
05-31 23:22:33.443  7921  7921 I DeviceUnlockedTag: DeviceUnlockedTag.notifyDeviceLockStatusChanged():79 Notify device unlocked.
05-31 23:22:33.444  7921  7921 I NormalModeController: NormalModeController.getKeyboardBodyViewHolderPaddingBottom():111 currentPrimeKeyboardType:SOFT systemPaddingBottom:-1
05-31 23:22:33.444  7921  7921 I KeyboardViewUtil: KeyboardViewUtil.calculateMaxKeyboardBodyHeight():53 leave 344 height for app when screen height:2148, header height:121 and isFullscreenMode:false, so the max keyboard body height is:1683
05-31 23:22:33.445  7921  7921 E LatinPrimeKeyboard: LatinPrimeKeyboard.updateCurrentImeLocales():414 consumeEvent: UPDATE_CURRENT_IME_LOCALES, Illegal argument
05-31 23:22:33.445  7921  7921 I NormalModeController: NormalModeController.getKeyboardBodyViewHolderPaddingBottom():111 currentPrimeKeyboardType:SOFT systemPaddingBottom:-1
05-31 23:22:33.445  7921  7921 I NormalModeController: NormalModeController.getKeyboardBodyViewHolderPaddingBottom():111 currentPrimeKeyboardType:SOFT systemPaddingBottom:-1
05-31 23:22:33.446  7921  7921 I DeviceUnlockedTag: DeviceUnlockedTag.notifyDeviceLockStatusChanged():79 Notify device unlocked.
05-31 23:22:33.447  7921  7921 I VoiceImeExtension: VoiceImeExtension.shouldStartVoiceInputAutomatically():364 No private IME option set to start voice input.
05-31 23:22:33.447  7921  7921 I DeviceUnlockedTag: DeviceUnlockedTag.notifyDeviceLockStatusChanged():79 Notify device unlocked.
05-31 23:22:33.447  7921  7921 I DeviceUnlockedTag: DeviceUnlockedTag.notifyDeviceLockStatusChanged():79 Notify device unlocked.
05-31 23:22:33.447  7921  7921 I DeviceUnlockedTag: DeviceUnlockedTag.notifyDeviceLockStatusChanged():79 Notify device unlocked.
05-31 23:22:33.448  7921  7921 I DeviceUnlockedTag: DeviceUnlockedTag.notifyDeviceLockStatusChanged():79 Notify device unlocked.
05-31 23:22:33.448  7921  7921 I DeviceUnlockedTag: DeviceUnlockedTag.notifyDeviceLockStatusChanged():79 Notify device unlocked.
05-31 23:22:33.448  7921  7921 I DeviceUnlockedTag: DeviceUnlockedTag.notifyDeviceLockStatusChanged():79 Notify device unlocked.
05-31 23:22:33.449  7921  7921 I DeviceUnlockedTag: DeviceUnlockedTag.notifyDeviceLockStatusChanged():79 Notify device unlocked.
05-31 23:22:33.449  7921  7921 I DeviceUnlockedTag: DeviceUnlockedTag.notifyDeviceLockStatusChanged():79 Notify device unlocked.
05-31 23:22:33.449  7921  7921 I DeviceUnlockedTag: DeviceUnlockedTag.notifyDeviceLockStatusChanged():79 Notify device unlocked.
05-31 23:22:33.450  7921  7921 I DeviceUnlockedTag: DeviceUnlockedTag.notifyDeviceLockStatusChanged():79 Notify device unlocked.
05-31 23:22:33.450  7921  7921 I DeviceUnlockedTag: DeviceUnlockedTag.notifyDeviceLockStatusChanged():79 Notify device unlocked.
05-31 23:22:33.450  7921  7921 I DeviceUnlockedTag: DeviceUnlockedTag.notifyDeviceLockStatusChanged():79 Notify device unlocked.
05-31 23:22:33.453 28332 28353 D EventInjectionStrategy: Creating injection strategy with input manager.
05-31 23:22:33.454 28332 28353 W mple.cse110lab: Accessing hidden method Landroid/hardware/input/InputManager;->getInstance()Landroid/hardware/input/InputManager; (unsupported, reflection, allowed)
05-31 23:22:33.454 28332 28353 W mple.cse110lab: Accessing hidden method Landroid/hardware/input/InputManager;->injectInputEvent(Landroid/view/InputEvent;I)Z (unsupported, reflection, allowed)
05-31 23:22:33.454 28332 28353 W mple.cse110lab: Accessing hidden field Landroid/hardware/input/InputManager;->INJECT_INPUT_EVENT_MODE_WAIT_FOR_FINISH:I (unsupported, reflection, allowed)
05-31 23:22:33.460   384   425 D goldfish-address-space: claimShared: Ask to claim region [0x3f0603000 0x3f0f23000]
05-31 23:22:33.475  7638  7669 I FontLog : Received query Noto Color Emoji Compat, URI content://com.google.android.gms.fonts [CONTEXT service_id=132 ]
05-31 23:22:33.476  7638  7669 I FontLog : Query [emojicompat-emoji-font] resolved to {Noto Color Emoji Compat, wdth 100.0, wght 400, ital 0.0, bestEffort false} [CONTEXT service_id=132 ]
05-31 23:22:33.479  7638  7669 I FontLog : Fetch {Noto Color Emoji Compat, wdth 100.0, wght 400, ital 0.0, bestEffort false} end status Status{statusCode=SUCCESS, resolution=null} [CONTEXT service_id=132 ]
05-31 23:22:33.485 28332 28353 W mple.cse110lab: Accessing hidden method Landroid/view/ViewConfiguration;->getDoubleTapMinTime()I (unsupported, reflection, allowed)
05-31 23:22:33.488 28332 28353 W FileTestStorage: Test input args is not supported.
05-31 23:22:33.489  7638  7669 I FontLog : Pulling font file for id = 91, cache size = 6 [CONTEXT service_id=132 ]
05-31 23:22:33.494  7638  7669 I FontLog : Pulling font file for id = 91, cache size = 6 [CONTEXT service_id=132 ]
05-31 23:22:33.496 28332 28332 W mple.cse110lab: Accessing hidden method Landroid/os/MessageQueue;->next()Landroid/os/Message; (unsupported, reflection, allowed)
05-31 23:22:33.496 28332 28332 W mple.cse110lab: Accessing hidden field Landroid/os/MessageQueue;->mMessages:Landroid/os/Message; (unsupported, reflection, allowed)
05-31 23:22:33.496 28332 28332 W mple.cse110lab: Accessing hidden method Landroid/os/Message;->recycleUnchecked()V (unsupported, reflection, allowed)
05-31 23:22:33.501 28332 28332 W mple.cse110lab: Accessing hidden method Landroid/view/WindowManagerGlobal;->getInstance()Landroid/view/WindowManagerGlobal; (unsupported, reflection, allowed)
05-31 23:22:33.501 28332 28332 W mple.cse110lab: Accessing hidden field Landroid/view/WindowManagerGlobal;->mViews:Ljava/util/ArrayList; (unsupported, reflection, allowed)
05-31 23:22:33.501 28332 28332 W mple.cse110lab: Accessing hidden field Landroid/view/WindowManagerGlobal;->mParams:Ljava/util/ArrayList; (unsupported, reflection, allowed)
05-31 23:22:33.509 28332 28332 I ViewInteraction: Performing 'single click' action on view (view.getClass().getName() matches: is "androidx.appcompat.widget.AppCompatImageView" and view.getContentDescription() is "Search" and Child at position 1 in parent (view.getClass().getName() matches: is "android.widget.LinearLayout" and Child at position 0 in parent view.getId() is <2131231096/com.example.cse110lab5:id/search_text>) and (view has effective visibility <VISIBLE> and view.getGlobalVisibleRect() to return non-empty rectangle))
05-31 23:22:33.518   384   425 D goldfish-address-space: claimShared: Ask to claim region [0x3f4965000 0x3f5285000]
05-31 23:22:33.524  7921  7921 I GoogleInputMethodService: GoogleInputMethodService.onFinishInputView():2291
05-31 23:22:33.524  7921  7921 W TooltipLifecycleManager: TooltipLifecycleManager.dismissTooltips():157 Tooltip with id spell_check_add_to_dictionary not found in tooltipManager.
05-31 23:22:33.525  7921  7921 I InputBundle: InputBundle.consumeEvent():920 Skip consuming an event as keyboard status is 0
05-31 23:22:33.526  7921  7921 I KeyboardWrapper: KeyboardWrapper.consumeEvent():284 Skip consuming an event as current keyboard is deactivated (state=0, keyboard existence=true)
05-31 23:22:33.526  7921  7921 I VoiceInputManagerWrapper: VoiceInputManagerWrapper.shutdown():77 shutdown()
05-31 23:22:33.526  7921  7921 I DeviceUnlockedTag: DeviceUnlockedTag.notifyDeviceLockStatusChanged():79 Notify device unlocked.
05-31 23:22:33.527  7921  7921 I AndroidIME: AbstractIme.onDeactivate():207 LatinIme.onDeactivate()
05-31 23:22:33.528   384   425 D goldfish-address-space: claimShared: Ask to claim region [0x3f5285000 0x3f5ba5000]
05-31 23:22:33.528  7921  7921 I GoogleInputMethodService: GoogleInputMethodService.onFinishInput():3269
05-31 23:22:33.528  7921  7921 I GoogleInputMethodService: GoogleInputMethodService.onStartInput():1947
05-31 23:22:33.529  7921  7921 I DeviceUnlockedTag: DeviceUnlockedTag.notifyDeviceLockStatusChanged():79 Notify device unlocked.
05-31 23:22:33.529  7921  7921 I GoogleInputMethodService: GoogleInputMethodService.onStartInputView():2057
05-31 23:22:33.530  7921  7921 I DeviceUnlockedTag: DeviceUnlockedTag.notifyDeviceLockStatusChanged():79 Notify device unlocked.
05-31 23:22:33.531  7921  7921 I DeviceUnlockedTag: DeviceUnlockedTag.notifyDeviceLockStatusChanged():79 Notify device unlocked.
05-31 23:22:33.543 28332 28332 D InsetsController: show(ime(), fromIme=true)
05-31 23:22:33.559  9955  9955 D BoundBrokerSvc: onBind: Intent { act=com.google.android.gms.common.BIND_SHARED_PREFS pkg=com.google.android.gms }
05-31 23:22:33.559  9955  9955 D BoundBrokerSvc: Loading bound service for intent: Intent { act=com.google.android.gms.common.BIND_SHARED_PREFS pkg=com.google.android.gms }
05-31 23:22:33.562  9955  9955 D BoundBrokerSvc: onUnbind: Intent { act=com.google.android.gms.common.BIND_SHARED_PREFS pkg=com.google.android.gms }
05-31 23:22:33.565  9955  9955 D BoundBrokerSvc: onBind: Intent { act=com.google.android.gms.common.BIND_SHARED_PREFS pkg=com.google.android.gms }
05-31 23:22:33.565  9955  9955 D BoundBrokerSvc: Loading bound service for intent: Intent { act=com.google.android.gms.common.BIND_SHARED_PREFS pkg=com.google.android.gms }
05-31 23:22:33.571  9955  9955 D BoundBrokerSvc: onUnbind: Intent { act=com.google.android.gms.common.BIND_SHARED_PREFS pkg=com.google.android.gms }
05-31 23:22:33.574  7921  7921 I KeyboardViewUtil: KeyboardViewUtil.getKeyboardHeightRatio():168 systemKeyboardHeightRatio:1.000000; userKeyboardHeightRatio:1.000000.
05-31 23:22:33.575  9955  9955 D BoundBrokerSvc: onBind: Intent { act=com.google.android.gms.common.BIND_SHARED_PREFS pkg=com.google.android.gms }
05-31 23:22:33.576  9955  9955 D BoundBrokerSvc: Loading bound service for intent: Intent { act=com.google.android.gms.common.BIND_SHARED_PREFS pkg=com.google.android.gms }
05-31 23:22:33.577  7921  7921 I DeviceUnlockedTag: DeviceUnlockedTag.notifyDeviceLockStatusChanged():79 Notify device unlocked.
05-31 23:22:33.577  7921  7921 I AndroidIME: AbstractIme.onActivate():86 PasswordIme.onActivate() : EditorInfo = inputType=Text imeActionName=UNSPECIFIED dump=[inputType=0x0 imeOptions=0x0 privateImeOptions=null actionLabel=null actionId=0 initialSelStart=-1 initialSelEnd=-1 initialCapsMode=0x0 hintText=null label=null packageName=com.example.cse110lab5 autofillId=1073741826 fieldId=2131230966 fieldName=null extras=null hintLocales=null contentMimeTypes=null ], IncognitoMode = false, DeviceLocked = false
05-31 23:22:33.579  9955  9955 D BoundBrokerSvc: onUnbind: Intent { act=com.google.android.gms.common.BIND_SHARED_PREFS pkg=com.google.android.gms }
05-31 23:22:33.579   418   462 I BpBinder: onLastStrongRef automatically unlinking death recipients: <uncached descriptor>
05-31 23:22:33.580  7921  7921 I DeviceUnlockedTag: DeviceUnlockedTag.notifyDeviceLockStatusChanged():79 Notify device unlocked.
05-31 23:22:33.580   556  2216 W InputManager-JNI: Input channel object 'f180e3e Splash Screen com.example.cse110lab5 (client)' was disposed without first being removed with the input manager!
05-31 23:22:33.582 28332 28332 D CompatibilityChangeReporter: Compat change id reported: 163400105; UID 10148; state: DISABLED
05-31 23:22:33.582   384   425 D goldfish-address-space: claimShared: Ask to claim region [0x3f3d24000 0x3f3d56000]
05-31 23:22:33.582 28332 28332 D InputMethodManager: showSoftInput() view=android.widget.SearchView$SearchAutoComplete{db4f0a6 VFED..CL. .F....ID 0,0-0,0 #1020464 android:id/search_src_text aid=1073741824} flags=0 reason=SHOW_SOFT_INPUT
05-31 23:22:33.584  7921  7921 I KeyboardViewHelper: KeyboardViewHelper.getView():166 Get view with height ratio:1.000000
05-31 23:22:33.587   373   373 E android.hardware.audio@7.0-impl.ranchu: device/generic/goldfish/audio/stream_out.cpp:updateSourceMetadata:377 failure: Result::NOT_SUPPORTED
05-31 23:22:33.588   384   425 D goldfish-address-space: claimShared: Ask to claim region [0x3f3d56000 0x3f3d88000]
05-31 23:22:33.589   384   425 D goldfish-address-space: claimShared: Ask to claim region [0x3f3d88000 0x3f3dba000]
05-31 23:22:33.590  9955  9955 D BoundBrokerSvc: onBind: Intent { act=com.google.android.gms.common.BIND_SHARED_PREFS pkg=com.google.android.gms }
05-31 23:22:33.590  9955  9955 D BoundBrokerSvc: Loading bound service for intent: Intent { act=com.google.android.gms.common.BIND_SHARED_PREFS pkg=com.google.android.gms }
05-31 23:22:33.592  7921  7921 I KeyboardViewUtil: KeyboardViewUtil.calculateMaxKeyboardBodyHeight():53 leave 344 height for app when screen height:2148, header height:121 and isFullscreenMode:false, so the max keyboard body height is:1683
05-31 23:22:33.593   418   462 I BpBinder: onLastStrongRef automatically unlinking death recipients: <uncached descriptor>
05-31 23:22:33.593  7921  7921 I DeviceUnlockedTag: DeviceUnlockedTag.notifyDeviceLockStatusChanged():79 Notify device unlocked.
05-31 23:22:33.594  7921  7921 I DeviceUnlockedTag: DeviceUnlockedTag.notifyDeviceLockStatusChanged():79 Notify device unlocked.
05-31 23:22:33.594  7921  7921 I DeviceUnlockedTag: DeviceUnlockedTag.notifyDeviceLockStatusChanged():79 Notify device unlocked.
05-31 23:22:33.594  7921  7921 I DeviceUnlockedTag: DeviceUnlockedTag.notifyDeviceLockStatusChanged():79 Notify device unlocked.
05-31 23:22:33.595  7921  7921 I DeviceUnlockedTag: DeviceUnlockedTag.notifyDeviceLockStatusChanged():79 Notify device unlocked.
05-31 23:22:33.595  7921  7921 I KeyboardViewUtil: KeyboardViewUtil.calculateMaxKeyboardBodyHeight():53 leave 344 height for app when screen height:2148, header height:121 and isFullscreenMode:false, so the max keyboard body height is:1683
05-31 23:22:33.596  7921  7921 I NormalModeController: NormalModeController.getKeyboardBodyViewHolderPaddingBottom():111 currentPrimeKeyboardType:SOFT systemPaddingBottom:-1
05-31 23:22:33.596  7921  7921 I NormalModeController: NormalModeController.getKeyboardBodyViewHolderPaddingBottom():111 currentPrimeKeyboardType:SOFT systemPaddingBottom:-1
05-31 23:22:33.598  7921  7921 I DeviceUnlockedTag: DeviceUnlockedTag.notifyDeviceLockStatusChanged():79 Notify device unlocked.
05-31 23:22:33.598  7921  7921 I VoiceImeExtension: VoiceImeExtension.shouldStartVoiceInputAutomatically():364 No private IME option set to start voice input.
05-31 23:22:33.602  9955  9955 D BoundBrokerSvc: onUnbind: Intent { act=com.google.android.gms.common.BIND_SHARED_PREFS pkg=com.google.android.gms }
05-31 23:22:33.603   812  1288 I OpenGLRenderer: Davey! duration=527394ms; Flags=1, FrameTimelineVsyncId=873614, IntendedVsync=24990989963222, Vsync=24990989963222, InputEventId=0, HandleInputStart=24990990573200, AnimationStart=24990990585900, PerformTraversalsStart=24990990711100, DrawStart=24991016820500, FrameDeadline=24991023296554, FrameInterval=24990990565800, FrameStartTime=16666666, SyncQueued=24991016935700, SyncStart=24991029906500, IssueDrawCommandsStart=24991029931200, SwapBuffers=24991030068000, FrameCompleted=25518397888300, DequeueBufferDuration=16700, QueueBufferDuration=478300, GpuCompleted=25518397888300, SwapBuffersCompleted=24991031252600, DisplayPresentTime=0,
05-31 23:22:33.606  7921  7921 I ShortcutsDataManager: ShortcutsDataManager.onContentChanged():70 onContentChanged()
05-31 23:22:33.606  7921  7921 I ContactsDataManager: ContactsDataManager.onContentChanged():155 onContentChanged()
05-31 23:22:33.608  7921  7921 I GoogleInputMethodService: GoogleInputMethodService.onFinishInputView():2291
05-31 23:22:33.608  7921  7921 W TooltipLifecycleManager: TooltipLifecycleManager.dismissTooltips():157 Tooltip with id spell_check_add_to_dictionary not found in tooltipManager.
05-31 23:22:33.609  7921  7921 I AndroidIME: AbstractIme.onDeactivate():207 PasswordIme.onDeactivate()
05-31 23:22:33.609  7921  7921 I GoogleInputMethodService: GoogleInputMethodService.onFinishInput():3269
05-31 23:22:33.610  7921  7921 I GoogleInputMethodService: GoogleInputMethodService.onStartInput():1947
05-31 23:22:33.613  7921  7921 I DeviceUnlockedTag: DeviceUnlockedTag.notifyDeviceLockStatusChanged():79 Notify device unlocked.
05-31 23:22:33.613  7921  7921 I GoogleInputMethodService: GoogleInputMethodService.onStartInputView():2057
05-31 23:22:33.614  7921  7921 I DeviceUnlockedTag: DeviceUnlockedTag.notifyDeviceLockStatusChanged():79 Notify device unlocked.
05-31 23:22:33.615  7921  7921 I DeviceUnlockedTag: DeviceUnlockedTag.notifyDeviceLockStatusChanged():79 Notify device unlocked.
05-31 23:22:33.615  7921  7921 I KeyboardViewUtil: KeyboardViewUtil.getKeyboardHeightRatio():168 systemKeyboardHeightRatio:1.000000; userKeyboardHeightRatio:1.000000.
05-31 23:22:33.616  7921  7921 I DeviceUnlockedTag: DeviceUnlockedTag.notifyDeviceLockStatusChanged():79 Notify device unlocked.
05-31 23:22:33.616  7921  7921 I AndroidIME: AbstractIme.onActivate():86 LatinIme.onActivate() : EditorInfo = inputType=Text imeActionName=SEARCH dump=[inputType=0x90001 imeOptions=0x8000003 privateImeOptions=null actionLabel=null actionId=0 initialSelStart=0 initialSelEnd=0 initialCapsMode=0x0 hintText=    label=null packageName=com.example.cse110lab5 autofillId=1073741824 fieldId=16909412 fieldName=null extras=null hintLocales=null contentMimeTypes=null ], IncognitoMode = false, DeviceLocked = false
05-31 23:22:33.616  7921  7921 I DeviceUnlockedTag: DeviceUnlockedTag.notifyDeviceLockStatusChanged():79 Notify device unlocked.
05-31 23:22:33.617  7921  7921 I DeviceUnlockedTag: DeviceUnlockedTag.notifyDeviceLockStatusChanged():79 Notify device unlocked.
05-31 23:22:33.617  7921  7921 I Delight5Facilitator: Delight5Facilitator.initializeForIme():769 initializeForIme() : Locale = [en_US], layout = qwerty
05-31 23:22:33.617  7921  7921 I Delight5Facilitator: Delight5Facilitator.resetDecoder():925 resetDecoder() : Locale = [en_US]
05-31 23:22:33.617  7921  7921 E UserFeatureCache: UserFeatureCache.getStore():468 Wrong feature id provided PERSONALIZED_FST_MODEL_PARAMS for protobuf lab.
05-31 23:22:33.618  7921  7921 E InputContextLock: InputContextLock.mayLockAndRun():126 Failed to run
05-31 23:22:33.618  7921  7921 E InputContextLock: java.lang.NullPointerException: Attempt to invoke virtual method 'java.lang.Class java.lang.Object.getClass()' on a null object reference
05-31 23:22:33.618  7921  7921 E InputContextLock: 	at com.google.android.libraries.inputmethod.userfeaturecache.UserFeatureCache.c(PG:8)
05-31 23:22:33.618  7921  7921 E InputContextLock: 	at com.google.android.apps.inputmethod.libs.delight5.Delight5Facilitator.K(PG:131)
05-31 23:22:33.618  7921  7921 E InputContextLock: 	at cng.call(Unknown Source:4)
05-31 23:22:33.618  7921  7921 E InputContextLock: 	at con.a(PG:8)
05-31 23:22:33.618  7921  7921 E InputContextLock: 	at com.google.android.apps.inputmethod.libs.delight5.Delight5Facilitator.G(PG:37)
05-31 23:22:33.618  7921  7921 E InputContextLock: 	at com.google.android.apps.inputmethod.libs.latin5.LatinIme.h(PG:17)
05-31 23:22:33.618  7921  7921 E InputContextLock: 	at jlx.g(PG:6)
05-31 23:22:33.618  7921  7921 E InputContextLock: 	at jlx.m(PG:2)
05-31 23:22:33.618  7921  7921 E InputContextLock: 	at dww.u(PG:18)
05-31 23:22:33.618  7921  7921 E InputContextLock: 	at com.android.inputmethod.latin.LatinIME.u(PG:104)
05-31 23:22:33.618  7921  7921 E InputContextLock: 	at dww.onStartInputView(PG:29)
05-31 23:22:33.618  7921  7921 E InputContextLock: 	at android.inputmethodservice.InputMethodService.doStartInput(InputMethodService.java:2443)
05-31 23:22:33.618  7921  7921 E InputContextLock: 	at android.inputmethodservice.InputMethodService$InputMethodImpl.startInput(InputMethodService.java:689)
05-31 23:22:33.618  7921  7921 E InputContextLock: 	at android.inputmethodservice.InputMethodService$InputMethodImpl.dispatchStartInputWithToken(InputMethodService.java:719)
05-31 23:22:33.618  7921  7921 E InputContextLock: 	at android.inputmethodservice.IInputMethodWrapper.executeMessage(IInputMethodWrapper.java:199)
05-31 23:22:33.618  7921  7921 E InputContextLock: 	at com.android.internal.os.HandlerCaller$MyHandler.handleMessage(HandlerCaller.java:44)
05-31 23:22:33.618  7921  7921 E InputContextLock: 	at android.os.Handler.dispatchMessage(Handler.java:106)
05-31 23:22:33.618  7921  7921 E InputContextLock: 	at android.os.Looper.loopOnce(Looper.java:201)
05-31 23:22:33.618  7921  7921 E InputContextLock: 	at android.os.Looper.loop(Looper.java:288)
05-31 23:22:33.618  7921  7921 E InputContextLock: 	at android.app.ActivityThread.main(ActivityThread.java:7842)
05-31 23:22:33.618  7921  7921 E InputContextLock: 	at java.lang.reflect.Method.invoke(Native Method)
05-31 23:22:33.618  7921  7921 E InputContextLock: 	at com.android.internal.os.RuntimeInit$MethodAndArgsCaller.run(RuntimeInit.java:548)
05-31 23:22:33.618  7921  7921 E InputContextLock: 	at com.android.internal.os.ZygoteInit.main(ZygoteInit.java:1003)
05-31 23:22:33.618  7921  7921 I VoiceInputManagerWrapper: VoiceInputManagerWrapper.cancelShutdown():55 cancelShutdown()
05-31 23:22:33.618  7921  7921 I VoiceInputManagerWrapper: VoiceInputManagerWrapper.syncLanguagePacks():67 syncLanguagePacks()
05-31 23:22:33.618  7921  7921 I LatinIme: LatinIme.updateEnableInlineSuggestionsOnDecoderSideFlags():1264 inline flag updated to:false
05-31 23:22:33.619  7921  8642 I SpeechFactory: SpeechRecognitionFactory.maybeScheduleAutoPackDownloadForFallback():184 maybeScheduleAutoPackDownloadForFallback()
05-31 23:22:33.619  7921  8642 I FallbackOnDeviceRecognitionProvider: FallbackOnDeviceRecognitionProvider.maybeScheduleAutoPackDownload():196 maybeScheduleAutoPackDownload() for language tag en-US
05-31 23:22:33.619  7921  7921 W Delight5Decoder: Decoder.setRuntimeParams():372 setRuntimeParams() : Native lib is not ready.
05-31 23:22:33.620  9955  9955 D BoundBrokerSvc: onBind: Intent { act=com.google.android.gms.common.BIND_SHARED_PREFS pkg=com.google.android.gms }
05-31 23:22:33.620  9955  9955 D BoundBrokerSvc: Loading bound service for intent: Intent { act=com.google.android.gms.common.BIND_SHARED_PREFS pkg=com.google.android.gms }
05-31 23:22:33.621  7921  7921 I KeyboardWrapper: KeyboardWrapper.consumeEvent():284 Skip consuming an event as current keyboard is deactivated (state=0, keyboard existence=true)
05-31 23:22:33.621  9955  9955 D BoundBrokerSvc: onUnbind: Intent { act=com.google.android.gms.common.BIND_SHARED_PREFS pkg=com.google.android.gms }
05-31 23:22:33.622  7921  7921 I DeviceUnlockedTag: DeviceUnlockedTag.notifyDeviceLockStatusChanged():79 Notify device unlocked.
05-31 23:22:33.624  7921  7921 I DeviceUnlockedTag: DeviceUnlockedTag.notifyDeviceLockStatusChanged():79 Notify device unlocked.
05-31 23:22:33.624  7921  7921 I DeviceUnlockedTag: DeviceUnlockedTag.notifyDeviceLockStatusChanged():79 Notify device unlocked.
05-31 23:22:33.624  7921  7921 I DeviceUnlockedTag: DeviceUnlockedTag.notifyDeviceLockStatusChanged():79 Notify device unlocked.
05-31 23:22:33.624  7921  7921 I DeviceUnlockedTag: DeviceUnlockedTag.notifyDeviceLockStatusChanged():79 Notify device unlocked.
05-31 23:22:33.625  7921  7921 I DeviceUnlockedTag: DeviceUnlockedTag.notifyDeviceLockStatusChanged():79 Notify device unlocked.
05-31 23:22:33.625  7921  7921 I DeviceUnlockedTag: DeviceUnlockedTag.notifyDeviceLockStatusChanged():79 Notify device unlocked.
05-31 23:22:33.625  7921  7921 I KeyboardViewHelper: KeyboardViewHelper.getView():166 Get view with height ratio:1.000000
05-31 23:22:33.628 28332 28332 D InsetsController: show(ime(), fromIme=true)
05-31 23:22:33.631 28332 28332 I AssistStructure: Flattened final assist data: 2200 bytes, containing 1 windows, 14 views
05-31 23:22:33.635  7921  7921 I KeyboardViewUtil: KeyboardViewUtil.calculateMaxKeyboardBodyHeight():53 leave 344 height for app when screen height:2148, header height:121 and isFullscreenMode:false, so the max keyboard body height is:1683
05-31 23:22:33.638  7921  7921 I DeviceUnlockedTag: DeviceUnlockedTag.notifyDeviceLockStatusChanged():79 Notify device unlocked.
05-31 23:22:33.639  7921  7921 I DeviceUnlockedTag: DeviceUnlockedTag.notifyDeviceLockStatusChanged():79 Notify device unlocked.
05-31 23:22:33.639  7921  7921 I DeviceUnlockedTag: DeviceUnlockedTag.notifyDeviceLockStatusChanged():79 Notify device unlocked.
05-31 23:22:33.640  7921  7921 I DeviceUnlockedTag: DeviceUnlockedTag.notifyDeviceLockStatusChanged():79 Notify device unlocked.
05-31 23:22:33.640  7921  7921 I DeviceModeUtil: DeviceModeUtil.getDeviceMode():96 Get device mode phone by ui mode:1 and smallestScreenWidthDp:392
05-31 23:22:33.641  7921  7921 I DeviceUnlockedTag: DeviceUnlockedTag.notifyDeviceLockStatusChanged():79 Notify device unlocked.
05-31 23:22:33.642  7921  7921 I NormalModeController: NormalModeController.getKeyboardBodyViewHolderPaddingBottom():111 currentPrimeKeyboardType:SOFT systemPaddingBottom:-1
05-31 23:22:33.643  7921  7921 I KeyboardViewUtil: KeyboardViewUtil.calculateMaxKeyboardBodyHeight():53 leave 344 height for app when screen height:2148, header height:121 and isFullscreenMode:false, so the max keyboard body height is:1683
05-31 23:22:33.643  7921  7921 E LatinPrimeKeyboard: LatinPrimeKeyboard.updateCurrentImeLocales():414 consumeEvent: UPDATE_CURRENT_IME_LOCALES, Illegal argument
05-31 23:22:33.644  7921  7921 I NormalModeController: NormalModeController.getKeyboardBodyViewHolderPaddingBottom():111 currentPrimeKeyboardType:SOFT systemPaddingBottom:-1
05-31 23:22:33.644  7921  7921 I NormalModeController: NormalModeController.getKeyboardBodyViewHolderPaddingBottom():111 currentPrimeKeyboardType:SOFT systemPaddingBottom:-1
05-31 23:22:33.646  7921  7921 I DeviceUnlockedTag: DeviceUnlockedTag.notifyDeviceLockStatusChanged():79 Notify device unlocked.
05-31 23:22:33.646  7921  7921 I VoiceImeExtension: VoiceImeExtension.shouldStartVoiceInputAutomatically():364 No private IME option set to start voice input.
05-31 23:22:33.646  7921  7921 I DeviceUnlockedTag: DeviceUnlockedTag.notifyDeviceLockStatusChanged():79 Notify device unlocked.
05-31 23:22:33.647  7921  7921 I DeviceUnlockedTag: DeviceUnlockedTag.notifyDeviceLockStatusChanged():79 Notify device unlocked.
05-31 23:22:33.648  7921  7921 I DeviceUnlockedTag: DeviceUnlockedTag.notifyDeviceLockStatusChanged():79 Notify device unlocked.
05-31 23:22:33.648  7921  7921 I DeviceUnlockedTag: DeviceUnlockedTag.notifyDeviceLockStatusChanged():79 Notify device unlocked.
05-31 23:22:33.649  7921  7921 I DeviceUnlockedTag: DeviceUnlockedTag.notifyDeviceLockStatusChanged():79 Notify device unlocked.
05-31 23:22:33.650  7921  7921 I DeviceUnlockedTag: DeviceUnlockedTag.notifyDeviceLockStatusChanged():79 Notify device unlocked.
05-31 23:22:33.651  7921  7921 I DeviceUnlockedTag: DeviceUnlockedTag.notifyDeviceLockStatusChanged():79 Notify device unlocked.
05-31 23:22:33.651  7921  7921 I DeviceUnlockedTag: DeviceUnlockedTag.notifyDeviceLockStatusChanged():79 Notify device unlocked.
05-31 23:22:33.651  7921  7921 I DeviceUnlockedTag: DeviceUnlockedTag.notifyDeviceLockStatusChanged():79 Notify device unlocked.
05-31 23:22:33.652  7921  7921 I DeviceUnlockedTag: DeviceUnlockedTag.notifyDeviceLockStatusChanged():79 Notify device unlocked.
05-31 23:22:33.652  7921  7921 I DeviceUnlockedTag: DeviceUnlockedTag.notifyDeviceLockStatusChanged():79 Notify device unlocked.
05-31 23:22:33.652  7921  7921 I DeviceUnlockedTag: DeviceUnlockedTag.notifyDeviceLockStatusChanged():79 Notify device unlocked.
05-31 23:22:33.656  9955  9955 D BoundBrokerSvc: onBind: Intent { act=com.google.android.gms.common.BIND_SHARED_PREFS pkg=com.google.android.gms }
05-31 23:22:33.656  9955  9955 D BoundBrokerSvc: Loading bound service for intent: Intent { act=com.google.android.gms.common.BIND_SHARED_PREFS pkg=com.google.android.gms }
05-31 23:22:33.658  9955  9955 D BoundBrokerSvc: onUnbind: Intent { act=com.google.android.gms.common.BIND_SHARED_PREFS pkg=com.google.android.gms }
05-31 23:22:33.661  7921  7921 I NormalModeController: NormalModeController.getKeyboardBodyViewHolderPaddingBottom():111 currentPrimeKeyboardType:SOFT systemPaddingBottom:-1
05-31 23:22:33.662  9955  9955 D BoundBrokerSvc: onBind: Intent { act=com.google.android.gms.common.BIND_SHARED_PREFS pkg=com.google.android.gms }
05-31 23:22:33.662  9955  9955 D BoundBrokerSvc: Loading bound service for intent: Intent { act=com.google.android.gms.common.BIND_SHARED_PREFS pkg=com.google.android.gms }
05-31 23:22:33.663  7921  7921 I ShortcutsDataManager: AbstractContentDataManager.startImportContentTask():235 startImportContentTask()
05-31 23:22:33.665  9955  9955 D BoundBrokerSvc: onUnbind: Intent { act=com.google.android.gms.common.BIND_SHARED_PREFS pkg=com.google.android.gms }
05-31 23:22:33.667  7921  8034 I ShortcutsDataManager: AbstractContentDataManager$ImportContentTask.doInBackground():249 doInBackground()
05-31 23:22:33.667  7921  8034 I PersonalDictionaryDataHandler: PersonalDictionaryDataHandler.beginProcess():111 LanguageTags = [en-US]
05-31 23:22:33.667  7921  8034 I DeviceUnlockedTag: DeviceUnlockedTag.notifyDeviceLockStatusChanged():79 Notify device unlocked.
