05-31 23:22:33.675  9955  9955 D BoundBrokerSvc: onBind: Intent { act=com.google.android.gms.common.BIND_SHARED_PREFS pkg=com.google.android.gms }
05-31 23:22:33.675  9955  9955 D BoundBrokerSvc: Loading bound service for intent: Intent { act=com.google.android.gms.common.BIND_SHARED_PREFS pkg=com.google.android.gms }
05-31 23:22:33.677  9955  9955 D BoundBrokerSvc: onUnbind: Intent { act=com.google.android.gms.common.BIND_SHARED_PREFS pkg=com.google.android.gms }
05-31 23:22:33.677  7638  7638 W pfi     : Pending fill request while another request in the same session was triggered. [CONTEXT service_id=177 ]
05-31 23:22:33.699  7921  8034 I ShortcutsDataManager: AbstractContentDataManager.importRecords():339 importRecords() : Success : Count = 0
05-31 23:22:33.700 28332 28332 D InsetsController: show(ime(), fromIme=true)
05-31 23:22:33.700 28332 28332 D InsetsController: show(ime(), fromIme=true)
05-31 23:22:33.701  7921  8034 I ShortcutsDataManager: AbstractContentDataManager.importContentData():289 importContentData() : Ending import process
05-31 23:22:33.703  9955  9955 D BoundBrokerSvc: onBind: Intent { act=com.google.android.mdd.service.START dat=chimera-action:com.google.android.mdd.service.START cmp=com.google.android.gms/.chimera.GmsBoundBrokerService }
05-31 23:22:33.704  9955  9955 D BoundBrokerSvc: Loading bound service for intent: Intent { act=com.google.android.mdd.service.START dat=chimera-action:com.google.android.mdd.service.START cmp=com.google.android.gms/.chimera.GmsBoundBrokerService }
05-31 23:22:33.712  7921  8034 I PersonalLanguageModelUpdater: PersonalLanguageModelUpdater$UpdateOperation.performInternal():160 run() : Added 0 words and 0 shortcuts
05-31 23:22:33.712  7921  8034 I DynamicLanguageModelOperation: DynamicLanguageModelOperation.perform():38 perform() : 4 : csf : Completed
05-31 23:22:33.713  7921  7921 I ShortcutsDataManager: AbstractContentDataManager$ImportContentTask.onPostExecute():260 onPostExecute() : Result = [2,0]
05-31 23:22:33.713  7921  7921 I ShortcutsDataManager: ShortcutsDataManager.onImportFinished():80 onImportFinished() : Result = 2 : Count = 0
05-31 23:22:33.719  1390  1390 V InlineSuggestionRenderService: handleDestroySuggestionViews called for 0:1523219825
05-31 23:22:33.723   373   373 E android.hardware.audio@7.0-impl.ranchu: device/generic/goldfish/audio/stream_out.cpp:updateSourceMetadata:377 failure: Result::NOT_SUPPORTED
05-31 23:22:33.823  7921  7921 W SpellCheckerExtension: SpellCheckerExtension.consumeEvent():156 SPELL_CHECK_SUGGESTIONS received with bad key data.
05-31 23:22:33.823  7921  7921 W TooltipLifecycleManager: TooltipLifecycleManager.dismissTooltips():157 Tooltip with id spell_check_add_to_dictionary not found in tooltipManager.
05-31 23:22:33.972 28332 28332 I ViewInteraction: Performing 'replace text(koi)' action on view (view.getClass().getName() matches: is "android.widget.SearchView$SearchAutoComplete" and Child at position 0 in parent (view.getClass().getName() matches: is "android.widget.LinearLayout" and Child at position 1 in parent view.getClass().getName() matches: is "android.widget.LinearLayout") and (view has effective visibility <VISIBLE> and view.getGlobalVisibleRect() to return non-empty rectangle))
05-31 23:22:33.975  7921  7921 I GoogleInputMethodService: GoogleInputMethodService.onStartInput():1947
05-31 23:22:33.975  7921  7921 I DeviceUnlockedTag: DeviceUnlockedTag.notifyDeviceLockStatusChanged():79 Notify device unlocked.
05-31 23:22:33.975  7921  7921 W SessionManager: SessionManager.beginSession():53 Try to begin an already begun session [INPUT_SESSION], end it first
05-31 23:22:33.975  7921  7921 W SessionManager: SessionManager.endSession():96 Child session [INPUT_VIEW_SESSION] is not ended while ending session [{IME_SESSION=1654064553615, INPUT_VIEW_SESSION=1654064553613, INPUT_SESSION=1654064553613, TRAINING_CACHE_SESSION=1654064553617}], ending it now.
05-31 23:22:33.976  7921  7921 W SessionManager: SessionManager.endSession():96 Child session [IME_SESSION] is not ended while ending session [{IME_SESSION=1654064553615, INPUT_VIEW_SESSION=1654064553613, INPUT_SESSION=1654064553613, TRAINING_CACHE_SESSION=1654064553617}], ending it now.
05-31 23:22:33.977  7921  7921 I GoogleInputMethodService: GoogleInputMethodService.onStartInputView():2057
05-31 23:22:33.977  7921  7921 I DeviceUnlockedTag: DeviceUnlockedTag.notifyDeviceLockStatusChanged():79 Notify device unlocked.
05-31 23:22:33.977  7921  7921 I DeviceUnlockedTag: DeviceUnlockedTag.notifyDeviceLockStatusChanged():79 Notify device unlocked.
05-31 23:22:33.985 28332 28332 I ViewInteraction: Performing 'close keyboard' action on view (view.getClass().getName() matches: is "android.widget.SearchView$SearchAutoComplete" and Child at position 0 in parent (view.getClass().getName() matches: is "android.widget.LinearLayout" and Child at position 1 in parent view.getClass().getName() matches: is "android.widget.LinearLayout") and (view has effective visibility <VISIBLE> and view.getGlobalVisibleRect() to return non-empty rectangle))
05-31 23:22:33.986 28332 28332 D IdlingRegistry: Registering idling resources: [androidx.test.espresso.action.CloseKeyboardAction$CloseKeyboardIdlingResult@3c66718]
05-31 23:22:33.990  7921  7921 I KeyboardViewUtil: KeyboardViewUtil.getKeyboardHeightRatio():168 systemKeyboardHeightRatio:1.000000; userKeyboardHeightRatio:1.000000.
05-31 23:22:33.990  7921  7921 W SpellCheckerExtension: SpellCheckerExtension.consumeEvent():156 SPELL_CHECK_SUGGESTIONS received with bad key data.
05-31 23:22:33.990  7921  7921 W TooltipLifecycleManager: TooltipLifecycleManager.dismissTooltips():157 Tooltip with id spell_check_add_to_dictionary not found in tooltipManager.
05-31 23:22:33.991  7921  7921 I KeyboardWrapper: KeyboardWrapper.consumeEvent():284 Skip consuming an event as current keyboard is deactivated (state=0, keyboard existence=true)
05-31 23:22:33.991  7921  7921 I VoiceInputManagerWrapper: VoiceInputManagerWrapper.shutdown():77 shutdown()
05-31 23:22:33.991  7921  7921 I DeviceUnlockedTag: DeviceUnlockedTag.notifyDeviceLockStatusChanged():79 Notify device unlocked.
05-31 23:22:33.992  7921  7921 I AndroidIME: AbstractIme.onDeactivate():207 LatinIme.onDeactivate()
05-31 23:22:33.992  7921  7921 W SessionManager: SessionManager.endSession():88 Try to end a not begun session [IME_SESSION].
05-31 23:22:33.992  7921  7921 I DeviceUnlockedTag: DeviceUnlockedTag.notifyDeviceLockStatusChanged():79 Notify device unlocked.
05-31 23:22:33.992  7921  7921 I AndroidIME: AbstractIme.onActivate():86 LatinIme.onActivate() : EditorInfo = inputType=Text imeActionName=SEARCH dump=[inputType=0x90001 imeOptions=0x8000003 privateImeOptions=null actionLabel=null actionId=0 initialSelStart=0 initialSelEnd=0 initialCapsMode=0x0 hintText=    label=null packageName=com.example.cse110lab5 autofillId=1073741824 fieldId=16909412 fieldName=null extras=null hintLocales=null contentMimeTypes=null ], IncognitoMode = false, DeviceLocked = false
05-31 23:22:33.992  7921  7921 I DeviceUnlockedTag: DeviceUnlockedTag.notifyDeviceLockStatusChanged():79 Notify device unlocked.
05-31 23:22:33.993  7921  7921 I DeviceUnlockedTag: DeviceUnlockedTag.notifyDeviceLockStatusChanged():79 Notify device unlocked.
05-31 23:22:33.993  7921  7921 I Delight5Facilitator: Delight5Facilitator.initializeForIme():769 initializeForIme() : Locale = [en_US], layout = qwerty
05-31 23:22:33.993  7921  7921 I Delight5Facilitator: Delight5Facilitator.resetDecoder():925 resetDecoder() : Locale = [en_US]
05-31 23:22:33.994  7921  7921 E UserFeatureCache: UserFeatureCache.getStore():468 Wrong feature id provided PERSONALIZED_FST_MODEL_PARAMS for protobuf lab.
05-31 23:22:33.994  7921  7921 E InputContextLock: InputContextLock.mayLockAndRun():126 Failed to run
05-31 23:22:33.994  7921  7921 E InputContextLock: java.lang.NullPointerException: Attempt to invoke virtual method 'java.lang.Class java.lang.Object.getClass()' on a null object reference
05-31 23:22:33.994  7921  7921 E InputContextLock: 	at com.google.android.libraries.inputmethod.userfeaturecache.UserFeatureCache.c(PG:8)
05-31 23:22:33.994  7921  7921 E InputContextLock: 	at com.google.android.apps.inputmethod.libs.delight5.Delight5Facilitator.K(PG:131)
05-31 23:22:33.994  7921  7921 E InputContextLock: 	at cng.call(Unknown Source:4)
05-31 23:22:33.994  7921  7921 E InputContextLock: 	at con.a(PG:8)
05-31 23:22:33.994  7921  7921 E InputContextLock: 	at com.google.android.apps.inputmethod.libs.delight5.Delight5Facilitator.G(PG:37)
05-31 23:22:33.994  7921  7921 E InputContextLock: 	at com.google.android.apps.inputmethod.libs.latin5.LatinIme.h(PG:17)
05-31 23:22:33.994  7921  7921 E InputContextLock: 	at jlx.g(PG:6)
05-31 23:22:33.994  7921  7921 E InputContextLock: 	at jlx.m(PG:2)
05-31 23:22:33.994  7921  7921 E InputContextLock: 	at dww.u(PG:18)
05-31 23:22:33.994  7921  7921 E InputContextLock: 	at com.android.inputmethod.latin.LatinIME.u(PG:104)
05-31 23:22:33.994  7921  7921 E InputContextLock: 	at dww.onStartInputView(PG:29)
05-31 23:22:33.994  7921  7921 E InputContextLock: 	at android.inputmethodservice.InputMethodService.doStartInput(InputMethodService.java:2443)
05-31 23:22:33.994  7921  7921 E InputContextLock: 	at android.inputmethodservice.InputMethodService$InputMethodImpl.restartInput(InputMethodService.java:701)
05-31 23:22:33.994  7921  7921 E InputContextLock: 	at android.inputmethodservice.InputMethodService$InputMethodImpl.dispatchStartInputWithToken(InputMethodService.java:717)
05-31 23:22:33.994  7921  7921 E InputContextLock: 	at android.inputmethodservice.IInputMethodWrapper.executeMessage(IInputMethodWrapper.java:199)
05-31 23:22:33.994  7921  7921 E InputContextLock: 	at com.android.internal.os.HandlerCaller$MyHandler.handleMessage(HandlerCaller.java:44)
05-31 23:22:33.994  7921  7921 E InputContextLock: 	at android.os.Handler.dispatchMessage(Handler.java:106)
05-31 23:22:33.994  7921  7921 E InputContextLock: 	at android.os.Looper.loopOnce(Looper.java:201)
05-31 23:22:33.994  7921  7921 E InputContextLock: 	at android.os.Looper.loop(Looper.java:288)
05-31 23:22:33.994  7921  7921 E InputContextLock: 	at android.app.ActivityThread.main(ActivityThread.java:7842)
05-31 23:22:33.994  7921  7921 E InputContextLock: 	at java.lang.reflect.Method.invoke(Native Method)
05-31 23:22:33.994  7921  7921 E InputContextLock: 	at com.android.internal.os.RuntimeInit$MethodAndArgsCaller.run(RuntimeInit.java:548)
05-31 23:22:33.994  7921  7921 E InputContextLock: 	at com.android.internal.os.ZygoteInit.main(ZygoteInit.java:1003)
05-31 23:22:33.994  7921  7921 I VoiceInputManagerWrapper: VoiceInputManagerWrapper.cancelShutdown():55 cancelShutdown()
05-31 23:22:33.994  7921  7921 I VoiceInputManagerWrapper: VoiceInputManagerWrapper.syncLanguagePacks():67 syncLanguagePacks()
05-31 23:22:33.994  7921  7921 I LatinIme: LatinIme.updateEnableInlineSuggestionsOnDecoderSideFlags():1264 inline flag updated to:false
05-31 23:22:33.994  7921  8642 I SpeechFactory: SpeechRecognitionFactory.maybeScheduleAutoPackDownloadForFallback():184 maybeScheduleAutoPackDownloadForFallback()
05-31 23:22:33.994  7921  8642 I FallbackOnDeviceRecognitionProvider: FallbackOnDeviceRecognitionProvider.maybeScheduleAutoPackDownload():196 maybeScheduleAutoPackDownload() for language tag en-US
05-31 23:22:33.995  7921  7921 W Delight5Decoder: Decoder.setRuntimeParams():372 setRuntimeParams() : Native lib is not ready.
05-31 23:22:33.995  7921  7921 I KeyboardWrapper: KeyboardWrapper.consumeEvent():284 Skip consuming an event as current keyboard is deactivated (state=0, keyboard existence=true)
05-31 23:22:33.996  7921  7921 I DeviceUnlockedTag: DeviceUnlockedTag.notifyDeviceLockStatusChanged():79 Notify device unlocked.
05-31 23:22:33.997  7921  7921 I DeviceUnlockedTag: DeviceUnlockedTag.notifyDeviceLockStatusChanged():79 Notify device unlocked.
05-31 23:22:33.997  7921  7921 I DeviceUnlockedTag: DeviceUnlockedTag.notifyDeviceLockStatusChanged():79 Notify device unlocked.
05-31 23:22:33.998  7921  7921 I DeviceUnlockedTag: DeviceUnlockedTag.notifyDeviceLockStatusChanged():79 Notify device unlocked.
05-31 23:22:34.000  7921  7921 I DeviceUnlockedTag: DeviceUnlockedTag.notifyDeviceLockStatusChanged():79 Notify device unlocked.
05-31 23:22:34.000  7921  7921 I DeviceUnlockedTag: DeviceUnlockedTag.notifyDeviceLockStatusChanged():79 Notify device unlocked.
05-31 23:22:34.001  7921  7921 I DeviceUnlockedTag: DeviceUnlockedTag.notifyDeviceLockStatusChanged():79 Notify device unlocked.
05-31 23:22:34.003  7921  7921 I KeyboardViewUtil: KeyboardViewUtil.calculateMaxKeyboardBodyHeight():53 leave 344 height for app when screen height:2148, header height:121 and isFullscreenMode:false, so the max keyboard body height is:1683
05-31 23:22:34.003  7921  7921 I DeviceUnlockedTag: DeviceUnlockedTag.notifyDeviceLockStatusChanged():79 Notify device unlocked.
05-31 23:22:34.003  7921  7921 I DeviceUnlockedTag: DeviceUnlockedTag.notifyDeviceLockStatusChanged():79 Notify device unlocked.
05-31 23:22:34.004  7921  7921 I DeviceUnlockedTag: DeviceUnlockedTag.notifyDeviceLockStatusChanged():79 Notify device unlocked.
05-31 23:22:34.004  7921  7921 I DeviceUnlockedTag: DeviceUnlockedTag.notifyDeviceLockStatusChanged():79 Notify device unlocked.
05-31 23:22:34.005  7921  7921 I DeviceModeUtil: DeviceModeUtil.getDeviceMode():96 Get device mode phone by ui mode:1 and smallestScreenWidthDp:392
05-31 23:22:34.005  7921  7921 I DeviceUnlockedTag: DeviceUnlockedTag.notifyDeviceLockStatusChanged():79 Notify device unlocked.
05-31 23:22:34.005  7921  7921 I NormalModeController: NormalModeController.getKeyboardBodyViewHolderPaddingBottom():111 currentPrimeKeyboardType:SOFT systemPaddingBottom:-1
05-31 23:22:34.006  7921  7921 I KeyboardViewUtil: KeyboardViewUtil.calculateMaxKeyboardBodyHeight():53 leave 344 height for app when screen height:2148, header height:121 and isFullscreenMode:false, so the max keyboard body height is:1683
05-31 23:22:34.006  7921  7921 E LatinPrimeKeyboard: LatinPrimeKeyboard.updateCurrentImeLocales():414 consumeEvent: UPDATE_CURRENT_IME_LOCALES, Illegal argument
05-31 23:22:34.007  7921  7921 I NormalModeController: NormalModeController.getKeyboardBodyViewHolderPaddingBottom():111 currentPrimeKeyboardType:SOFT systemPaddingBottom:-1
05-31 23:22:34.007  7921  7921 I NormalModeController: NormalModeController.getKeyboardBodyViewHolderPaddingBottom():111 currentPrimeKeyboardType:SOFT systemPaddingBottom:-1
05-31 23:22:34.009  7921  7921 I DeviceUnlockedTag: DeviceUnlockedTag.notifyDeviceLockStatusChanged():79 Notify device unlocked.
05-31 23:22:34.009  7921  7921 I VoiceImeExtension: VoiceImeExtension.shouldStartVoiceInputAutomatically():364 No private IME option set to start voice input.
05-31 23:22:34.011 28332 28332 D InsetsController: show(ime(), fromIme=true)
05-31 23:22:34.014  7921  7921 I GoogleInputMethodService: GoogleInputMethodService.onFinishInputView():2291
05-31 23:22:34.014  7921  7921 W TooltipLifecycleManager: TooltipLifecycleManager.dismissTooltips():157 Tooltip with id spell_check_add_to_dictionary not found in tooltipManager.
05-31 23:22:34.014  9955  9955 D BoundBrokerSvc: onBind: Intent { act=com.google.android.gms.common.BIND_SHARED_PREFS pkg=com.google.android.gms }
05-31 23:22:34.014  9955  9955 D BoundBrokerSvc: Loading bound service for intent: Intent { act=com.google.android.gms.common.BIND_SHARED_PREFS pkg=com.google.android.gms }
05-31 23:22:34.020  7921  7921 I InputBundle: InputBundle.consumeEvent():920 Skip consuming an event as keyboard status is 0
05-31 23:22:34.023  7921  7921 I KeyboardWrapper: KeyboardWrapper.consumeEvent():284 Skip consuming an event as current keyboard is deactivated (state=0, keyboard existence=true)
05-31 23:22:34.023  7921  7921 I VoiceInputManagerWrapper: VoiceInputManagerWrapper.shutdown():77 shutdown()
05-31 23:22:34.023  9955  9955 D BoundBrokerSvc: onUnbind: Intent { act=com.google.android.gms.common.BIND_SHARED_PREFS pkg=com.google.android.gms }
05-31 23:22:34.024  7921  7921 I DeviceUnlockedTag: DeviceUnlockedTag.notifyDeviceLockStatusChanged():79 Notify device unlocked.
05-31 23:22:34.024  7921  7921 I AndroidIME: AbstractIme.onDeactivate():207 LatinIme.onDeactivate()
05-31 23:22:34.030  9955  9955 D BoundBrokerSvc: onBind: Intent { act=com.google.android.gms.common.BIND_SHARED_PREFS pkg=com.google.android.gms }
05-31 23:22:34.030  9955  9955 D BoundBrokerSvc: Loading bound service for intent: Intent { act=com.google.android.gms.common.BIND_SHARED_PREFS pkg=com.google.android.gms }
05-31 23:22:34.031  9955  9955 D BoundBrokerSvc: onUnbind: Intent { act=com.google.android.gms.common.BIND_SHARED_PREFS pkg=com.google.android.gms }
05-31 23:22:34.053   812   873 D EGL_emulation: app_time_stats: avg=7.21ms min=0.79ms max=81.86ms count=33
05-31 23:22:34.341 28332 28332 D IdlingRegistry: Unregistering idling resources: [androidx.test.espresso.action.CloseKeyboardAction$CloseKeyboardIdlingResult@3c66718]
05-31 23:22:34.344 28332 28332 I ViewInteraction: Performing 'single click' action on view (view.getId() is <2131231088/com.example.cse110lab5:id/search_btn> and an instance of android.widget.TextView and view.getText() with or without transformation to match: is "Search" and Child at position 2 in parent Child at position 0 in parent view.getId() is <16908290/android:id/content> and (view has effective visibility <VISIBLE> and view.getGlobalVisibleRect() to return non-empty rectangle))
05-31 23:22:34.358 28332 28357 D EGL_emulation: app_time_stats: avg=38.62ms min=1.03ms max=305.65ms count=20
05-31 23:22:34.386   373   373 E android.hardware.audio@7.0-impl.ranchu: device/generic/goldfish/audio/stream_out.cpp:updateSourceMetadata:377 failure: Result::NOT_SUPPORTED
05-31 23:22:34.408   413   528 D AudioFlinger: mixer(0x79e45ad25a60) throttle end: throttle time(5)
05-31 23:22:34.519   373   373 E android.hardware.audio@7.0-impl.ranchu: device/generic/goldfish/audio/stream_out.cpp:updateSourceMetadata:377 failure: Result::NOT_SUPPORTED
05-31 23:22:34.970 28332 28332 I ViewInteraction: Performing 'load adapter data' action on view (view.getId() is <2131231097/com.example.cse110lab5:id/search_view> and Child at position 3 in parent view.getClass().getName() matches: is "androidx.constraintlayout.widget.ConstraintLayout")
05-31 23:22:34.981  7921  7921 I DeviceUnlockedTag: DeviceUnlockedTag.notifyDeviceLockStatusChanged():79 Notify device unlocked.
05-31 23:22:35.040 28078 28078 V ClearcutMetricXmitter: Transmission is done.
05-31 23:22:35.040 28078 28078 V ClearcutMetricXmitter: Transmission is done.
05-31 23:22:35.069   812   873 D EGL_emulation: app_time_stats: avg=1.10ms min=0.72ms max=4.16ms count=33
05-31 23:22:35.069 28332 28332 I ViewInteraction: Performing 'single click' action on view  displaying data matching: ANYTHING within adapter view matching: (view.getId() is <2131231097/com.example.cse110lab5:id/search_view> and Child at position 3 in parent view.getClass().getName() matches: is "androidx.constraintlayout.widget.ConstraintLayout")
05-31 23:22:35.205   373   373 E android.hardware.audio@7.0-impl.ranchu: device/generic/goldfish/audio/stream_out.cpp:updateSourceMetadata:377 failure: Result::NOT_SUPPORTED
05-31 23:22:35.338   373   373 E android.hardware.audio@7.0-impl.ranchu: device/generic/goldfish/audio/stream_out.cpp:updateSourceMetadata:377 failure: Result::NOT_SUPPORTED
05-31 23:22:35.386 28332 28357 D EGL_emulation: app_time_stats: avg=3.07ms min=1.07ms max=17.23ms count=35
05-31 23:22:35.544 28157 28381 W s.messaging:rc: Accessing hidden field Ljava/util/Collections$SynchronizedCollection;->mutex:Ljava/lang/Object; (max-target-o, reflection, denied)
05-31 23:22:35.544 28157 28381 W s.messaging:rc: Accessing hidden method Ljava/util/Collections$SynchronizedSet;-><init>(Ljava/util/Set;Ljava/lang/Object;)V (max-target-o, reflection, denied)
05-31 23:22:35.545 28157 28381 W s.messaging:rc: Accessing hidden method Ljava/util/Collections$SynchronizedCollection;-><init>(Ljava/util/Collection;Ljava/lang/Object;)V (max-target-o, reflection, denied)
05-31 23:22:35.564 28157 28157 V ClearcutMetricXmitter: Transmission is done.
05-31 23:22:35.564 28157 28157 V ClearcutMetricXmitter: Transmission is done.
05-31 23:22:35.570 28332 28332 I ViewInteraction: Performing 'single click' action on view (view.getClass().getName() matches: is "androidx.appcompat.widget.AppCompatImageView" and view.getContentDescription() is "Clear query" and Child at position 1 in parent (view.getClass().getName() matches: is "android.widget.LinearLayout" and Child at position 1 in parent view.getClass().getName() matches: is "android.widget.LinearLayout") and (view has effective visibility <VISIBLE> and view.getGlobalVisibleRect() to return non-empty rectangle))
05-31 23:22:36.101 28332 28332 W MotionEvents: Overslept and turned a tap into a long press
05-31 23:22:36.106  7921  7921 I GoogleInputMethodService: GoogleInputMethodService.onStartInput():1947
05-31 23:22:36.106 28332 28332 D InputMethodManager: showSoftInput() view=android.widget.SearchView$SearchAutoComplete{db4f0a6 VFED..CL. .F....ID 0,18-701,117 #1020464 android:id/search_src_text aid=1073741824} flags=0 reason=SHOW_SOFT_INPUT
05-31 23:22:36.106  7921  7921 I DeviceUnlockedTag: DeviceUnlockedTag.notifyDeviceLockStatusChanged():79 Notify device unlocked.
05-31 23:22:36.106  7921  7921 W SessionManager: SessionManager.beginSession():53 Try to begin an already begun session [INPUT_SESSION], end it first
05-31 23:22:36.107  7921  7921 I GoogleInputMethodService: GoogleInputMethodService.onStartInputView():2057
05-31 23:22:36.108  7921  7921 I DeviceUnlockedTag: DeviceUnlockedTag.notifyDeviceLockStatusChanged():79 Notify device unlocked.
05-31 23:22:36.108  7921  7921 I DeviceUnlockedTag: DeviceUnlockedTag.notifyDeviceLockStatusChanged():79 Notify device unlocked.
05-31 23:22:36.112   373   373 E android.hardware.audio@7.0-impl.ranchu: device/generic/goldfish/audio/stream_out.cpp:updateSourceMetadata:377 failure: Result::NOT_SUPPORTED
05-31 23:22:36.204  7921  7921 I KeyboardViewUtil: KeyboardViewUtil.getKeyboardHeightRatio():168 systemKeyboardHeightRatio:1.000000; userKeyboardHeightRatio:1.000000.
05-31 23:22:36.204  7921  7921 I DeviceUnlockedTag: DeviceUnlockedTag.notifyDeviceLockStatusChanged():79 Notify device unlocked.
05-31 23:22:36.204  7921  7921 I AndroidIME: AbstractIme.onActivate():86 LatinIme.onActivate() : EditorInfo = inputType=Text imeActionName=SEARCH dump=[inputType=0x90001 imeOptions=0x8000003 privateImeOptions=null actionLabel=null actionId=0 initialSelStart=0 initialSelEnd=0 initialCapsMode=0x0 hintText=    label=null packageName=com.example.cse110lab5 autofillId=1073741824 fieldId=16909412 fieldName=null extras=null hintLocales=null contentMimeTypes=null ], IncognitoMode = false, DeviceLocked = false
05-31 23:22:36.205  7921  7921 I DeviceUnlockedTag: DeviceUnlockedTag.notifyDeviceLockStatusChanged():79 Notify device unlocked.
05-31 23:22:36.205  7921  7921 I DeviceUnlockedTag: DeviceUnlockedTag.notifyDeviceLockStatusChanged():79 Notify device unlocked.
05-31 23:22:36.206  7921  7921 I Delight5Facilitator: Delight5Facilitator.initializeForIme():769 initializeForIme() : Locale = [en_US], layout = qwerty
05-31 23:22:36.206  7921  7921 I Delight5Facilitator: Delight5Facilitator.resetDecoder():925 resetDecoder() : Locale = [en_US]
05-31 23:22:36.207  7921  7921 E UserFeatureCache: UserFeatureCache.getStore():468 Wrong feature id provided PERSONALIZED_FST_MODEL_PARAMS for protobuf lab.
05-31 23:22:36.207  7921  7921 E InputContextLock: InputContextLock.mayLockAndRun():126 Failed to run
05-31 23:22:36.207  7921  7921 E InputContextLock: java.lang.NullPointerException: Attempt to invoke virtual method 'java.lang.Class java.lang.Object.getClass()' on a null object reference
05-31 23:22:36.207  7921  7921 E InputContextLock: 	at com.google.android.libraries.inputmethod.userfeaturecache.UserFeatureCache.c(PG:8)
05-31 23:22:36.207  7921  7921 E InputContextLock: 	at com.google.android.apps.inputmethod.libs.delight5.Delight5Facilitator.K(PG:131)
05-31 23:22:36.207  7921  7921 E InputContextLock: 	at cng.call(Unknown Source:4)
05-31 23:22:36.207  7921  7921 E InputContextLock: 	at con.a(PG:8)
05-31 23:22:36.207  7921  7921 E InputContextLock: 	at com.google.android.apps.inputmethod.libs.delight5.Delight5Facilitator.G(PG:37)
05-31 23:22:36.207  7921  7921 E InputContextLock: 	at com.google.android.apps.inputmethod.libs.latin5.LatinIme.h(PG:17)
05-31 23:22:36.207  7921  7921 E InputContextLock: 	at jlx.g(PG:6)
05-31 23:22:36.207  7921  7921 E InputContextLock: 	at jlx.m(PG:2)
05-31 23:22:36.207  7921  7921 E InputContextLock: 	at dww.u(PG:18)
05-31 23:22:36.207  7921  7921 E InputContextLock: 	at com.android.inputmethod.latin.LatinIME.u(PG:104)
05-31 23:22:36.207  7921  7921 E InputContextLock: 	at dww.onStartInputView(PG:29)
05-31 23:22:36.207  7921  7921 E InputContextLock: 	at android.inputmethodservice.InputMethodService.startViews(InputMethodService.java:2291)
05-31 23:22:36.207  7921  7921 E InputContextLock: 	at android.inputmethodservice.InputMethodService.showWindow(InputMethodService.java:2237)
05-31 23:22:36.207  7921  7921 E InputContextLock: 	at android.inputmethodservice.InputMethodService$InputMethodImpl.showSoftInput(InputMethodService.java:808)
05-31 23:22:36.207  7921  7921 E InputContextLock: 	at android.inputmethodservice.InputMethodService$InputMethodImpl.showSoftInputWithToken(InputMethodService.java:782)
05-31 23:22:36.207  7921  7921 E InputContextLock: 	at android.inputmethodservice.IInputMethodWrapper.executeMessage(IInputMethodWrapper.java:225)
05-31 23:22:36.207  7921  7921 E InputContextLock: 	at com.android.internal.os.HandlerCaller$MyHandler.handleMessage(HandlerCaller.java:44)
05-31 23:22:36.207  7921  7921 E InputContextLock: 	at android.os.Handler.dispatchMessage(Handler.java:106)
05-31 23:22:36.207  7921  7921 E InputContextLock: 	at android.os.Looper.loopOnce(Looper.java:201)
05-31 23:22:36.207  7921  7921 E InputContextLock: 	at android.os.Looper.loop(Looper.java:288)
05-31 23:22:36.207  7921  7921 E InputContextLock: 	at android.app.ActivityThread.main(ActivityThread.java:7842)
05-31 23:22:36.207  7921  7921 E InputContextLock: 	at java.lang.reflect.Method.invoke(Native Method)
05-31 23:22:36.207  7921  7921 E InputContextLock: 	at com.android.internal.os.RuntimeInit$MethodAndArgsCaller.run(RuntimeInit.java:548)
05-31 23:22:36.207  7921  7921 E InputContextLock: 	at com.android.internal.os.ZygoteInit.main(ZygoteInit.java:1003)
05-31 23:22:36.207  7921  7921 I VoiceInputManagerWrapper: VoiceInputManagerWrapper.cancelShutdown():55 cancelShutdown()
05-31 23:22:36.207  7921  7921 I VoiceInputManagerWrapper: VoiceInputManagerWrapper.syncLanguagePacks():67 syncLanguagePacks()
05-31 23:22:36.208  7921  7921 I LatinIme: LatinIme.updateEnableInlineSuggestionsOnDecoderSideFlags():1264 inline flag updated to:false
05-31 23:22:36.208  7921  8642 I SpeechFactory: SpeechRecognitionFactory.maybeScheduleAutoPackDownloadForFallback():184 maybeScheduleAutoPackDownloadForFallback()
05-31 23:22:36.208  7921  8642 I FallbackOnDeviceRecognitionProvider: FallbackOnDeviceRecognitionProvider.maybeScheduleAutoPackDownload():196 maybeScheduleAutoPackDownload() for language tag en-US
05-31 23:22:36.208  7921  7921 W Delight5Decoder: Decoder.setRuntimeParams():372 setRuntimeParams() : Native lib is not ready.
05-31 23:22:36.210  7921  7921 I KeyboardWrapper: KeyboardWrapper.consumeEvent():284 Skip consuming an event as current keyboard is deactivated (state=0, keyboard existence=true)
05-31 23:22:36.212  7921  7921 I DeviceUnlockedTag: DeviceUnlockedTag.notifyDeviceLockStatusChanged():79 Notify device unlocked.
05-31 23:22:36.213  7921  7921 I DeviceUnlockedTag: DeviceUnlockedTag.notifyDeviceLockStatusChanged():79 Notify device unlocked.
05-31 23:22:36.213  7921  7921 I DeviceUnlockedTag: DeviceUnlockedTag.notifyDeviceLockStatusChanged():79 Notify device unlocked.
05-31 23:22:36.213  7921  7921 I DeviceUnlockedTag: DeviceUnlockedTag.notifyDeviceLockStatusChanged():79 Notify device unlocked.
05-31 23:22:36.214  7921  7921 I DeviceUnlockedTag: DeviceUnlockedTag.notifyDeviceLockStatusChanged():79 Notify device unlocked.
05-31 23:22:36.214  7921  7921 I DeviceUnlockedTag: DeviceUnlockedTag.notifyDeviceLockStatusChanged():79 Notify device unlocked.
05-31 23:22:36.214  7921  7921 I DeviceUnlockedTag: DeviceUnlockedTag.notifyDeviceLockStatusChanged():79 Notify device unlocked.
05-31 23:22:36.216  7921  7921 I KeyboardViewUtil: KeyboardViewUtil.calculateMaxKeyboardBodyHeight():53 leave 344 height for app when screen height:2148, header height:121 and isFullscreenMode:false, so the max keyboard body height is:1683
05-31 23:22:36.216  7921  7921 I DeviceUnlockedTag: DeviceUnlockedTag.notifyDeviceLockStatusChanged():79 Notify device unlocked.
05-31 23:22:36.217  7921  7921 I DeviceUnlockedTag: DeviceUnlockedTag.notifyDeviceLockStatusChanged():79 Notify device unlocked.
05-31 23:22:36.217  7921  7921 I DeviceUnlockedTag: DeviceUnlockedTag.notifyDeviceLockStatusChanged():79 Notify device unlocked.
05-31 23:22:36.217  7921  7921 I DeviceUnlockedTag: DeviceUnlockedTag.notifyDeviceLockStatusChanged():79 Notify device unlocked.
05-31 23:22:36.217  7921  7921 I DeviceModeUtil: DeviceModeUtil.getDeviceMode():96 Get device mode phone by ui mode:1 and smallestScreenWidthDp:392
05-31 23:22:36.218  7921  7921 I DeviceUnlockedTag: DeviceUnlockedTag.notifyDeviceLockStatusChanged():79 Notify device unlocked.
05-31 23:22:36.219  7921  7921 I NormalModeController: NormalModeController.getKeyboardBodyViewHolderPaddingBottom():111 currentPrimeKeyboardType:SOFT systemPaddingBottom:-1
05-31 23:22:36.219  7921  7921 I KeyboardViewUtil: KeyboardViewUtil.calculateMaxKeyboardBodyHeight():53 leave 344 height for app when screen height:2148, header height:121 and isFullscreenMode:false, so the max keyboard body height is:1683
05-31 23:22:36.220  7921  7921 E LatinPrimeKeyboard: LatinPrimeKeyboard.updateCurrentImeLocales():414 consumeEvent: UPDATE_CURRENT_IME_LOCALES, Illegal argument
05-31 23:22:36.220  7921  7921 I NormalModeController: NormalModeController.getKeyboardBodyViewHolderPaddingBottom():111 currentPrimeKeyboardType:SOFT systemPaddingBottom:-1
05-31 23:22:36.220  7921  7921 I NormalModeController: NormalModeController.getKeyboardBodyViewHolderPaddingBottom():111 currentPrimeKeyboardType:SOFT systemPaddingBottom:-1
05-31 23:22:36.222  7921  7921 I DeviceUnlockedTag: DeviceUnlockedTag.notifyDeviceLockStatusChanged():79 Notify device unlocked.
05-31 23:22:36.222  7921  7921 I VoiceImeExtension: VoiceImeExtension.shouldStartVoiceInputAutomatically():364 No private IME option set to start voice input.
05-31 23:22:36.225  9955  9955 D BoundBrokerSvc: onBind: Intent { act=com.google.android.gms.common.BIND_SHARED_PREFS pkg=com.google.android.gms }
05-31 23:22:36.226  9955  9955 D BoundBrokerSvc: Loading bound service for intent: Intent { act=com.google.android.gms.common.BIND_SHARED_PREFS pkg=com.google.android.gms }
05-31 23:22:36.227  9955  9955 D BoundBrokerSvc: onUnbind: Intent { act=com.google.android.gms.common.BIND_SHARED_PREFS pkg=com.google.android.gms }
05-31 23:22:36.229  7921  8064 D EGL_emulation: app_time_stats: avg=386.51ms min=4.89ms max=2191.72ms count=7
05-31 23:22:36.232  9955  9955 D BoundBrokerSvc: onBind: Intent { act=com.google.android.gms.common.BIND_SHARED_PREFS pkg=com.google.android.gms }
05-31 23:22:36.232  9955  9955 D BoundBrokerSvc: Loading bound service for intent: Intent { act=com.google.android.gms.common.BIND_SHARED_PREFS pkg=com.google.android.gms }
05-31 23:22:36.236  9955  9955 D BoundBrokerSvc: onUnbind: Intent { act=com.google.android.gms.common.BIND_SHARED_PREFS pkg=com.google.android.gms }
05-31 23:22:36.245   373   373 E android.hardware.audio@7.0-impl.ranchu: device/generic/goldfish/audio/stream_out.cpp:updateSourceMetadata:377 failure: Result::NOT_SUPPORTED
05-31 23:22:36.268 28332 28332 D InsetsController: show(ime(), fromIme=true)
05-31 23:22:36.366   812   873 D EGL_emulation: app_time_stats: avg=32.93ms min=0.64ms max=531.24ms count=22
05-31 23:22:36.386 28332 28357 D EGL_emulation: app_time_stats: avg=1.33ms min=1.10ms max=1.83ms count=32
05-31 23:22:36.412  7921  7921 W SpellCheckerExtension: SpellCheckerExtension.consumeEvent():156 SPELL_CHECK_SUGGESTIONS received with bad key data.
05-31 23:22:36.413  7921  7921 W TooltipLifecycleManager: TooltipLifecycleManager.dismissTooltips():157 Tooltip with id spell_check_add_to_dictionary not found in tooltipManager.
05-31 23:22:36.420 28332 28332 I ViewInteraction: Performing 'replace text(crocodile)' action on view (view.getClass().getName() matches: is "android.widget.SearchView$SearchAutoComplete" and Child at position 0 in parent (view.getClass().getName() matches: is "android.widget.LinearLayout" and Child at position 1 in parent view.getClass().getName() matches: is "android.widget.LinearLayout") and (view has effective visibility <VISIBLE> and view.getGlobalVisibleRect() to return non-empty rectangle))
05-31 23:22:36.423  7921  7921 I GoogleInputMethodService: GoogleInputMethodService.onStartInput():1947
05-31 23:22:36.423  7921  7921 I DeviceUnlockedTag: DeviceUnlockedTag.notifyDeviceLockStatusChanged():79 Notify device unlocked.
05-31 23:22:36.424  7921  7921 W SessionManager: SessionManager.beginSession():53 Try to begin an already begun session [INPUT_SESSION], end it first
05-31 23:22:36.424  7921  7921 W SessionManager: SessionManager.endSession():96 Child session [INPUT_VIEW_SESSION] is not ended while ending session [{IME_SESSION=1654064556204, INPUT_VIEW_SESSION=1654064556107, INPUT_SESSION=1654064556106, TRAINING_CACHE_SESSION=1654064556205}], ending it now.
05-31 23:22:36.424  7921  7921 W SessionManager: SessionManager.endSession():96 Child session [IME_SESSION] is not ended while ending session [{IME_SESSION=1654064556204, INPUT_VIEW_SESSION=1654064556107, INPUT_SESSION=1654064556106, TRAINING_CACHE_SESSION=1654064556205}], ending it now.
05-31 23:22:36.425  7921  7921 I GoogleInputMethodService: GoogleInputMethodService.onStartInputView():2057
05-31 23:22:36.425  7921  7921 I DeviceUnlockedTag: DeviceUnlockedTag.notifyDeviceLockStatusChanged():79 Notify device unlocked.
05-31 23:22:36.425  7921  7921 I DeviceUnlockedTag: DeviceUnlockedTag.notifyDeviceLockStatusChanged():79 Notify device unlocked.
05-31 23:22:36.454 28332 28332 I ViewInteraction: Performing 'close keyboard' action on view (view.getClass().getName() matches: is "android.widget.SearchView$SearchAutoComplete" and Child at position 0 in parent (view.getClass().getName() matches: is "android.widget.LinearLayout" and Child at position 1 in parent view.getClass().getName() matches: is "android.widget.LinearLayout") and (view has effective visibility <VISIBLE> and view.getGlobalVisibleRect() to return non-empty rectangle))
05-31 23:22:36.455 28332 28332 D IdlingRegistry: Registering idling resources: [androidx.test.espresso.action.CloseKeyboardAction$CloseKeyboardIdlingResult@651660]
05-31 23:22:36.458  7921  7921 I KeyboardViewUtil: KeyboardViewUtil.getKeyboardHeightRatio():168 systemKeyboardHeightRatio:1.000000; userKeyboardHeightRatio:1.000000.
05-31 23:22:36.458  7921  7921 W SpellCheckerExtension: SpellCheckerExtension.consumeEvent():156 SPELL_CHECK_SUGGESTIONS received with bad key data.
05-31 23:22:36.458  7921  7921 W TooltipLifecycleManager: TooltipLifecycleManager.dismissTooltips():157 Tooltip with id spell_check_add_to_dictionary not found in tooltipManager.
05-31 23:22:36.459  7921  7921 I KeyboardWrapper: KeyboardWrapper.consumeEvent():284 Skip consuming an event as current keyboard is deactivated (state=0, keyboard existence=true)
05-31 23:22:36.459  7921  7921 I VoiceInputManagerWrapper: VoiceInputManagerWrapper.shutdown():77 shutdown()
05-31 23:22:36.459  7921  7921 I DeviceUnlockedTag: DeviceUnlockedTag.notifyDeviceLockStatusChanged():79 Notify device unlocked.
05-31 23:22:36.459  7921  7921 I AndroidIME: AbstractIme.onDeactivate():207 LatinIme.onDeactivate()
05-31 23:22:36.459  7921  7921 W SessionManager: SessionManager.endSession():88 Try to end a not begun session [IME_SESSION].
05-31 23:22:36.460  7921  7921 I DeviceUnlockedTag: DeviceUnlockedTag.notifyDeviceLockStatusChanged():79 Notify device unlocked.
05-31 23:22:36.460  7921  7921 I AndroidIME: AbstractIme.onActivate():86 LatinIme.onActivate() : EditorInfo = inputType=Text imeActionName=SEARCH dump=[inputType=0x90001 imeOptions=0x8000003 privateImeOptions=null actionLabel=null actionId=0 initialSelStart=0 initialSelEnd=0 initialCapsMode=0x0 hintText=    label=null packageName=com.example.cse110lab5 autofillId=1073741824 fieldId=16909412 fieldName=null extras=null hintLocales=null contentMimeTypes=null ], IncognitoMode = false, DeviceLocked = false
05-31 23:22:36.460  7921  7921 I DeviceUnlockedTag: DeviceUnlockedTag.notifyDeviceLockStatusChanged():79 Notify device unlocked.
05-31 23:22:36.461  7921  7921 I DeviceUnlockedTag: DeviceUnlockedTag.notifyDeviceLockStatusChanged():79 Notify device unlocked.
05-31 23:22:36.461  7921  7921 I Delight5Facilitator: Delight5Facilitator.initializeForIme():769 initializeForIme() : Locale = [en_US], layout = qwerty
05-31 23:22:36.461  7921  7921 I Delight5Facilitator: Delight5Facilitator.resetDecoder():925 resetDecoder() : Locale = [en_US]
05-31 23:22:36.461  7921  7921 E UserFeatureCache: UserFeatureCache.getStore():468 Wrong feature id provided PERSONALIZED_FST_MODEL_PARAMS for protobuf lab.
05-31 23:22:36.462  7921  7921 E InputContextLock: InputContextLock.mayLockAndRun():126 Failed to run
05-31 23:22:36.462  7921  7921 E InputContextLock: java.lang.NullPointerException: Attempt to invoke virtual method 'java.lang.Class java.lang.Object.getClass()' on a null object reference
05-31 23:22:36.462  7921  7921 E InputContextLock: 	at com.google.android.libraries.inputmethod.userfeaturecache.UserFeatureCache.c(PG:8)
05-31 23:22:36.462  7921  7921 E InputContextLock: 	at com.google.android.apps.inputmethod.libs.delight5.Delight5Facilitator.K(PG:131)
05-31 23:22:36.462  7921  7921 E InputContextLock: 	at cng.call(Unknown Source:4)
05-31 23:22:36.462  7921  7921 E InputContextLock: 	at con.a(PG:8)
05-31 23:22:36.462  7921  7921 E InputContextLock: 	at com.google.android.apps.inputmethod.libs.delight5.Delight5Facilitator.G(PG:37)
05-31 23:22:36.462  7921  7921 E InputContextLock: 	at com.google.android.apps.inputmethod.libs.latin5.LatinIme.h(PG:17)
05-31 23:22:36.462  7921  7921 E InputContextLock: 	at jlx.g(PG:6)
05-31 23:22:36.462  7921  7921 E InputContextLock: 	at jlx.m(PG:2)
05-31 23:22:36.462  7921  7921 E InputContextLock: 	at dww.u(PG:18)
05-31 23:22:36.462  7921  7921 E InputContextLock: 	at com.android.inputmethod.latin.LatinIME.u(PG:104)
05-31 23:22:36.462  7921  7921 E InputContextLock: 	at dww.onStartInputView(PG:29)
05-31 23:22:36.462  7921  7921 E InputContextLock: 	at android.inputmethodservice.InputMethodService.doStartInput(InputMethodService.java:2443)
05-31 23:22:36.462  7921  7921 E InputContextLock: 	at android.inputmethodservice.InputMethodService$InputMethodImpl.restartInput(InputMethodService.java:701)
05-31 23:22:36.462  7921  7921 E InputContextLock: 	at android.inputmethodservice.InputMethodService$InputMethodImpl.dispatchStartInputWithToken(InputMethodService.java:717)
05-31 23:22:36.462  7921  7921 E InputContextLock: 	at android.inputmethodservice.IInputMethodWrapper.executeMessage(IInputMethodWrapper.java:199)
05-31 23:22:36.462  7921  7921 E InputContextLock: 	at com.android.internal.os.HandlerCaller$MyHandler.handleMessage(HandlerCaller.java:44)
05-31 23:22:36.462  7921  7921 E InputContextLock: 	at android.os.Handler.dispatchMessage(Handler.java:106)
05-31 23:22:36.462  7921  7921 E InputContextLock: 	at android.os.Looper.loopOnce(Looper.java:201)
05-31 23:22:36.462  7921  7921 E InputContextLock: 	at android.os.Looper.loop(Looper.java:288)
05-31 23:22:36.462  7921  7921 E InputContextLock: 	at android.app.ActivityThread.main(ActivityThread.java:7842)
05-31 23:22:36.462  7921  7921 E InputContextLock: 	at java.lang.reflect.Method.invoke(Native Method)
05-31 23:22:36.462  7921  7921 E InputContextLock: 	at com.android.internal.os.RuntimeInit$MethodAndArgsCaller.run(RuntimeInit.java:548)
05-31 23:22:36.462  7921  7921 E InputContextLock: 	at com.android.internal.os.ZygoteInit.main(ZygoteInit.java:1003)
05-31 23:22:36.462  7921  7921 I VoiceInputManagerWrapper: VoiceInputManagerWrapper.cancelShutdown():55 cancelShutdown()
05-31 23:22:36.462  7921  7921 I VoiceInputManagerWrapper: VoiceInputManagerWrapper.syncLanguagePacks():67 syncLanguagePacks()
05-31 23:22:36.462  7921  7921 I LatinIme: LatinIme.updateEnableInlineSuggestionsOnDecoderSideFlags():1264 inline flag updated to:false
05-31 23:22:36.462  7921  8642 I SpeechFactory: SpeechRecognitionFactory.maybeScheduleAutoPackDownloadForFallback():184 maybeScheduleAutoPackDownloadForFallback()
05-31 23:22:36.462  7921  8642 I FallbackOnDeviceRecognitionProvider: FallbackOnDeviceRecognitionProvider.maybeScheduleAutoPackDownload():196 maybeScheduleAutoPackDownload() for language tag en-US
05-31 23:22:36.462  7921  7921 W Delight5Decoder: Decoder.setRuntimeParams():372 setRuntimeParams() : Native lib is not ready.
05-31 23:22:36.463  7921  7921 I KeyboardWrapper: KeyboardWrapper.consumeEvent():284 Skip consuming an event as current keyboard is deactivated (state=0, keyboard existence=true)
05-31 23:22:36.464  7921  7921 I DeviceUnlockedTag: DeviceUnlockedTag.notifyDeviceLockStatusChanged():79 Notify device unlocked.
05-31 23:22:36.465  7921  7921 I DeviceUnlockedTag: DeviceUnlockedTag.notifyDeviceLockStatusChanged():79 Notify device unlocked.
05-31 23:22:36.467  7921  7921 I DeviceUnlockedTag: DeviceUnlockedTag.notifyDeviceLockStatusChanged():79 Notify device unlocked.
05-31 23:22:36.467  7921  7921 I DeviceUnlockedTag: DeviceUnlockedTag.notifyDeviceLockStatusChanged():79 Notify device unlocked.
05-31 23:22:36.468  7921  7921 I DeviceUnlockedTag: DeviceUnlockedTag.notifyDeviceLockStatusChanged():79 Notify device unlocked.
05-31 23:22:36.468  7921  7921 I DeviceUnlockedTag: DeviceUnlockedTag.notifyDeviceLockStatusChanged():79 Notify device unlocked.
05-31 23:22:36.468  7921  7921 I DeviceUnlockedTag: DeviceUnlockedTag.notifyDeviceLockStatusChanged():79 Notify device unlocked.
05-31 23:22:36.469  7921  7921 I KeyboardViewUtil: KeyboardViewUtil.calculateMaxKeyboardBodyHeight():53 leave 344 height for app when screen height:2148, header height:121 and isFullscreenMode:false, so the max keyboard body height is:1683
05-31 23:22:36.469  7921  7921 I DeviceUnlockedTag: DeviceUnlockedTag.notifyDeviceLockStatusChanged():79 Notify device unlocked.
05-31 23:22:36.470  7921  7921 I DeviceUnlockedTag: DeviceUnlockedTag.notifyDeviceLockStatusChanged():79 Notify device unlocked.
05-31 23:22:36.470  7921  7921 I DeviceUnlockedTag: DeviceUnlockedTag.notifyDeviceLockStatusChanged():79 Notify device unlocked.
05-31 23:22:36.471  7921  7921 I DeviceUnlockedTag: DeviceUnlockedTag.notifyDeviceLockStatusChanged():79 Notify device unlocked.
05-31 23:22:36.471  7921  7921 I DeviceModeUtil: DeviceModeUtil.getDeviceMode():96 Get device mode phone by ui mode:1 and smallestScreenWidthDp:392
05-31 23:22:36.471  7921  7921 I DeviceUnlockedTag: DeviceUnlockedTag.notifyDeviceLockStatusChanged():79 Notify device unlocked.
05-31 23:22:36.471  7921  7921 I NormalModeController: NormalModeController.getKeyboardBodyViewHolderPaddingBottom():111 currentPrimeKeyboardType:SOFT systemPaddingBottom:-1
05-31 23:22:36.472  7921  7921 I KeyboardViewUtil: KeyboardViewUtil.calculateMaxKeyboardBodyHeight():53 leave 344 height for app when screen height:2148, header height:121 and isFullscreenMode:false, so the max keyboard body height is:1683
05-31 23:22:36.472  7921  7921 E LatinPrimeKeyboard: LatinPrimeKeyboard.updateCurrentImeLocales():414 consumeEvent: UPDATE_CURRENT_IME_LOCALES, Illegal argument
05-31 23:22:36.472  7921  7921 I NormalModeController: NormalModeController.getKeyboardBodyViewHolderPaddingBottom():111 currentPrimeKeyboardType:SOFT systemPaddingBottom:-1
05-31 23:22:36.472  7921  7921 I NormalModeController: NormalModeController.getKeyboardBodyViewHolderPaddingBottom():111 currentPrimeKeyboardType:SOFT systemPaddingBottom:-1
05-31 23:22:36.474  7921  7921 I DeviceUnlockedTag: DeviceUnlockedTag.notifyDeviceLockStatusChanged():79 Notify device unlocked.
05-31 23:22:36.474  7921  7921 I VoiceImeExtension: VoiceImeExtension.shouldStartVoiceInputAutomatically():364 No private IME option set to start voice input.
05-31 23:22:36.475 28332 28332 D InsetsController: show(ime(), fromIme=true)
05-31 23:22:36.477  7921  7921 I GoogleInputMethodService: GoogleInputMethodService.onFinishInputView():2291
05-31 23:22:36.477  7921  7921 W TooltipLifecycleManager: TooltipLifecycleManager.dismissTooltips():157 Tooltip with id spell_check_add_to_dictionary not found in tooltipManager.
05-31 23:22:36.477  7921  7921 I InputBundle: InputBundle.consumeEvent():920 Skip consuming an event as keyboard status is 0
05-31 23:22:36.478  7921  7921 I KeyboardWrapper: KeyboardWrapper.consumeEvent():284 Skip consuming an event as current keyboard is deactivated (state=0, keyboard existence=true)
05-31 23:22:36.478  7921  7921 I VoiceInputManagerWrapper: VoiceInputManagerWrapper.shutdown():77 shutdown()
05-31 23:22:36.479  9955  9955 D BoundBrokerSvc: onBind: Intent { act=com.google.android.gms.common.BIND_SHARED_PREFS pkg=com.google.android.gms }
05-31 23:22:36.479  7921  7921 I DeviceUnlockedTag: DeviceUnlockedTag.notifyDeviceLockStatusChanged():79 Notify device unlocked.
05-31 23:22:36.479  7921  7921 I AndroidIME: AbstractIme.onDeactivate():207 LatinIme.onDeactivate()
05-31 23:22:36.483  9955  9955 D BoundBrokerSvc: Loading bound service for intent: Intent { act=com.google.android.gms.common.BIND_SHARED_PREFS pkg=com.google.android.gms }
05-31 23:22:36.486  9955  9955 D BoundBrokerSvc: onUnbind: Intent { act=com.google.android.gms.common.BIND_SHARED_PREFS pkg=com.google.android.gms }
05-31 23:22:36.494  9955  9955 D BoundBrokerSvc: onBind: Intent { act=com.google.android.gms.common.BIND_SHARED_PREFS pkg=com.google.android.gms }
05-31 23:22:36.494  9955  9955 D BoundBrokerSvc: Loading bound service for intent: Intent { act=com.google.android.gms.common.BIND_SHARED_PREFS pkg=com.google.android.gms }
05-31 23:22:36.495  9955  9955 D BoundBrokerSvc: onUnbind: Intent { act=com.google.android.gms.common.BIND_SHARED_PREFS pkg=com.google.android.gms }
05-31 23:22:37.018 28332 28332 D IdlingRegistry: Unregistering idling resources: [androidx.test.espresso.action.CloseKeyboardAction$CloseKeyboardIdlingResult@651660]
05-31 23:22:37.021 28332 28332 I ViewInteraction: Performing 'single click' action on view (view.getId() is <2131231088/com.example.cse110lab5:id/search_btn> and an instance of android.widget.TextView and view.getText() with or without transformation to match: is "Search" and Child at position 2 in parent Child at position 0 in parent view.getId() is <16908290/android:id/content> and (view has effective visibility <VISIBLE> and view.getGlobalVisibleRect() to return non-empty rectangle))
05-31 23:22:37.138   373   373 E android.hardware.audio@7.0-impl.ranchu: device/generic/goldfish/audio/stream_out.cpp:updateSourceMetadata:377 failure: Result::NOT_SUPPORTED
05-31 23:22:37.263   373   373 E android.hardware.audio@7.0-impl.ranchu: device/generic/goldfish/audio/stream_out.cpp:updateSourceMetadata:377 failure: Result::NOT_SUPPORTED
05-31 23:22:37.369   812   873 D EGL_emulation: app_time_stats: avg=5.23ms min=0.63ms max=100.79ms count=31
05-31 23:22:37.403 28332 28357 D EGL_emulation: app_time_stats: avg=5.38ms min=1.13ms max=100.12ms count=30
05-31 23:22:37.418 28332 28332 I ViewInteraction: Performing 'load adapter data' action on view (view.getId() is <2131231097/com.example.cse110lab5:id/search_view> and Child at position 3 in parent view.getClass().getName() matches: is "androidx.constraintlayout.widget.ConstraintLayout")
05-31 23:22:37.436 28332 28332 I ViewInteraction: Performing 'single click' action on view  displaying data matching: ANYTHING within adapter view matching: (view.getId() is <2131231097/com.example.cse110lab5:id/search_view> and Child at position 3 in parent view.getClass().getName() matches: is "androidx.constraintlayout.widget.ConstraintLayout")
05-31 23:22:37.464  7921  7921 I DeviceUnlockedTag: DeviceUnlockedTag.notifyDeviceLockStatusChanged():79 Notify device unlocked.
05-31 23:22:37.640   373   373 E android.hardware.audio@7.0-impl.ranchu: device/generic/goldfish/audio/stream_out.cpp:updateSourceMetadata:377 failure: Result::NOT_SUPPORTED
05-31 23:22:37.772   373   373 E android.hardware.audio@7.0-impl.ranchu: device/generic/goldfish/audio/stream_out.cpp:updateSourceMetadata:377 failure: Result::NOT_SUPPORTED
05-31 23:22:37.868 28332 28332 I ViewInteraction: Performing 'single click' action on view (view.getClass().getName() matches: is "androidx.appcompat.widget.AppCompatImageView" and view.getContentDescription() is "Clear query" and Child at position 1 in parent (view.getClass().getName() matches: is "android.widget.LinearLayout" and Child at position 1 in parent view.getClass().getName() matches: is "android.widget.LinearLayout") and (view has effective visibility <VISIBLE> and view.getGlobalVisibleRect() to return non-empty rectangle))
05-31 23:22:38.055  7921  7921 I GoogleInputMethodService: GoogleInputMethodService.onStartInput():1947
05-31 23:22:38.055 28332 28332 D InputMethodManager: showSoftInput() view=android.widget.SearchView$SearchAutoComplete{db4f0a6 VFED..CL. .F....ID 0,18-701,117 #1020464 android:id/search_src_text aid=1073741824} flags=0 reason=SHOW_SOFT_INPUT
